Archive member included because of file (symbol)

c:/renesas/synergy/e2studio_v6.2.0_ssp_v1.4.0/toolchains/gcc_arm/4.9_2015q3/bin/../lib/gcc/arm-none-eabi/4.9.3/../../../../arm-none-eabi/lib/armv7e-m/fpu\libc.a(lib_a-exit.o)
                              c:/renesas/synergy/e2studio_v6.2.0_ssp_v1.4.0/toolchains/gcc_arm/4.9_2015q3/bin/../lib/gcc/arm-none-eabi/4.9.3/../../../../arm-none-eabi/lib/armv7e-m/fpu/rdimon-crt0.o (exit)
c:/renesas/synergy/e2studio_v6.2.0_ssp_v1.4.0/toolchains/gcc_arm/4.9_2015q3/bin/../lib/gcc/arm-none-eabi/4.9.3/../../../../arm-none-eabi/lib/armv7e-m/fpu\libc.a(lib_a-impure.o)
                              c:/renesas/synergy/e2studio_v6.2.0_ssp_v1.4.0/toolchains/gcc_arm/4.9_2015q3/bin/../lib/gcc/arm-none-eabi/4.9.3/../../../../arm-none-eabi/lib/armv7e-m/fpu\libc.a(lib_a-exit.o) (_global_impure_ptr)
c:/renesas/synergy/e2studio_v6.2.0_ssp_v1.4.0/toolchains/gcc_arm/4.9_2015q3/bin/../lib/gcc/arm-none-eabi/4.9.3/../../../../arm-none-eabi/lib/armv7e-m/fpu\libc.a(lib_a-init.o)
                              c:/renesas/synergy/e2studio_v6.2.0_ssp_v1.4.0/toolchains/gcc_arm/4.9_2015q3/bin/../lib/gcc/arm-none-eabi/4.9.3/../../../../arm-none-eabi/lib/armv7e-m/fpu/rdimon-crt0.o (__libc_init_array)
c:/renesas/synergy/e2studio_v6.2.0_ssp_v1.4.0/toolchains/gcc_arm/4.9_2015q3/bin/../lib/gcc/arm-none-eabi/4.9.3/../../../../arm-none-eabi/lib/armv7e-m/fpu\libc.a(lib_a-memset.o)
                              c:/renesas/synergy/e2studio_v6.2.0_ssp_v1.4.0/toolchains/gcc_arm/4.9_2015q3/bin/../lib/gcc/arm-none-eabi/4.9.3/../../../../arm-none-eabi/lib/armv7e-m/fpu/rdimon-crt0.o (memset)
c:/renesas/synergy/e2studio_v6.2.0_ssp_v1.4.0/toolchains/gcc_arm/4.9_2015q3/bin/../lib/gcc/arm-none-eabi/4.9.3/../../../../arm-none-eabi/lib/armv7e-m/fpu\libc.a(lib_a-__call_atexit.o)
                              c:/renesas/synergy/e2studio_v6.2.0_ssp_v1.4.0/toolchains/gcc_arm/4.9_2015q3/bin/../lib/gcc/arm-none-eabi/4.9.3/../../../../arm-none-eabi/lib/armv7e-m/fpu\libc.a(lib_a-exit.o) (__call_exitprocs)
c:/renesas/synergy/e2studio_v6.2.0_ssp_v1.4.0/toolchains/gcc_arm/4.9_2015q3/bin/../lib/gcc/arm-none-eabi/4.9.3/../../../../arm-none-eabi/lib/armv7e-m/fpu\libc.a(lib_a-atexit.o)
                              c:/renesas/synergy/e2studio_v6.2.0_ssp_v1.4.0/toolchains/gcc_arm/4.9_2015q3/bin/../lib/gcc/arm-none-eabi/4.9.3/../../../../arm-none-eabi/lib/armv7e-m/fpu\libc.a(lib_a-__call_atexit.o) (atexit)
c:/renesas/synergy/e2studio_v6.2.0_ssp_v1.4.0/toolchains/gcc_arm/4.9_2015q3/bin/../lib/gcc/arm-none-eabi/4.9.3/../../../../arm-none-eabi/lib/armv7e-m/fpu\libc.a(lib_a-fini.o)
                              c:/renesas/synergy/e2studio_v6.2.0_ssp_v1.4.0/toolchains/gcc_arm/4.9_2015q3/bin/../lib/gcc/arm-none-eabi/4.9.3/../../../../arm-none-eabi/lib/armv7e-m/fpu\libc.a(lib_a-__call_atexit.o) (__libc_fini_array)
c:/renesas/synergy/e2studio_v6.2.0_ssp_v1.4.0/toolchains/gcc_arm/4.9_2015q3/bin/../lib/gcc/arm-none-eabi/4.9.3/../../../../arm-none-eabi/lib/armv7e-m/fpu\libc.a(lib_a-__atexit.o)
                              c:/renesas/synergy/e2studio_v6.2.0_ssp_v1.4.0/toolchains/gcc_arm/4.9_2015q3/bin/../lib/gcc/arm-none-eabi/4.9.3/../../../../arm-none-eabi/lib/armv7e-m/fpu\libc.a(lib_a-atexit.o) (__register_exitproc)
c:/renesas/synergy/e2studio_v6.2.0_ssp_v1.4.0/toolchains/gcc_arm/4.9_2015q3/bin/../lib/gcc/arm-none-eabi/4.9.3/../../../../arm-none-eabi/lib/armv7e-m/fpu\librdimon.a(rdimon-syscalls.o)
                              c:/renesas/synergy/e2studio_v6.2.0_ssp_v1.4.0/toolchains/gcc_arm/4.9_2015q3/bin/../lib/gcc/arm-none-eabi/4.9.3/../../../../arm-none-eabi/lib/armv7e-m/fpu/rdimon-crt0.o (initialise_monitor_handles)
c:/renesas/synergy/e2studio_v6.2.0_ssp_v1.4.0/toolchains/gcc_arm/4.9_2015q3/bin/../lib/gcc/arm-none-eabi/4.9.3/../../../../arm-none-eabi/lib/armv7e-m/fpu\librdimon.a(rdimon-_exit.o)
                              c:/renesas/synergy/e2studio_v6.2.0_ssp_v1.4.0/toolchains/gcc_arm/4.9_2015q3/bin/../lib/gcc/arm-none-eabi/4.9.3/../../../../arm-none-eabi/lib/armv7e-m/fpu\libc.a(lib_a-exit.o) (_exit)
c:/renesas/synergy/e2studio_v6.2.0_ssp_v1.4.0/toolchains/gcc_arm/4.9_2015q3/bin/../lib/gcc/arm-none-eabi/4.9.3/../../../../arm-none-eabi/lib/armv7e-m/fpu\librdimon.a(rdimon-_kill.o)
                              c:/renesas/synergy/e2studio_v6.2.0_ssp_v1.4.0/toolchains/gcc_arm/4.9_2015q3/bin/../lib/gcc/arm-none-eabi/4.9.3/../../../../arm-none-eabi/lib/armv7e-m/fpu\librdimon.a(rdimon-_exit.o) (_kill)
c:/renesas/synergy/e2studio_v6.2.0_ssp_v1.4.0/toolchains/gcc_arm/4.9_2015q3/bin/../lib/gcc/arm-none-eabi/4.9.3/../../../../arm-none-eabi/lib/armv7e-m/fpu\libc.a(lib_a-errno.o)
                              c:/renesas/synergy/e2studio_v6.2.0_ssp_v1.4.0/toolchains/gcc_arm/4.9_2015q3/bin/../lib/gcc/arm-none-eabi/4.9.3/../../../../arm-none-eabi/lib/armv7e-m/fpu\librdimon.a(rdimon-syscalls.o) (__errno)
[...]
Memory Configuration

Name             Origin             Length             Attributes
FLASH            0x00000000         0x00400000         xr
RAM              0x1ffe0000         0x000a0000         xrw
DATA_FLASH       0x40100000         0x00010000         xr
QSPI_FLASH       0x60000000         0x04000000         xr
SDRAM            0x90000000         0x02000000         xrw
*default*        0x00000000         0xffffffff

Linker script and memory map

LOAD c:/renesas/synergy/e2studio_v6.2.0_ssp_v1.4.0/toolchains/gcc_arm/4.9_2015q3/bin/../lib/gcc/arm-none-eabi/4.9.3/armv7e-m/fpu/crti.o
LOAD c:/renesas/synergy/e2studio_v6.2.0_ssp_v1.4.0/toolchains/gcc_arm/4.9_2015q3/bin/../lib/gcc/arm-none-eabi/4.9.3/armv7e-m/fpu/crtbegin.o
LOAD c:/renesas/synergy/e2studio_v6.2.0_ssp_v1.4.0/toolchains/gcc_arm/4.9_2015q3/bin/../lib/gcc/arm-none-eabi/4.9.3/../../../../arm-none-eabi/lib/armv7e-m/fpu/rdimon-crt0.o
START GROUP
LOAD c:/renesas/synergy/e2studio_v6.2.0_ssp_v1.4.0/toolchains/gcc_arm/4.9_2015q3/bin/../lib/gcc/arm-none-eabi/4.9.3/armv7e-m/fpu\libgcc.a
LOAD c:/renesas/synergy/e2studio_v6.2.0_ssp_v1.4.0/toolchains/gcc_arm/4.9_2015q3/bin/../lib/gcc/arm-none-eabi/4.9.3/../../../../arm-none-eabi/lib/armv7e-m/fpu\libc.a
LOAD c:/renesas/synergy/e2studio_v6.2.0_ssp_v1.4.0/toolchains/gcc_arm/4.9_2015q3/bin/../lib/gcc/arm-none-eabi/4.9.3/../../../../arm-none-eabi/lib/armv7e-m/fpu\libm.a
LOAD c:/renesas/synergy/e2studio_v6.2.0_ssp_v1.4.0/toolchains/gcc_arm/4.9_2015q3/bin/../lib/gcc/arm-none-eabi/4.9.3/../../../../arm-none-eabi/lib/armv7e-m/fpu\librdimon.a
END GROUP
START GROUP
LOAD ./synergy/ssp/src/framework/sf_motion/sf_motion.o
LOAD ./synergy/ssp/src/framework/sf_motion/sf_motion_vpg.o
LOAD ./synergy/ssp/src/framework/sf_external_irq/sf_external_irq.o
LOAD ./synergy/ssp/src/driver/r_ioport/r_ioport.o
LOAD ./synergy/ssp/src/driver/r_icu/r_icu.o
LOAD ./synergy/ssp/src/driver/r_fmi/r_fmi.o
LOAD ./synergy/ssp/src/driver/r_encoder_gpt/r_encoder_gpt.o
LOAD ./synergy/ssp/src/driver/r_elc/r_elc.o
LOAD ./synergy/ssp/src/driver/r_cgc/hw/hw_cgc.o
LOAD ./synergy/ssp/src/driver/r_cgc/r_cgc.o
LOAD ./synergy/ssp/src/driver/changed_src_files/r_motor.o
LOAD ./synergy/ssp/src/driver/changed_src_files/r_motor_bldc.o
LOAD ./synergy/ssp/src/bsp/mcu/s7g2/bsp_cache.o
LOAD ./synergy/ssp/src/bsp/mcu/s7g2/bsp_clocks.o
LOAD ./synergy/ssp/src/bsp/mcu/s7g2/bsp_feature.o
LOAD ./synergy/ssp/src/bsp/mcu/s7g2/bsp_fmi_R7FS7G27H3A01CFC.o
LOAD ./synergy/ssp/src/bsp/mcu/s7g2/bsp_group_irq.o
LOAD ./synergy/ssp/src/bsp/mcu/s7g2/bsp_hw_locks.o
LOAD ./synergy/ssp/src/bsp/mcu/s7g2/bsp_module_stop.o
LOAD ./synergy/ssp/src/bsp/mcu/s7g2/bsp_rom_registers.o
LOAD ./synergy/ssp/src/bsp/mcu/all/bsp_common.o
LOAD ./synergy/ssp/src/bsp/mcu/all/bsp_common_leds.o
LOAD ./synergy/ssp/src/bsp/mcu/all/bsp_delay.o
LOAD ./synergy/ssp/src/bsp/mcu/all/bsp_irq.o
LOAD ./synergy/ssp/src/bsp/mcu/all/bsp_locking.o
LOAD ./synergy/ssp/src/bsp/mcu/all/bsp_register_protection.o
LOAD ./synergy/ssp/src/bsp/mcu/all/bsp_sbrk.o
LOAD ./synergy/ssp/src/bsp/cmsis/Device/RENESAS/S7G2/Source/startup_S7G2.o
LOAD ./synergy/ssp/src/bsp/cmsis/Device/RENESAS/S7G2/Source/system_S7G2.o
LOAD ./synergy/board/s7g2_bp/bsp_init.o
LOAD ./synergy/board/s7g2_bp/bsp_leds.o
LOAD ./src/synergy_gen/common_data.o
LOAD ./src/synergy_gen/hal_data.o
LOAD ./src/synergy_gen/main.o
LOAD ./src/synergy_gen/motion_thread.o
LOAD ./src/synergy_gen/pin_data.o
LOAD ./src/synergy_gen/pwm_ctrl_thread.o
LOAD ./src/synergy_gen/uart_thread.o
LOAD ./src/mc/m_interpreter.o
LOAD ./src/motion_thread_entry.o
LOAD ./src/pwm_ctrl_thread_entry.o
LOAD ./src/uart_thread_entry.o
LOAD C:\Users\britton.chesley\e2_studio\workspace\S7G\synergy\ssp\src\framework\el\tx\cm4_gcc\libtx.a
LOAD C:\Users\britton.chesley\e2_studio\workspace\S7G\synergy\ssp\src\bsp\cmsis\DSP_Lib\cm4_gcc\libDSP_Lib.a
END GROUP
START GROUP
LOAD c:/renesas/synergy/e2studio_v6.2.0_ssp_v1.4.0/toolchains/gcc_arm/4.9_2015q3/bin/../lib/gcc/arm-none-eabi/4.9.3/armv7e-m/fpu\libgcc.a
LOAD c:/renesas/synergy/e2studio_v6.2.0_ssp_v1.4.0/toolchains/gcc_arm/4.9_2015q3/bin/../lib/gcc/arm-none-eabi/4.9.3/../../../../arm-none-eabi/lib/armv7e-m/fpu\libg.a
LOAD c:/renesas/synergy/e2studio_v6.2.0_ssp_v1.4.0/toolchains/gcc_arm/4.9_2015q3/bin/../lib/gcc/arm-none-eabi/4.9.3/../../../../arm-none-eabi/lib/armv7e-m/fpu\libc.a
END GROUP
START GROUP
LOAD c:/renesas/synergy/e2studio_v6.2.0_ssp_v1.4.0/toolchains/gcc_arm/4.9_2015q3/bin/../lib/gcc/arm-none-eabi/4.9.3/armv7e-m/fpu\libgcc.a
LOAD c:/renesas/synergy/e2studio_v6.2.0_ssp_v1.4.0/toolchains/gcc_arm/4.9_2015q3/bin/../lib/gcc/arm-none-eabi/4.9.3/../../../../arm-none-eabi/lib/armv7e-m/fpu\libc.a
LOAD c:/renesas/synergy/e2studio_v6.2.0_ssp_v1.4.0/toolchains/gcc_arm/4.9_2015q3/bin/../lib/gcc/arm-none-eabi/4.9.3/../../../../arm-none-eabi/lib/armv7e-m/fpu\librdimon.a
END GROUP
LOAD c:/renesas/synergy/e2studio_v6.2.0_ssp_v1.4.0/toolchains/gcc_arm/4.9_2015q3/bin/../lib/gcc/arm-none-eabi/4.9.3/armv7e-m/fpu/crtend.o
LOAD c:/renesas/synergy/e2studio_v6.2.0_ssp_v1.4.0/toolchains/gcc_arm/4.9_2015q3/bin/../lib/gcc/arm-none-eabi/4.9.3/armv7e-m/fpu/crtn.o
START GROUP
LOAD c:/renesas/synergy/e2studio_v6.2.0_ssp_v1.4.0/toolchains/gcc_arm/4.9_2015q3/bin/../lib/gcc/arm-none-eabi/4.9.3/armv7e-m/fpu\libgcc.a
LOAD c:/renesas/synergy/e2studio_v6.2.0_ssp_v1.4.0/toolchains/gcc_arm/4.9_2015q3/bin/../lib/gcc/arm-none-eabi/4.9.3/../../../../arm-none-eabi/lib/armv7e-m/fpu\libc.a
LOAD c:/renesas/synergy/e2studio_v6.2.0_ssp_v1.4.0/toolchains/gcc_arm/4.9_2015q3/bin/../lib/gcc/arm-none-eabi/4.9.3/../../../../arm-none-eabi/lib/armv7e-m/fpu\libm.a
LOAD c:/renesas/synergy/e2studio_v6.2.0_ssp_v1.4.0/toolchains/gcc_arm/4.9_2015q3/bin/../lib/gcc/arm-none-eabi/4.9.3/../../../../arm-none-eabi/lib/armv7e-m/fpu\libnosys.a
END GROUP

.text           0x00000000     0xc1a4
                0x00000000                __ROM_Start = .
 *(.vectors)
 .vectors       0x00000000       0x40 ./synergy/ssp/src/bsp/cmsis/Device/RENESAS/S7G2/Source/startup_S7G2.o
                0x00000000                __Vectors
 *(SORT(.vector.*))
 .vector.GPT_8_COUNTER_OVERFLOW
                0x00000040        0x4 ./src/synergy_gen/motion_thread.o
                0x00000040                g_vector_GPT_8_COUNTER_OVERFLOW
 .vector.ICU_IRQ7
                0x00000044        0x4 ./src/synergy_gen/pwm_ctrl_thread.o
                0x00000044                g_vector_ICU_IRQ7
                0x00000048                __Vectors_End = .
                0x00000048                __end__ = .
                0x00000400                . = (__ROM_Start + 0x400)
 *fill*         0x00000048      0x3b8 ff
 *(.rom_registers*)
 .rom_registers
                0x00000400       0x3c ./synergy/ssp/src/bsp/mcu/s7g2/bsp_rom_registers.o
                0x00000500                . = (__ROM_Start + 0x500)
 *fill*         0x0000043c       0xc4 ff
                0x00000500                __Vector_Info_Start = .
 *(SORT(.vector_info.*))
 .vector_info.GPT_8_COUNTER_OVERFLOW
                0x00000500        0x8 ./src/synergy_gen/motion_thread.o
                0x00000500                g_vector_info_GPT_8_COUNTER_OVERFLOW
 .vector_info.ICU_IRQ7
                0x00000508        0x8 ./src/synergy_gen/pwm_ctrl_thread.o
                0x00000508                g_vector_info_ICU_IRQ7
                0x00000510                __Vector_Info_End = .
                0x00000510                __Lock_Lookup_Start = .
 *(SORT(.hw_lock_lookup.*))
 .hw_lock_lookup.ADC_0U_0U
                0x00000510        0x4 ./synergy/ssp/src/bsp/mcu/s7g2/bsp_hw_locks.o
                0x00000510                g_lock_lookup_ADC_0U_0U
 .hw_lock_lookup.ADC_0U_1U
                0x00000514        0x4 ./synergy/ssp/src/bsp/mcu/s7g2/bsp_hw_locks.o
                0x00000514                g_lock_lookup_ADC_0U_1U
 .hw_lock_lookup.AGT_0U_0U
                0x00000518        0x4 ./synergy/ssp/src/bsp/mcu/s7g2/bsp_hw_locks.o
                0x00000518                g_lock_lookup_AGT_0U_0U
 .hw_lock_lookup.AGT_0U_1U
                0x0000051c        0x4 ./synergy/ssp/src/bsp/mcu/s7g2/bsp_hw_locks.o
                0x0000051c                g_lock_lookup_AGT_0U_1U
 .hw_lock_lookup.BSC_0U_1U
                0x00000520        0x4 ./synergy/ssp/src/bsp/mcu/s7g2/bsp_hw_locks.o
                0x00000520                g_lock_lookup_BSC_0U_1U
 .hw_lock_lookup.CAC_0U_0U
                0x00000524        0x4 ./synergy/ssp/src/bsp/mcu/s7g2/bsp_hw_locks.o
                0x00000524                g_lock_lookup_CAC_0U_0U
 .hw_lock_lookup.CAN_0U_0U
                0x00000528        0x4 ./synergy/ssp/src/bsp/mcu/s7g2/bsp_hw_locks.o
                0x00000528                g_lock_lookup_CAN_0U_0U
 .hw_lock_lookup.CAN_0U_1U
                0x0000052c        0x4 ./synergy/ssp/src/bsp/mcu/s7g2/bsp_hw_locks.o
                0x0000052c                g_lock_lookup_CAN_0U_1U
 .hw_lock_lookup.COMP_HS_0U_0U
                0x00000530        0x4 ./synergy/ssp/src/bsp/mcu/s7g2/bsp_hw_locks.o
                0x00000530                g_lock_lookup_COMP_HS_0U_0U
 .hw_lock_lookup.COMP_HS_0U_1U
                0x00000534        0x4 ./synergy/ssp/src/bsp/mcu/s7g2/bsp_hw_locks.o
                0x00000534                g_lock_lookup_COMP_HS_0U_1U
 .hw_lock_lookup.COMP_HS_0U_2U
                0x00000538        0x4 ./synergy/ssp/src/bsp/mcu/s7g2/bsp_hw_locks.o
                0x00000538                g_lock_lookup_COMP_HS_0U_2U
 .hw_lock_lookup.COMP_HS_0U_3U
                0x0000053c        0x4 ./synergy/ssp/src/bsp/mcu/s7g2/bsp_hw_locks.o
                0x0000053c                g_lock_lookup_COMP_HS_0U_3U
 .hw_lock_lookup.COMP_HS_0U_4U
                0x00000540        0x4 ./synergy/ssp/src/bsp/mcu/s7g2/bsp_hw_locks.o
                0x00000540                g_lock_lookup_COMP_HS_0U_4U
 .hw_lock_lookup.COMP_HS_0U_5U
                0x00000544        0x4 ./synergy/ssp/src/bsp/mcu/s7g2/bsp_hw_locks.o
                0x00000544                g_lock_lookup_COMP_HS_0U_5U
 .hw_lock_lookup.CRC_0U_0U
                0x00000548        0x4 ./synergy/ssp/src/bsp/mcu/s7g2/bsp_hw_locks.o
                0x00000548                g_lock_lookup_CRC_0U_0U
 .hw_lock_lookup.CTSU_0U_0U
                0x0000054c        0x4 ./synergy/ssp/src/bsp/mcu/s7g2/bsp_hw_locks.o
                0x0000054c                g_lock_lookup_CTSU_0U_0U
 .hw_lock_lookup.DAAD_0U_0U
                0x00000550        0x4 ./synergy/ssp/src/bsp/mcu/s7g2/bsp_hw_locks.o
                0x00000550                g_lock_lookup_DAAD_0U_0U
 .hw_lock_lookup.DAC_0U_0U
                0x00000554        0x4 ./synergy/ssp/src/bsp/mcu/s7g2/bsp_hw_locks.o
                0x00000554                g_lock_lookup_DAC_0U_0U
 .hw_lock_lookup.DAC_0U_1U
                0x00000558        0x4 ./synergy/ssp/src/bsp/mcu/s7g2/bsp_hw_locks.o
                0x00000558                g_lock_lookup_DAC_0U_1U
 .hw_lock_lookup.DMAC_0U_0U
                0x0000055c        0x4 ./synergy/ssp/src/bsp/mcu/s7g2/bsp_hw_locks.o
                0x0000055c                g_lock_lookup_DMAC_0U_0U
 .hw_lock_lookup.DMAC_0U_1U
                0x00000560        0x4 ./synergy/ssp/src/bsp/mcu/s7g2/bsp_hw_locks.o
                0x00000560                g_lock_lookup_DMAC_0U_1U
 .hw_lock_lookup.DMAC_0U_2U
                0x00000564        0x4 ./synergy/ssp/src/bsp/mcu/s7g2/bsp_hw_locks.o
                0x00000564                g_lock_lookup_DMAC_0U_2U
 .hw_lock_lookup.DMAC_0U_3U
                0x00000568        0x4 ./synergy/ssp/src/bsp/mcu/s7g2/bsp_hw_locks.o
                0x00000568                g_lock_lookup_DMAC_0U_3U
 .hw_lock_lookup.DMAC_0U_4U
                0x0000056c        0x4 ./synergy/ssp/src/bsp/mcu/s7g2/bsp_hw_locks.o
                0x0000056c                g_lock_lookup_DMAC_0U_4U
 .hw_lock_lookup.DMAC_0U_5U
                0x00000570        0x4 ./synergy/ssp/src/bsp/mcu/s7g2/bsp_hw_locks.o
                0x00000570                g_lock_lookup_DMAC_0U_5U
 .hw_lock_lookup.DMAC_0U_6U
                0x00000574        0x4 ./synergy/ssp/src/bsp/mcu/s7g2/bsp_hw_locks.o
                0x00000574                g_lock_lookup_DMAC_0U_6U
 .hw_lock_lookup.DMAC_0U_7U
                0x00000578        0x4 ./synergy/ssp/src/bsp/mcu/s7g2/bsp_hw_locks.o
                0x00000578                g_lock_lookup_DMAC_0U_7U
 .hw_lock_lookup.DOC_0U_0U
                0x0000057c        0x4 ./synergy/ssp/src/bsp/mcu/s7g2/bsp_hw_locks.o
                0x0000057c                g_lock_lookup_DOC_0U_0U
 .hw_lock_lookup.DRW_0U_0U
                0x00000580        0x4 ./synergy/ssp/src/bsp/mcu/s7g2/bsp_hw_locks.o
                0x00000580                g_lock_lookup_DRW_0U_0U
 .hw_lock_lookup.DTC_0U_0U
                0x00000584        0x4 ./synergy/ssp/src/bsp/mcu/s7g2/bsp_hw_locks.o
                0x00000584                g_lock_lookup_DTC_0U_0U
 .hw_lock_lookup.ELC_0U_0U
                0x00000588        0x4 ./synergy/ssp/src/bsp/mcu/s7g2/bsp_hw_locks.o
                0x00000588                g_lock_lookup_ELC_0U_0U
 .hw_lock_lookup.EPTPC_0U_0U
                0x0000058c        0x4 ./synergy/ssp/src/bsp/mcu/s7g2/bsp_hw_locks.o
                0x0000058c                g_lock_lookup_EPTPC_0U_0U
 .hw_lock_lookup.ETHER_0U_0U
                0x00000590        0x4 ./synergy/ssp/src/bsp/mcu/s7g2/bsp_hw_locks.o
                0x00000590                g_lock_lookup_ETHER_0U_0U
 .hw_lock_lookup.ETHER_0U_1U
                0x00000594        0x4 ./synergy/ssp/src/bsp/mcu/s7g2/bsp_hw_locks.o
                0x00000594                g_lock_lookup_ETHER_0U_1U
 .hw_lock_lookup.FCU_0U_0U
                0x00000598        0x4 ./synergy/ssp/src/bsp/mcu/s7g2/bsp_hw_locks.o
                0x00000598                g_lock_lookup_FCU_0U_0U
 .hw_lock_lookup.GLCDC_0U_0U
                0x0000059c        0x4 ./synergy/ssp/src/bsp/mcu/s7g2/bsp_hw_locks.o
                0x0000059c                g_lock_lookup_GLCDC_0U_0U
 .hw_lock_lookup.GPT_0U_0U
                0x000005a0        0x4 ./synergy/ssp/src/bsp/mcu/s7g2/bsp_hw_locks.o
                0x000005a0                g_lock_lookup_GPT_0U_0U
 .hw_lock_lookup.GPT_0U_10U
                0x000005a4        0x4 ./synergy/ssp/src/bsp/mcu/s7g2/bsp_hw_locks.o
                0x000005a4                g_lock_lookup_GPT_0U_10U
 .hw_lock_lookup.GPT_0U_11U
                0x000005a8        0x4 ./synergy/ssp/src/bsp/mcu/s7g2/bsp_hw_locks.o
                0x000005a8                g_lock_lookup_GPT_0U_11U
 .hw_lock_lookup.GPT_0U_12U
                0x000005ac        0x4 ./synergy/ssp/src/bsp/mcu/s7g2/bsp_hw_locks.o
                0x000005ac                g_lock_lookup_GPT_0U_12U
 .hw_lock_lookup.GPT_0U_13U
                0x000005b0        0x4 ./synergy/ssp/src/bsp/mcu/s7g2/bsp_hw_locks.o
                0x000005b0                g_lock_lookup_GPT_0U_13U
 .hw_lock_lookup.GPT_0U_1U
                0x000005b4        0x4 ./synergy/ssp/src/bsp/mcu/s7g2/bsp_hw_locks.o
                0x000005b4                g_lock_lookup_GPT_0U_1U
 .hw_lock_lookup.GPT_0U_2U
                0x000005b8        0x4 ./synergy/ssp/src/bsp/mcu/s7g2/bsp_hw_locks.o
                0x000005b8                g_lock_lookup_GPT_0U_2U
 .hw_lock_lookup.GPT_0U_3U
                0x000005bc        0x4 ./synergy/ssp/src/bsp/mcu/s7g2/bsp_hw_locks.o
                0x000005bc                g_lock_lookup_GPT_0U_3U
 .hw_lock_lookup.GPT_0U_4U
                0x000005c0        0x4 ./synergy/ssp/src/bsp/mcu/s7g2/bsp_hw_locks.o
                0x000005c0                g_lock_lookup_GPT_0U_4U
 .hw_lock_lookup.GPT_0U_5U
                0x000005c4        0x4 ./synergy/ssp/src/bsp/mcu/s7g2/bsp_hw_locks.o
                0x000005c4                g_lock_lookup_GPT_0U_5U
 .hw_lock_lookup.GPT_0U_6U
                0x000005c8        0x4 ./synergy/ssp/src/bsp/mcu/s7g2/bsp_hw_locks.o
                0x000005c8                g_lock_lookup_GPT_0U_6U
 .hw_lock_lookup.GPT_0U_7U
                0x000005cc        0x4 ./synergy/ssp/src/bsp/mcu/s7g2/bsp_hw_locks.o
                0x000005cc                g_lock_lookup_GPT_0U_7U
 .hw_lock_lookup.GPT_0U_8U
                0x000005d0        0x4 ./synergy/ssp/src/bsp/mcu/s7g2/bsp_hw_locks.o
                0x000005d0                g_lock_lookup_GPT_0U_8U
 .hw_lock_lookup.GPT_0U_9U
                0x000005d4        0x4 ./synergy/ssp/src/bsp/mcu/s7g2/bsp_hw_locks.o
                0x000005d4                g_lock_lookup_GPT_0U_9U
 .hw_lock_lookup.ICU_0U_0U
                0x000005d8        0x4 ./synergy/ssp/src/bsp/mcu/s7g2/bsp_hw_locks.o
                0x000005d8                g_lock_lookup_ICU_0U_0U
 .hw_lock_lookup.ICU_0U_10U
                0x000005dc        0x4 ./synergy/ssp/src/bsp/mcu/s7g2/bsp_hw_locks.o
                0x000005dc                g_lock_lookup_ICU_0U_10U
 .hw_lock_lookup.ICU_0U_11U
                0x000005e0        0x4 ./synergy/ssp/src/bsp/mcu/s7g2/bsp_hw_locks.o
                0x000005e0                g_lock_lookup_ICU_0U_11U
 .hw_lock_lookup.ICU_0U_12U
                0x000005e4        0x4 ./synergy/ssp/src/bsp/mcu/s7g2/bsp_hw_locks.o
                0x000005e4                g_lock_lookup_ICU_0U_12U
 .hw_lock_lookup.ICU_0U_13U
                0x000005e8        0x4 ./synergy/ssp/src/bsp/mcu/s7g2/bsp_hw_locks.o
                0x000005e8                g_lock_lookup_ICU_0U_13U
 .hw_lock_lookup.ICU_0U_14U
                0x000005ec        0x4 ./synergy/ssp/src/bsp/mcu/s7g2/bsp_hw_locks.o
                0x000005ec                g_lock_lookup_ICU_0U_14U
 .hw_lock_lookup.ICU_0U_15U
                0x000005f0        0x4 ./synergy/ssp/src/bsp/mcu/s7g2/bsp_hw_locks.o
                0x000005f0                g_lock_lookup_ICU_0U_15U
 .hw_lock_lookup.ICU_0U_1U
                0x000005f4        0x4 ./synergy/ssp/src/bsp/mcu/s7g2/bsp_hw_locks.o
                0x000005f4                g_lock_lookup_ICU_0U_1U
 .hw_lock_lookup.ICU_0U_2U
                0x000005f8        0x4 ./synergy/ssp/src/bsp/mcu/s7g2/bsp_hw_locks.o
                0x000005f8                g_lock_lookup_ICU_0U_2U
 .hw_lock_lookup.ICU_0U_3U
                0x000005fc        0x4 ./synergy/ssp/src/bsp/mcu/s7g2/bsp_hw_locks.o
                0x000005fc                g_lock_lookup_ICU_0U_3U
 .hw_lock_lookup.ICU_0U_4U
                0x00000600        0x4 ./synergy/ssp/src/bsp/mcu/s7g2/bsp_hw_locks.o
                0x00000600                g_lock_lookup_ICU_0U_4U
 .hw_lock_lookup.ICU_0U_5U
                0x00000604        0x4 ./synergy/ssp/src/bsp/mcu/s7g2/bsp_hw_locks.o
                0x00000604                g_lock_lookup_ICU_0U_5U
 .hw_lock_lookup.ICU_0U_6U
                0x00000608        0x4 ./synergy/ssp/src/bsp/mcu/s7g2/bsp_hw_locks.o
                0x00000608                g_lock_lookup_ICU_0U_6U
 .hw_lock_lookup.ICU_0U_7U
                0x0000060c        0x4 ./synergy/ssp/src/bsp/mcu/s7g2/bsp_hw_locks.o
                0x0000060c                g_lock_lookup_ICU_0U_7U
 .hw_lock_lookup.ICU_0U_8U
                0x00000610        0x4 ./synergy/ssp/src/bsp/mcu/s7g2/bsp_hw_locks.o
                0x00000610                g_lock_lookup_ICU_0U_8U
 .hw_lock_lookup.ICU_0U_9U
                0x00000614        0x4 ./synergy/ssp/src/bsp/mcu/s7g2/bsp_hw_locks.o
                0x00000614                g_lock_lookup_ICU_0U_9U
 .hw_lock_lookup.IIC_0U_0U
                0x00000618        0x4 ./synergy/ssp/src/bsp/mcu/s7g2/bsp_hw_locks.o
                0x00000618                g_lock_lookup_IIC_0U_0U
 .hw_lock_lookup.IIC_0U_1U
                0x0000061c        0x4 ./synergy/ssp/src/bsp/mcu/s7g2/bsp_hw_locks.o
                0x0000061c                g_lock_lookup_IIC_0U_1U
 .hw_lock_lookup.IIC_0U_2U
                0x00000620        0x4 ./synergy/ssp/src/bsp/mcu/s7g2/bsp_hw_locks.o
                0x00000620                g_lock_lookup_IIC_0U_2U
 .hw_lock_lookup.IRDA_0U_0U
                0x00000624        0x4 ./synergy/ssp/src/bsp/mcu/s7g2/bsp_hw_locks.o
                0x00000624                g_lock_lookup_IRDA_0U_0U
 .hw_lock_lookup.IWDT_0U_0U
                0x00000628        0x4 ./synergy/ssp/src/bsp/mcu/s7g2/bsp_hw_locks.o
                0x00000628                g_lock_lookup_IWDT_0U_0U
 .hw_lock_lookup.JPEG_0U_0U
                0x0000062c        0x4 ./synergy/ssp/src/bsp/mcu/s7g2/bsp_hw_locks.o
                0x0000062c                g_lock_lookup_JPEG_0U_0U
 .hw_lock_lookup.KEY_0U_0U
                0x00000630        0x4 ./synergy/ssp/src/bsp/mcu/s7g2/bsp_hw_locks.o
                0x00000630                g_lock_lookup_KEY_0U_0U
 .hw_lock_lookup.LPM_1U_0U
                0x00000634        0x4 ./synergy/ssp/src/bsp/mcu/s7g2/bsp_hw_locks.o
                0x00000634                g_lock_lookup_LPM_1U_0U
 .hw_lock_lookup.LVD_0U_0U
                0x00000638        0x4 ./synergy/ssp/src/bsp/mcu/s7g2/bsp_hw_locks.o
                0x00000638                g_lock_lookup_LVD_0U_0U
 .hw_lock_lookup.LVD_0U_1U
                0x0000063c        0x4 ./synergy/ssp/src/bsp/mcu/s7g2/bsp_hw_locks.o
                0x0000063c                g_lock_lookup_LVD_0U_1U
 .hw_lock_lookup.MMF_0U_0U
                0x00000640        0x4 ./synergy/ssp/src/bsp/mcu/s7g2/bsp_hw_locks.o
                0x00000640                g_lock_lookup_MMF_0U_0U
 .hw_lock_lookup.MPU_0U_0U
                0x00000644        0x4 ./synergy/ssp/src/bsp/mcu/s7g2/bsp_hw_locks.o
                0x00000644                g_lock_lookup_MPU_0U_0U
 .hw_lock_lookup.OPS_0U_0U
                0x00000648        0x4 ./synergy/ssp/src/bsp/mcu/s7g2/bsp_hw_locks.o
                0x00000648                g_lock_lookup_OPS_0U_0U
 .hw_lock_lookup.PDC_0U_0U
                0x0000064c        0x4 ./synergy/ssp/src/bsp/mcu/s7g2/bsp_hw_locks.o
                0x0000064c                g_lock_lookup_PDC_0U_0U
 .hw_lock_lookup.POEG_0U_0U
                0x00000650        0x4 ./synergy/ssp/src/bsp/mcu/s7g2/bsp_hw_locks.o
                0x00000650                g_lock_lookup_POEG_0U_0U
 .hw_lock_lookup.POEG_0U_1U
                0x00000654        0x4 ./synergy/ssp/src/bsp/mcu/s7g2/bsp_hw_locks.o
                0x00000654                g_lock_lookup_POEG_0U_1U
 .hw_lock_lookup.POEG_0U_2U
                0x00000658        0x4 ./synergy/ssp/src/bsp/mcu/s7g2/bsp_hw_locks.o
                0x00000658                g_lock_lookup_POEG_0U_2U
 .hw_lock_lookup.POEG_0U_3U
                0x0000065c        0x4 ./synergy/ssp/src/bsp/mcu/s7g2/bsp_hw_locks.o
                0x0000065c                g_lock_lookup_POEG_0U_3U
 .hw_lock_lookup.QSPI_0U_0U
                0x00000660        0x4 ./synergy/ssp/src/bsp/mcu/s7g2/bsp_hw_locks.o
                0x00000660                g_lock_lookup_QSPI_0U_0U
 .hw_lock_lookup.RTC_0U_0U
                0x00000664        0x4 ./synergy/ssp/src/bsp/mcu/s7g2/bsp_hw_locks.o
                0x00000664                g_lock_lookup_RTC_0U_0U
 .hw_lock_lookup.SCE_0U_0U
                0x00000668        0x4 ./synergy/ssp/src/bsp/mcu/s7g2/bsp_hw_locks.o
                0x00000668                g_lock_lookup_SCE_0U_0U
 .hw_lock_lookup.SCI_0U_0U
                0x0000066c        0x4 ./synergy/ssp/src/bsp/mcu/s7g2/bsp_hw_locks.o
                0x0000066c                g_lock_lookup_SCI_0U_0U
 .hw_lock_lookup.SCI_0U_1U
                0x00000670        0x4 ./synergy/ssp/src/bsp/mcu/s7g2/bsp_hw_locks.o
                0x00000670                g_lock_lookup_SCI_0U_1U
 .hw_lock_lookup.SCI_0U_2U
                0x00000674        0x4 ./synergy/ssp/src/bsp/mcu/s7g2/bsp_hw_locks.o
                0x00000674                g_lock_lookup_SCI_0U_2U
 .hw_lock_lookup.SCI_0U_3U
                0x00000678        0x4 ./synergy/ssp/src/bsp/mcu/s7g2/bsp_hw_locks.o
                0x00000678                g_lock_lookup_SCI_0U_3U
 .hw_lock_lookup.SCI_0U_4U
                0x0000067c        0x4 ./synergy/ssp/src/bsp/mcu/s7g2/bsp_hw_locks.o
                0x0000067c                g_lock_lookup_SCI_0U_4U
 .hw_lock_lookup.SCI_0U_5U
                0x00000680        0x4 ./synergy/ssp/src/bsp/mcu/s7g2/bsp_hw_locks.o
                0x00000680                g_lock_lookup_SCI_0U_5U
 .hw_lock_lookup.SCI_0U_6U
                0x00000684        0x4 ./synergy/ssp/src/bsp/mcu/s7g2/bsp_hw_locks.o
                0x00000684                g_lock_lookup_SCI_0U_6U
 .hw_lock_lookup.SCI_0U_7U
                0x00000688        0x4 ./synergy/ssp/src/bsp/mcu/s7g2/bsp_hw_locks.o
                0x00000688                g_lock_lookup_SCI_0U_7U
 .hw_lock_lookup.SCI_0U_8U
                0x0000068c        0x4 ./synergy/ssp/src/bsp/mcu/s7g2/bsp_hw_locks.o
                0x0000068c                g_lock_lookup_SCI_0U_8U
 .hw_lock_lookup.SCI_0U_9U
                0x00000690        0x4 ./synergy/ssp/src/bsp/mcu/s7g2/bsp_hw_locks.o
                0x00000690                g_lock_lookup_SCI_0U_9U
 .hw_lock_lookup.SDHIMMC_0U_0U
                0x00000694        0x4 ./synergy/ssp/src/bsp/mcu/s7g2/bsp_hw_locks.o
                0x00000694                g_lock_lookup_SDHIMMC_0U_0U
 .hw_lock_lookup.SDHIMMC_0U_1U
                0x00000698        0x4 ./synergy/ssp/src/bsp/mcu/s7g2/bsp_hw_locks.o
                0x00000698                g_lock_lookup_SDHIMMC_0U_1U
 .hw_lock_lookup.SPI_0U_0U
                0x0000069c        0x4 ./synergy/ssp/src/bsp/mcu/s7g2/bsp_hw_locks.o
                0x0000069c                g_lock_lookup_SPI_0U_0U
 .hw_lock_lookup.SPI_0U_1U
                0x000006a0        0x4 ./synergy/ssp/src/bsp/mcu/s7g2/bsp_hw_locks.o
                0x000006a0                g_lock_lookup_SPI_0U_1U
 .hw_lock_lookup.SRC_0U_0U
                0x000006a4        0x4 ./synergy/ssp/src/bsp/mcu/s7g2/bsp_hw_locks.o
                0x000006a4                g_lock_lookup_SRC_0U_0U
 .hw_lock_lookup.SSI_0U_0U
                0x000006a8        0x4 ./synergy/ssp/src/bsp/mcu/s7g2/bsp_hw_locks.o
                0x000006a8                g_lock_lookup_SSI_0U_0U
 .hw_lock_lookup.SSI_0U_1U
                0x000006ac        0x4 ./synergy/ssp/src/bsp/mcu/s7g2/bsp_hw_locks.o
                0x000006ac                g_lock_lookup_SSI_0U_1U
 .hw_lock_lookup.TSN_0U_0U
                0x000006b0        0x4 ./synergy/ssp/src/bsp/mcu/s7g2/bsp_hw_locks.o
                0x000006b0                g_lock_lookup_TSN_0U_0U
 .hw_lock_lookup.USB_0U_0U
                0x000006b4        0x4 ./synergy/ssp/src/bsp/mcu/s7g2/bsp_hw_locks.o
                0x000006b4                g_lock_lookup_USB_0U_0U
 .hw_lock_lookup.USB_1U_0U
                0x000006b8        0x4 ./synergy/ssp/src/bsp/mcu/s7g2/bsp_hw_locks.o
                0x000006b8                g_lock_lookup_USB_1U_0U
 .hw_lock_lookup.WDT_0U_0U
                0x000006bc        0x4 ./synergy/ssp/src/bsp/mcu/s7g2/bsp_hw_locks.o
                0x000006bc                g_lock_lookup_WDT_0U_0U
                0x000006c0                __Lock_Lookup_End = .
 *(.text*)
 .text          0x000006c0       0x5c c:/renesas/synergy/e2studio_v6.2.0_ssp_v1.4.0/toolchains/gcc_arm/4.9_2015q3/bin/../lib/gcc/arm-none-eabi/4.9.3/armv7e-m/fpu/crtbegin.o
 .text.memset   0x0000071c       0x9c c:/renesas/synergy/e2studio_v6.2.0_ssp_v1.4.0/toolchains/gcc_arm/4.9_2015q3/bin/../lib/gcc/arm-none-eabi/4.9.3/../../../../arm-none-eabi/lib/armv7e-m/fpu\libc.a(lib_a-memset.o)
                0x0000071c                memset
 .text.startup.register_fini
                0x000007b8       0x14 c:/renesas/synergy/e2studio_v6.2.0_ssp_v1.4.0/toolchains/gcc_arm/4.9_2015q3/bin/../lib/gcc/arm-none-eabi/4.9.3/../../../../arm-none-eabi/lib/armv7e-m/fpu\libc.a(lib_a-__call_atexit.o)
 .text.atexit   0x000007cc        0xc c:/renesas/synergy/e2studio_v6.2.0_ssp_v1.4.0/toolchains/gcc_arm/4.9_2015q3/bin/../lib/gcc/arm-none-eabi/4.9.3/../../../../arm-none-eabi/lib/armv7e-m/fpu\libc.a(lib_a-atexit.o)
                0x000007cc                atexit
 .text.__libc_fini_array
                0x000007d8       0x2c c:/renesas/synergy/e2studio_v6.2.0_ssp_v1.4.0/toolchains/gcc_arm/4.9_2015q3/bin/../lib/gcc/arm-none-eabi/4.9.3/../../../../arm-none-eabi/lib/armv7e-m/fpu\libc.a(lib_a-fini.o)
                0x000007d8                __libc_fini_array
 .text.__register_exitproc
                0x00000804       0xa4 c:/renesas/synergy/e2studio_v6.2.0_ssp_v1.4.0/toolchains/gcc_arm/4.9_2015q3/bin/../lib/gcc/arm-none-eabi/4.9.3/../../../../arm-none-eabi/lib/armv7e-m/fpu\libc.a(lib_a-__atexit.o)
                0x00000804                __register_exitproc
 .text.SF_MOTION_Open
                0x000008a8      0x22c ./synergy/ssp/src/framework/sf_motion/sf_motion.o
                0x000008a8                SF_MOTION_Open
 .text.SF_MOTION_Close
                0x00000ad4       0x3c ./synergy/ssp/src/framework/sf_motion/sf_motion.o
                0x00000ad4                SF_MOTION_Close
 .text.SF_MOTION_VersionGet
                0x00000b10       0x2c ./synergy/ssp/src/framework/sf_motion/sf_motion.o
                0x00000b10                SF_MOTION_VersionGet
 .text.SF_MOTION_Start
                0x00000b3c       0x24 ./synergy/ssp/src/framework/sf_motion/sf_motion.o
                0x00000b3c                SF_MOTION_Start
 .text.SF_MOTION_Capture
                0x00000b60       0x50 ./synergy/ssp/src/framework/sf_motion/sf_motion.o
                0x00000b60                SF_MOTION_Capture
 .text.SF_MOTION_Align
                0x00000bb0       0x5c ./synergy/ssp/src/framework/sf_motion/sf_motion.o
                0x00000bb0                SF_MOTION_Align
 .text.SF_MOTION_Stop
                0x00000c0c       0x2c ./synergy/ssp/src/framework/sf_motion/sf_motion.o
                0x00000c0c                SF_MOTION_Stop
 .text.sf_amp_fault
                0x00000c38       0x3c ./synergy/ssp/src/framework/sf_motion/sf_motion.o
 .text.SF_MOTION_Power
                0x00000c74       0xd0 ./synergy/ssp/src/framework/sf_motion/sf_motion.o
                0x00000c74                SF_MOTION_Power
 .text.servo_on
                0x00000d44       0xa0 ./synergy/ssp/src/framework/sf_motion/sf_motion.o
 .text.servo_off
                0x00000de4       0x84 ./synergy/ssp/src/framework/sf_motion/sf_motion.o
 .text.SF_MOTION_Servo
                0x00000e68       0x68 ./synergy/ssp/src/framework/sf_motion/sf_motion.o
                0x00000e68                SF_MOTION_Servo
 .text.sf_vpg   0x00000ed0       0xb4 ./synergy/ssp/src/framework/sf_motion/sf_motion.o
 .text.pid_calc
                0x00000f84      0x148 ./synergy/ssp/src/framework/sf_motion/sf_motion.o
 .text.sf_pos_loop
                0x000010cc      0x13c ./synergy/ssp/src/framework/sf_motion/sf_motion.o
 .text.sf_halls
                0x00001208       0xd8 ./synergy/ssp/src/framework/sf_motion/sf_motion.o
 .text.sf_interlocks
                0x000012e0       0x7c ./synergy/ssp/src/framework/sf_motion/sf_motion.o
 .text.sf_phasing
                0x0000135c      0x294 ./synergy/ssp/src/framework/sf_motion/sf_motion.o
 .text.recorder
                0x000015f0      0x2d4 ./synergy/ssp/src/framework/sf_motion/sf_motion.o
 .text.SF_MOTION_Control
                0x000018c4       0xf4 ./synergy/ssp/src/framework/sf_motion/sf_motion.o
                0x000018c4                SF_MOTION_Control
 .text.update_ctrl
                0x000019b8      0x238 ./synergy/ssp/src/framework/sf_motion/sf_motion.o
 .text.decode_ptr
                0x00001bf0      0x118 ./synergy/ssp/src/framework/sf_motion/sf_motion.o
 .text.SF_MOTION_Logging
                0x00001d08       0x4c ./synergy/ssp/src/framework/sf_motion/sf_motion.o
                0x00001d08                SF_MOTION_Logging
 .text.vpg_trap_start
                0x00001d54       0xe4 ./synergy/ssp/src/framework/sf_motion/sf_motion_vpg.o
                0x00001d54                vpg_trap_start
 .text.vpg_trap_next
                0x00001e38      0x21c ./synergy/ssp/src/framework/sf_motion/sf_motion_vpg.o
                0x00001e38                vpg_trap_next
 .text.ioport_port_address_get
                0x00002054       0x28 ./synergy/ssp/src/driver/r_ioport/r_ioport.o
 .text.ioport_pfs_address_get
                0x0000207c       0x30 ./synergy/ssp/src/driver/r_ioport/r_ioport.o
 .text.HW_IOPORT_EthernetModeCfg
                0x000020ac       0x64 ./synergy/ssp/src/driver/r_ioport/r_ioport.o
 .text.HW_IOPORT_PinWrite
                0x00002110       0x5c ./synergy/ssp/src/driver/r_ioport/r_ioport.o
 .text.HW_IOPORT_PortWriteWithPCNTR3
                0x0000216c       0x40 ./synergy/ssp/src/driver/r_ioport/r_ioport.o
 .text.HW_IOPORT_PortEventInputDataRead
                0x000021ac       0x3c ./synergy/ssp/src/driver/r_ioport/r_ioport.o
 .text.HW_IOPORT_PortEventOutputDataWrite
                0x000021e8       0x44 ./synergy/ssp/src/driver/r_ioport/r_ioport.o
 .text.HW_IOPORT_PinRead
                0x0000222c       0x30 ./synergy/ssp/src/driver/r_ioport/r_ioport.o
 .text.HW_IOPORT_PortRead
                0x0000225c       0x38 ./synergy/ssp/src/driver/r_ioport/r_ioport.o
 .text.HW_IOPORT_PortDirectionRead
                0x00002294       0x34 ./synergy/ssp/src/driver/r_ioport/r_ioport.o
 .text.HW_IOPORT_PinDirectionSet
                0x000022c8       0x5c ./synergy/ssp/src/driver/r_ioport/r_ioport.o
 .text.HW_IOPORT_PortDirectionSet
                0x00002324       0x40 ./synergy/ssp/src/driver/r_ioport/r_ioport.o
 .text.HW_IOPORT_PFSAccessEnable
                0x00002364       0x5c ./synergy/ssp/src/driver/r_ioport/r_ioport.o
 .text.HW_IOPORT_PFSAccessDisable
                0x000023c0       0x68 ./synergy/ssp/src/driver/r_ioport/r_ioport.o
 .text.HW_IOPORT_PFSRead
                0x00002428       0x24 ./synergy/ssp/src/driver/r_ioport/r_ioport.o
 .text.HW_IOPORT_PFSWrite
                0x0000244c       0x64 ./synergy/ssp/src/driver/r_ioport/r_ioport.o
 .text.R_IOPORT_Init
                0x000024b0       0xd0 ./synergy/ssp/src/driver/r_ioport/r_ioport.o
                0x000024b0                R_IOPORT_Init
 .text.R_IOPORT_PinsCfg
                0x00002580       0x78 ./synergy/ssp/src/driver/r_ioport/r_ioport.o
                0x00002580                R_IOPORT_PinsCfg
 .text.R_IOPORT_PinCfg
                0x000025f8       0x68 ./synergy/ssp/src/driver/r_ioport/r_ioport.o
                0x000025f8                R_IOPORT_PinCfg
 .text.R_IOPORT_PinRead
                0x00002660       0x54 ./synergy/ssp/src/driver/r_ioport/r_ioport.o
                0x00002660                R_IOPORT_PinRead
 .text.R_IOPORT_PortRead
                0x000026b4       0x54 ./synergy/ssp/src/driver/r_ioport/r_ioport.o
                0x000026b4                R_IOPORT_PortRead
 .text.R_IOPORT_PortWrite
                0x00002708       0x68 ./synergy/ssp/src/driver/r_ioport/r_ioport.o
                0x00002708                R_IOPORT_PortWrite
 .text.R_IOPORT_PinWrite
                0x00002770       0x54 ./synergy/ssp/src/driver/r_ioport/r_ioport.o
                0x00002770                R_IOPORT_PinWrite
 .text.R_IOPORT_PortDirectionSet
                0x000027c4       0x94 ./synergy/ssp/src/driver/r_ioport/r_ioport.o
                0x000027c4                R_IOPORT_PortDirectionSet
 .text.R_IOPORT_PinDirectionSet
                0x00002858       0x5c ./synergy/ssp/src/driver/r_ioport/r_ioport.o
                0x00002858                R_IOPORT_PinDirectionSet
 .text.R_IOPORT_PortEventInputRead
                0x000028b4       0x54 ./synergy/ssp/src/driver/r_ioport/r_ioport.o
                0x000028b4                R_IOPORT_PortEventInputRead
 .text.R_IOPORT_PinEventInputRead
                0x00002908       0x88 ./synergy/ssp/src/driver/r_ioport/r_ioport.o
                0x00002908                R_IOPORT_PinEventInputRead
 .text.R_IOPORT_PortEventOutputWrite
                0x00002990       0x68 ./synergy/ssp/src/driver/r_ioport/r_ioport.o
                0x00002990                R_IOPORT_PortEventOutputWrite
 .text.R_IOPORT_PinEventOutputWrite
                0x000029f8       0x8c ./synergy/ssp/src/driver/r_ioport/r_ioport.o
                0x000029f8                R_IOPORT_PinEventOutputWrite
 .text.R_IOPORT_VersionGet
                0x00002a84       0x38 ./synergy/ssp/src/driver/r_ioport/r_ioport.o
                0x00002a84                R_IOPORT_VersionGet
 .text.R_IOPORT_EthernetModeCfg
                0x00002abc       0x64 ./synergy/ssp/src/driver/r_ioport/r_ioport.o
                0x00002abc                R_IOPORT_EthernetModeCfg
 .text.r_ioport_pin_exists
                0x00002b20       0x5c ./synergy/ssp/src/driver/r_ioport/r_ioport.o
 .text.r_ioport_port_exists
                0x00002b7c       0x34 ./synergy/ssp/src/driver/r_ioport/r_ioport.o
 .text.bsp_vbatt_init
                0x00002bb0       0xd4 ./synergy/ssp/src/driver/r_ioport/r_ioport.o
 .text.R_SSP_CurrentIrqGet
                0x00002c84       0x34 ./synergy/ssp/src/driver/r_icu/r_icu.o
 .text.R_SSP_VectorInfoGet
                0x00002cb8       0x2c ./synergy/ssp/src/driver/r_icu/r_icu.o
 .text.icu_irq_isr
                0x00002ce4       0x64 ./synergy/ssp/src/driver/r_icu/r_icu.o
                0x00002ce4                icu_irq_isr
 .text.HW_FMI_RecordLocate
                0x00002d48       0x28 ./synergy/ssp/src/driver/r_fmi/r_fmi.o
 .text.HW_FMI_IPLocate
                0x00002d70      0x114 ./synergy/ssp/src/driver/r_fmi/r_fmi.o
 .text.HW_FMI_EventGet
                0x00002e84       0xd4 ./synergy/ssp/src/driver/r_fmi/r_fmi.o
 .text.R_FMI_Init
                0x00002f58       0x80 ./synergy/ssp/src/driver/r_fmi/r_fmi.o
 .text.R_FMI_ProductInfoGet
                0x00002fd8       0x48 ./synergy/ssp/src/driver/r_fmi/r_fmi.o
 .text.R_FMI_UniqueIdGet
                0x00003020       0x70 ./synergy/ssp/src/driver/r_fmi/r_fmi.o
 .text.R_FMI_FeatureGet
                0x00003090       0x98 ./synergy/ssp/src/driver/r_fmi/r_fmi.o
 .text.R_FMI_EventInfoGet
                0x00003128       0x48 ./synergy/ssp/src/driver/r_fmi/r_fmi.o
 .text.R_FMI_VersionGet
                0x00003170       0x2c ./synergy/ssp/src/driver/r_fmi/r_fmi.o
 .text.fmi_part_number_validate
                0x0000319c       0xd4 ./synergy/ssp/src/driver/r_fmi/r_fmi.o
 .text.fmi_on_chip_table_validate
                0x00003270       0x44 ./synergy/ssp/src/driver/r_fmi/r_fmi.o
 .text.fmi_table_validate
                0x000032b4       0x54 ./synergy/ssp/src/driver/r_fmi/r_fmi.o
 .text.fmi_size_lookup
                0x00003308       0xb8 ./synergy/ssp/src/driver/r_fmi/r_fmi.o
 .text.fmi_unit_locate
                0x000033c0       0x84 ./synergy/ssp/src/driver/r_fmi/r_fmi.o
 .text.fmi_multichannel_feature_info_get
                0x00003444      0x114 ./synergy/ssp/src/driver/r_fmi/r_fmi.o
 .text.fmi_feature_info_get
                0x00003558      0x170 ./synergy/ssp/src/driver/r_fmi/r_fmi.o
 .text.HW_GPT_CounterStartStop
                0x000036c8       0x30 ./synergy/ssp/src/driver/r_encoder_gpt/r_encoder_gpt.o
 .text.HW_ENC_RegisterInit
                0x000036f8       0xbc ./synergy/ssp/src/driver/r_encoder_gpt/r_encoder_gpt.o
 .text.gpt_common_open
                0x000037b4       0x64 ./synergy/ssp/src/driver/r_encoder_gpt/r_encoder_gpt.o
 .text.R_ENCODER_Open
                0x00003818       0xd8 ./synergy/ssp/src/driver/r_encoder_gpt/r_encoder_gpt.o
                0x00003818                R_ENCODER_Open
 .text.R_ENCODER_PosGet
                0x000038f0       0x84 ./synergy/ssp/src/driver/r_encoder_gpt/r_encoder_gpt.o
                0x000038f0                R_ENCODER_PosGet
 .text.R_ENCODER_PosCapSet
                0x00003974       0x54 ./synergy/ssp/src/driver/r_encoder_gpt/r_encoder_gpt.o
                0x00003974                R_ENCODER_PosCapSet
 .text.R_ENCODER_PosSet
                0x000039c8       0x3c ./synergy/ssp/src/driver/r_encoder_gpt/r_encoder_gpt.o
                0x000039c8                R_ENCODER_PosSet
 .text.R_ENCODER_InfoGet
                0x00003a04       0x40 ./synergy/ssp/src/driver/r_encoder_gpt/r_encoder_gpt.o
                0x00003a04                R_ENCODER_InfoGet
 .text.R_ENCODER_Close
                0x00003a44       0x20 ./synergy/ssp/src/driver/r_encoder_gpt/r_encoder_gpt.o
                0x00003a44                R_ENCODER_Close
 .text.R_ENCODER_VersionGet
                0x00003a64       0x28 ./synergy/ssp/src/driver/r_encoder_gpt/r_encoder_gpt.o
                0x00003a64                R_ENCODER_VersionGet
 .text.HW_ELC_SoftwareEvent0Generate
                0x00003a8c       0x24 ./synergy/ssp/src/driver/r_elc/r_elc.o
 .text.HW_ELC_SoftwareEvent1Generate
                0x00003ab0       0x24 ./synergy/ssp/src/driver/r_elc/r_elc.o
 .text.HW_ELC_Enable
                0x00003ad4       0x1c ./synergy/ssp/src/driver/r_elc/r_elc.o
 .text.HW_ELC_Disable
                0x00003af0       0x1c ./synergy/ssp/src/driver/r_elc/r_elc.o
 .text.HW_ELC_LinkSet
                0x00003b0c       0x24 ./synergy/ssp/src/driver/r_elc/r_elc.o
 .text.HW_ELC_LinkBreak
                0x00003b30       0x20 ./synergy/ssp/src/driver/r_elc/r_elc.o
 .text.R_ELC_Init
                0x00003b50       0xc0 ./synergy/ssp/src/driver/r_elc/r_elc.o
                0x00003b50                R_ELC_Init
 .text.R_ELC_SoftwareEventGenerate
                0x00003c10       0x40 ./synergy/ssp/src/driver/r_elc/r_elc.o
                0x00003c10                R_ELC_SoftwareEventGenerate
 .text.R_ELC_LinkSet
                0x00003c50       0x30 ./synergy/ssp/src/driver/r_elc/r_elc.o
                0x00003c50                R_ELC_LinkSet
 .text.R_ELC_LinkBreak
                0x00003c80       0x28 ./synergy/ssp/src/driver/r_elc/r_elc.o
                0x00003c80                R_ELC_LinkBreak
 .text.R_ELC_Enable
                0x00003ca8       0x18 ./synergy/ssp/src/driver/r_elc/r_elc.o
                0x00003ca8                R_ELC_Enable
 .text.R_ELC_Disable
                0x00003cc0       0x18 ./synergy/ssp/src/driver/r_elc/r_elc.o
                0x00003cc0                R_ELC_Disable
 .text.R_ELC_VersionGet
                0x00003cd8       0x2c ./synergy/ssp/src/driver/r_elc/r_elc.o
                0x00003cd8                R_ELC_VersionGet
 .text.NVIC_SetPriority
                0x00003d04       0x54 ./synergy/ssp/src/driver/r_cgc/hw/hw_cgc.o
 .text.NVIC_GetPriority
                0x00003d58       0x50 ./synergy/ssp/src/driver/r_cgc/hw/hw_cgc.o
 .text.SysTick_Config
                0x00003da8       0x44 ./synergy/ssp/src/driver/r_cgc/hw/hw_cgc.o
 .text.HW_CGC_Init
                0x00003dec       0x48 ./synergy/ssp/src/driver/r_cgc/hw/hw_cgc.o
                0x00003dec                HW_CGC_Init
 .text.HW_CGC_InitPLLFreq
                0x00003e34       0xb8 ./synergy/ssp/src/driver/r_cgc/hw/hw_cgc.o
                0x00003e34                HW_CGC_InitPLLFreq
 .text.HW_CGC_HardwareLock
                0x00003eec        0xc ./synergy/ssp/src/driver/r_cgc/hw/hw_cgc.o
                0x00003eec                HW_CGC_HardwareLock
 .text.HW_CGC_HardwareUnLock
                0x00003ef8        0xc ./synergy/ssp/src/driver/r_cgc/hw/hw_cgc.o
                0x00003ef8                HW_CGC_HardwareUnLock
 .text.HW_CGC_LPMHardwareLock
                0x00003f04        0xc ./synergy/ssp/src/driver/r_cgc/hw/hw_cgc.o
                0x00003f04                HW_CGC_LPMHardwareLock
 .text.HW_CGC_LPMHardwareUnLock
                0x00003f10        0xc ./synergy/ssp/src/driver/r_cgc/hw/hw_cgc.o
                0x00003f10                HW_CGC_LPMHardwareUnLock
 .text.HW_CGC_MainClockDriveSet
                0x00003f1c       0x64 ./synergy/ssp/src/driver/r_cgc/hw/hw_cgc.o
                0x00003f1c                HW_CGC_MainClockDriveSet
 .text.HW_CGC_SubClockDriveSet
                0x00003f80       0x64 ./synergy/ssp/src/driver/r_cgc/hw/hw_cgc.o
                0x00003f80                HW_CGC_SubClockDriveSet
 .text.HW_CGC_ClockStart
                0x00003fe4       0xa0 ./synergy/ssp/src/driver/r_cgc/hw/hw_cgc.o
                0x00003fe4                HW_CGC_ClockStart
 .text.HW_CGC_ClockStop
                0x00004084       0xa0 ./synergy/ssp/src/driver/r_cgc/hw/hw_cgc.o
                0x00004084                HW_CGC_ClockStop
 .text.HW_CGC_ClockCheck
                0x00004124       0x74 ./synergy/ssp/src/driver/r_cgc/hw/hw_cgc.o
                0x00004124                HW_CGC_ClockCheck
 .text.HW_CGC_ClockRunStateGet
                0x00004198       0xc8 ./synergy/ssp/src/driver/r_cgc/hw/hw_cgc.o
                0x00004198                HW_CGC_ClockRunStateGet
 .text.HW_CGC_DelayCycles
                0x00004260       0x54 ./synergy/ssp/src/driver/r_cgc/hw/hw_cgc.o
                0x00004260                HW_CGC_DelayCycles
 .text.HW_CGC_MainOscSourceSet
                0x000042b4       0x3c ./synergy/ssp/src/driver/r_cgc/hw/hw_cgc.o
                0x000042b4                HW_CGC_MainOscSourceSet
 .text.HW_CGC_ClockWaitSet
                0x000042f0       0x40 ./synergy/ssp/src/driver/r_cgc/hw/hw_cgc.o
                0x000042f0                HW_CGC_ClockWaitSet
 .text.HW_CGC_ClockSourceValidCheck
                0x00004330       0x44 ./synergy/ssp/src/driver/r_cgc/hw/hw_cgc.o
                0x00004330                HW_CGC_ClockSourceValidCheck
 .text.HW_CGC_SystemClockValidCheck
                0x00004374       0x24 ./synergy/ssp/src/driver/r_cgc/hw/hw_cgc.o
                0x00004374                HW_CGC_SystemClockValidCheck
 .text.HW_CGC_ClockSourceGet
                0x00004398       0x20 ./synergy/ssp/src/driver/r_cgc/hw/hw_cgc.o
                0x00004398                HW_CGC_ClockSourceGet
 .text.HW_CGC_ClockSourceSet
                0x000043b8       0x3c ./synergy/ssp/src/driver/r_cgc/hw/hw_cgc.o
                0x000043b8                HW_CGC_ClockSourceSet
 .text.HW_CGC_PLLClockSourceGet
                0x000043f4       0x44 ./synergy/ssp/src/driver/r_cgc/hw/hw_cgc.o
                0x000043f4                HW_CGC_PLLClockSourceGet
 .text.HW_CGC_PLLClockSourceSet
                0x00004438       0x38 ./synergy/ssp/src/driver/r_cgc/hw/hw_cgc.o
                0x00004438                HW_CGC_PLLClockSourceSet
 .text.HW_CGC_PLLMultiplierSet
                0x00004470       0xb0 ./synergy/ssp/src/driver/r_cgc/hw/hw_cgc.o
                0x00004470                HW_CGC_PLLMultiplierSet
 .text.HW_CGC_PLLMultiplierGet
                0x00004520       0x90 ./synergy/ssp/src/driver/r_cgc/hw/hw_cgc.o
                0x00004520                HW_CGC_PLLMultiplierGet
 .text.HW_CGC_PLLDividerSet
                0x000045b0       0xa4 ./synergy/ssp/src/driver/r_cgc/hw/hw_cgc.o
                0x000045b0                HW_CGC_PLLDividerSet
 .text.HW_CGC_PLLDividerGet
                0x00004654       0x74 ./synergy/ssp/src/driver/r_cgc/hw/hw_cgc.o
                0x00004654                HW_CGC_PLLDividerGet
 .text.HW_CGC_SystemDividersSet
                0x000046c8      0x148 ./synergy/ssp/src/driver/r_cgc/hw/hw_cgc.o
                0x000046c8                HW_CGC_SystemDividersSet
 .text.HW_CGC_SystemDividersGet
                0x00004810       0x90 ./synergy/ssp/src/driver/r_cgc/hw/hw_cgc.o
                0x00004810                HW_CGC_SystemDividersGet
 .text.HW_CGC_ClockCfgValidCheck
                0x000048a0       0x88 ./synergy/ssp/src/driver/r_cgc/hw/hw_cgc.o
                0x000048a0                HW_CGC_ClockCfgValidCheck
 .text.HW_CGC_ClockDividerGet
                0x00004928       0xb8 ./synergy/ssp/src/driver/r_cgc/hw/hw_cgc.o
                0x00004928                HW_CGC_ClockDividerGet
 .text.HW_CGC_ClockHzGet
                0x000049e0       0x3c ./synergy/ssp/src/driver/r_cgc/hw/hw_cgc.o
                0x000049e0                HW_CGC_ClockHzGet
 .text.HW_CGC_ClockHzCalculate
                0x00004a1c       0x30 ./synergy/ssp/src/driver/r_cgc/hw/hw_cgc.o
                0x00004a1c                HW_CGC_ClockHzCalculate
 .text.HW_CGC_OperatingModeSet
                0x00004a4c      0x140 ./synergy/ssp/src/driver/r_cgc/hw/hw_cgc.o
                0x00004a4c                HW_CGC_OperatingModeSet
 .text.HW_CGC_OperatingModeGet
                0x00004b8c       0x40 ./synergy/ssp/src/driver/r_cgc/hw/hw_cgc.o
                0x00004b8c                HW_CGC_OperatingModeGet
 .text.HW_CGC_OscStopDetectEnable
                0x00004bcc       0x34 ./synergy/ssp/src/driver/r_cgc/hw/hw_cgc.o
                0x00004bcc                HW_CGC_OscStopDetectEnable
 .text.HW_CGC_OscStopDetectDisable
                0x00004c00       0x34 ./synergy/ssp/src/driver/r_cgc/hw/hw_cgc.o
                0x00004c00                HW_CGC_OscStopDetectDisable
 .text.HW_CGC_OscStopDetectEnabledGet
                0x00004c34       0x2c ./synergy/ssp/src/driver/r_cgc/hw/hw_cgc.o
                0x00004c34                HW_CGC_OscStopDetectEnabledGet
 .text.HW_CGC_OscStopDetectGet
                0x00004c60       0x2c ./synergy/ssp/src/driver/r_cgc/hw/hw_cgc.o
                0x00004c60                HW_CGC_OscStopDetectGet
 .text.HW_CGC_OscStopStatusClear
                0x00004c8c       0x3c ./synergy/ssp/src/driver/r_cgc/hw/hw_cgc.o
                0x00004c8c                HW_CGC_OscStopStatusClear
 .text.HW_CGC_BusClockOutCfg
                0x00004cc8       0x3c ./synergy/ssp/src/driver/r_cgc/hw/hw_cgc.o
                0x00004cc8                HW_CGC_BusClockOutCfg
 .text.HW_CGC_BusClockOutEnable
                0x00004d04       0x24 ./synergy/ssp/src/driver/r_cgc/hw/hw_cgc.o
                0x00004d04                HW_CGC_BusClockOutEnable
 .text.HW_CGC_BusClockOutDisable
                0x00004d28       0x24 ./synergy/ssp/src/driver/r_cgc/hw/hw_cgc.o
                0x00004d28                HW_CGC_BusClockOutDisable
 .text.HW_CGC_ClockOutCfg
                0x00004d4c       0x70 ./synergy/ssp/src/driver/r_cgc/hw/hw_cgc.o
                0x00004d4c                HW_CGC_ClockOutCfg
 .text.HW_CGC_ClockOutEnable
                0x00004dbc       0x24 ./synergy/ssp/src/driver/r_cgc/hw/hw_cgc.o
                0x00004dbc                HW_CGC_ClockOutEnable
 .text.HW_CGC_ClockOutDisable
                0x00004de0       0x24 ./synergy/ssp/src/driver/r_cgc/hw/hw_cgc.o
                0x00004de0                HW_CGC_ClockOutDisable
 .text.HW_CGC_SDRAMClockOutEnable
                0x00004e04       0x24 ./synergy/ssp/src/driver/r_cgc/hw/hw_cgc.o
                0x00004e04                HW_CGC_SDRAMClockOutEnable
 .text.HW_CGC_SDRAMClockOutDisable
                0x00004e28       0x24 ./synergy/ssp/src/driver/r_cgc/hw/hw_cgc.o
                0x00004e28                HW_CGC_SDRAMClockOutDisable
 .text.HW_CGC_USBClockCfg
                0x00004e4c       0x3c ./synergy/ssp/src/driver/r_cgc/hw/hw_cgc.o
                0x00004e4c                HW_CGC_USBClockCfg
 .text.HW_CGC_SystickUpdate
                0x00004e88       0x64 ./synergy/ssp/src/driver/r_cgc/hw/hw_cgc.o
                0x00004e88                HW_CGC_SystickUpdate
 .text.HW_CGC_LCDClockCfg
                0x00004eec       0x38 ./synergy/ssp/src/driver/r_cgc/hw/hw_cgc.o
                0x00004eec                HW_CGC_LCDClockCfg
 .text.HW_CGC_LCDClockCfgGet
                0x00004f24       0x20 ./synergy/ssp/src/driver/r_cgc/hw/hw_cgc.o
                0x00004f24                HW_CGC_LCDClockCfgGet
 .text.HW_CGC_LCDClockEnable
                0x00004f44       0x20 ./synergy/ssp/src/driver/r_cgc/hw/hw_cgc.o
                0x00004f44                HW_CGC_LCDClockEnable
 .text.HW_CGC_LCDClockDisable
                0x00004f64       0x20 ./synergy/ssp/src/driver/r_cgc/hw/hw_cgc.o
                0x00004f64                HW_CGC_LCDClockDisable
 .text.HW_CGC_LCDClockIsEnabled
                0x00004f84       0x2c ./synergy/ssp/src/driver/r_cgc/hw/hw_cgc.o
                0x00004f84                HW_CGC_LCDClockIsEnabled
 .text.HW_CGC_HocoWaitControlSet
                0x00004fb0       0x3c ./synergy/ssp/src/driver/r_cgc/hw/hw_cgc.o
                0x00004fb0                HW_CGC_HocoWaitControlSet
 .text.HW_CGC_SetHighSpeedMode
                0x00004fec       0x18 ./synergy/ssp/src/driver/r_cgc/r_cgc.o
 .text.HW_CGC_SetMiddleSpeedMode
                0x00005004       0x18 ./synergy/ssp/src/driver/r_cgc/r_cgc.o
 .text.HW_CGC_SetLowSpeedMode
                0x0000501c       0x18 ./synergy/ssp/src/driver/r_cgc/r_cgc.o
 .text.HW_CGC_SetSubOscSpeedMode
                0x00005034       0x18 ./synergy/ssp/src/driver/r_cgc/r_cgc.o
 .text.R_CGC_Init
                0x0000504c      0x114 ./synergy/ssp/src/driver/r_cgc/r_cgc.o
                0x0000504c                R_CGC_Init
 .text.R_CGC_ClocksCfg
                0x00005160      0x27c ./synergy/ssp/src/driver/r_cgc/r_cgc.o
                0x00005160                R_CGC_ClocksCfg
 .text.R_CGC_ClockStart
                0x000053dc      0x29c ./synergy/ssp/src/driver/r_cgc/r_cgc.o
                0x000053dc                R_CGC_ClockStart
 .text.R_CGC_ClockStop
                0x00005678      0x13c ./synergy/ssp/src/driver/r_cgc/r_cgc.o
                0x00005678                R_CGC_ClockStop
 .text.R_CGC_SystemClockSet
                0x000057b4      0x360 ./synergy/ssp/src/driver/r_cgc/r_cgc.o
                0x000057b4                R_CGC_SystemClockSet
 .text.R_CGC_SystemClockGet
                0x00005b14       0x4c ./synergy/ssp/src/driver/r_cgc/r_cgc.o
                0x00005b14                R_CGC_SystemClockGet
 .text.R_CGC_SystemClockFreqGet
                0x00005b60       0x50 ./synergy/ssp/src/driver/r_cgc/r_cgc.o
                0x00005b60                R_CGC_SystemClockFreqGet
 .text.R_CGC_ClockCheck
                0x00005bb0       0xa8 ./synergy/ssp/src/driver/r_cgc/r_cgc.o
                0x00005bb0                R_CGC_ClockCheck
 .text.R_CGC_OscStopDetect
                0x00005c58      0x288 ./synergy/ssp/src/driver/r_cgc/r_cgc.o
                0x00005c58                R_CGC_OscStopDetect
 .text.R_CGC_OscStopStatusClear
                0x00005ee0       0xa0 ./synergy/ssp/src/driver/r_cgc/r_cgc.o
                0x00005ee0                R_CGC_OscStopStatusClear
 .text.R_CGC_BusClockOutCfg
                0x00005f80       0x28 ./synergy/ssp/src/driver/r_cgc/r_cgc.o
                0x00005f80                R_CGC_BusClockOutCfg
 .text.R_CGC_BusClockOutEnable
                0x00005fa8       0x18 ./synergy/ssp/src/driver/r_cgc/r_cgc.o
                0x00005fa8                R_CGC_BusClockOutEnable
 .text.R_CGC_BusClockOutDisable
                0x00005fc0       0x18 ./synergy/ssp/src/driver/r_cgc/r_cgc.o
                0x00005fc0                R_CGC_BusClockOutDisable
 .text.R_CGC_ClockOutCfg
                0x00005fd8       0x30 ./synergy/ssp/src/driver/r_cgc/r_cgc.o
                0x00005fd8                R_CGC_ClockOutCfg
 .text.R_CGC_ClockOutEnable
                0x00006008       0x18 ./synergy/ssp/src/driver/r_cgc/r_cgc.o
                0x00006008                R_CGC_ClockOutEnable
 .text.R_CGC_ClockOutDisable
                0x00006020       0x18 ./synergy/ssp/src/driver/r_cgc/r_cgc.o
                0x00006020                R_CGC_ClockOutDisable
 .text.R_CGC_LCDClockCfg
                0x00006038       0xb0 ./synergy/ssp/src/driver/r_cgc/r_cgc.o
                0x00006038                R_CGC_LCDClockCfg
 .text.R_CGC_LCDClockEnable
                0x000060e8       0x78 ./synergy/ssp/src/driver/r_cgc/r_cgc.o
                0x000060e8                R_CGC_LCDClockEnable
 .text.R_CGC_LCDClockDisable
                0x00006160       0x70 ./synergy/ssp/src/driver/r_cgc/r_cgc.o
                0x00006160                R_CGC_LCDClockDisable
 .text.R_CGC_SDRAMClockOutEnable
                0x000061d0       0x30 ./synergy/ssp/src/driver/r_cgc/r_cgc.o
                0x000061d0                R_CGC_SDRAMClockOutEnable
 .text.R_CGC_SDRAMClockOutDisable
                0x00006200       0x30 ./synergy/ssp/src/driver/r_cgc/r_cgc.o
                0x00006200                R_CGC_SDRAMClockOutDisable
 .text.R_CGC_USBClockCfg
                0x00006230       0x3c ./synergy/ssp/src/driver/r_cgc/r_cgc.o
                0x00006230                R_CGC_USBClockCfg
 .text.R_CGC_SystickUpdate
                0x0000626c       0x98 ./synergy/ssp/src/driver/r_cgc/r_cgc.o
                0x0000626c                R_CGC_SystickUpdate
 .text.R_CGC_VersionGet
                0x00006304       0x24 ./synergy/ssp/src/driver/r_cgc/r_cgc.o
                0x00006304                R_CGC_VersionGet
 .text.r_cgc_stabilization_wait
                0x00006328       0x68 ./synergy/ssp/src/driver/r_cgc/r_cgc.o
 .text.r_cgc_clock_start_stop
                0x00006390       0x68 ./synergy/ssp/src/driver/r_cgc/r_cgc.o
 .text.R_SSP_CurrentIrqGet
                0x000063f8       0x34 ./synergy/ssp/src/driver/changed_src_files/r_motor.o
 .text.R_SSP_VectorInfoGet
                0x0000642c       0x2c ./synergy/ssp/src/driver/changed_src_files/r_motor.o
 .text.pwm_counter_overflow
                0x00006458       0xfc ./synergy/ssp/src/driver/changed_src_files/r_motor.o
                0x00006458                pwm_counter_overflow
 .text.NVIC_EnableIRQ
                0x00006554       0x30 ./synergy/ssp/src/driver/changed_src_files/r_motor_bldc.o
 .text.NVIC_ClearPendingIRQ
                0x00006584       0x34 ./synergy/ssp/src/driver/changed_src_files/r_motor_bldc.o
 .text.NVIC_SetPriority
                0x000065b8       0x54 ./synergy/ssp/src/driver/changed_src_files/r_motor_bldc.o
 .text.R_SSP_VectorInfoGet
                0x0000660c       0x2c ./synergy/ssp/src/driver/changed_src_files/r_motor_bldc.o
 .text.HW_GPT_ModeSet
                0x00006638       0x30 ./synergy/ssp/src/driver/changed_src_files/r_motor_bldc.o
 .text.HW_GPT_CounterStartStop
                0x00006668       0x30 ./synergy/ssp/src/driver/changed_src_files/r_motor_bldc.o
 .text.HW_GPT_InterruptEnable
                0x00006698       0x30 ./synergy/ssp/src/driver/changed_src_files/r_motor_bldc.o
 .text.HW_GPT_InterruptDisable
                0x000066c8       0x1c ./synergy/ssp/src/driver/changed_src_files/r_motor_bldc.o
 .text.HW_GPT_GTIOCRegLookup
                0x000066e4       0x2c ./synergy/ssp/src/driver/changed_src_files/r_motor_bldc.o
 .text.HW_GPT_GTIOCPinLevelStoppedSet
                0x00006710       0x34 ./synergy/ssp/src/driver/changed_src_files/r_motor_bldc.o
 .text.HW_GPT_GTIOCPinOutputEnable
                0x00006744       0x34 ./synergy/ssp/src/driver/changed_src_files/r_motor_bldc.o
 .text.HW_GPT_GTIOCCycleEndOutputSet
                0x00006778       0x34 ./synergy/ssp/src/driver/changed_src_files/r_motor_bldc.o
 .text.HW_GPT_GTIOCCompareMatchOutputSet
                0x000067ac       0x34 ./synergy/ssp/src/driver/changed_src_files/r_motor_bldc.o
 .text.HW_GPT_GTIOCInitialOutputSet
                0x000067e0       0x34 ./synergy/ssp/src/driver/changed_src_files/r_motor_bldc.o
 .text.HW_MTR_RegisterInit
                0x00006814      0x11c ./synergy/ssp/src/driver/changed_src_files/r_motor_bldc.o
 .text.change_pwm_duty
                0x00006930       0xd8 ./synergy/ssp/src/driver/changed_src_files/r_motor_bldc.o
                0x00006930                change_pwm_duty
 .text.motor_bldc_init
                0x00006a08       0x68 ./synergy/ssp/src/driver/changed_src_files/r_motor_bldc.o
 .text.update_pwm
                0x00006a70      0x160 ./synergy/ssp/src/driver/changed_src_files/r_motor_bldc.o
 .text.commutate_svm
                0x00006bd0      0x268 ./synergy/ssp/src/driver/changed_src_files/r_motor_bldc.o
 .text.commutate_foc
                0x00006e38      0x2c4 ./synergy/ssp/src/driver/changed_src_files/r_motor_bldc.o
 .text.commutate_set
                0x000070fc       0xf4 ./synergy/ssp/src/driver/changed_src_files/r_motor_bldc.o
 .text.map_channels
                0x000071f0      0x100 ./synergy/ssp/src/driver/changed_src_files/r_motor_bldc.o
 .text.gpt_common_open
                0x000072f0      0x118 ./synergy/ssp/src/driver/changed_src_files/r_motor_bldc.o
 .text.gpt_set_pins
                0x00007408       0x40 ./synergy/ssp/src/driver/changed_src_files/r_motor_bldc.o
 .text.gpt_set_pins_comp
                0x00007448      0x114 ./synergy/ssp/src/driver/changed_src_files/r_motor_bldc.o
 .text.R_Motor_BLDC_Open
                0x0000755c      0x2c8 ./synergy/ssp/src/driver/changed_src_files/r_motor_bldc.o
                0x0000755c                R_Motor_BLDC_Open
 *fill*         0x00007824        0x4 ff
 .text.R_Motor_BLDC_Setup
                0x00007828       0xcc ./synergy/ssp/src/driver/changed_src_files/r_motor_bldc.o
                0x00007828                R_Motor_BLDC_Setup
 .text.R_Motor_BLDC_Control
                0x000078f4      0x1c4 ./synergy/ssp/src/driver/changed_src_files/r_motor_bldc.o
                0x000078f4                R_Motor_BLDC_Control
 .text.R_Motor_BLDC_InfoGet
                0x00007ab8       0x18 ./synergy/ssp/src/driver/changed_src_files/r_motor_bldc.o
                0x00007ab8                R_Motor_BLDC_InfoGet
 .text.R_Motor_BLDC_Close
                0x00007ad0      0x114 ./synergy/ssp/src/driver/changed_src_files/r_motor_bldc.o
                0x00007ad0                R_Motor_BLDC_Close
 .text.R_Motor_BLDC_VersionGet
                0x00007be4       0x24 ./synergy/ssp/src/driver/changed_src_files/r_motor_bldc.o
                0x00007be4                R_Motor_BLDC_VersionGet
 .text.R_BSP_CacheOff
                0x00007c08       0x50 ./synergy/ssp/src/bsp/mcu/s7g2/bsp_cache.o
                0x00007c08                R_BSP_CacheOff
 .text.R_BSP_CacheSet
                0x00007c58       0x74 ./synergy/ssp/src/bsp/mcu/s7g2/bsp_cache.o
                0x00007c58                R_BSP_CacheSet
 .text.bsp_clock_init
                0x00007ccc       0xd0 ./synergy/ssp/src/bsp/mcu/s7g2/bsp_clocks.o
                0x00007ccc                bsp_clock_init
 .text.bsp_cpu_clock_get
                0x00007d9c       0x24 ./synergy/ssp/src/bsp/mcu/s7g2/bsp_clocks.o
                0x00007d9c                bsp_cpu_clock_get
 .text.bsp_clocks_rom_wait_set
                0x00007dc0       0x38 ./synergy/ssp/src/bsp/mcu/s7g2/bsp_clocks.o
 .text.bsp_clocks_rom_wait_get
                0x00007df8       0x20 ./synergy/ssp/src/bsp/mcu/s7g2/bsp_clocks.o
 .text.bsp_clocks_sram_wait_set
                0x00007e18       0x64 ./synergy/ssp/src/bsp/mcu/s7g2/bsp_clocks.o
 .text.bsp_clocks_hsram_wait_set
                0x00007e7c       0x44 ./synergy/ssp/src/bsp/mcu/s7g2/bsp_clocks.o
 .text.bsp_clock_set_callback
                0x00007ec0       0x30 ./synergy/ssp/src/bsp/mcu/s7g2/bsp_clocks.o
                0x00007ec0                bsp_clock_set_callback
 .text.bsp_clock_set_prechange
                0x00007ef0       0x80 ./synergy/ssp/src/bsp/mcu/s7g2/bsp_clocks.o
 .text.bsp_clock_set_postchange
                0x00007f70       0x54 ./synergy/ssp/src/bsp/mcu/s7g2/bsp_clocks.o
 .text.R_BSP_FeatureIoportGet
                0x00007fc4       0x28 ./synergy/ssp/src/bsp/mcu/s7g2/bsp_feature.o
                0x00007fc4                R_BSP_FeatureIoportGet
 .text.R_BSP_FeatureCgcGet
                0x00007fec       0x1c ./synergy/ssp/src/bsp/mcu/s7g2/bsp_feature.o
                0x00007fec                R_BSP_FeatureCgcGet
 .text.bsp_group_interrupt_open
                0x00008008       0x30 ./synergy/ssp/src/bsp/mcu/s7g2/bsp_group_irq.o
                0x00008008                bsp_group_interrupt_open
 .text.bsp_group_irq_call
                0x00008038       0x3c ./synergy/ssp/src/bsp/mcu/s7g2/bsp_group_irq.o
                0x00008038                bsp_group_irq_call
 .text.R_BSP_GroupIrqWrite
                0x00008074       0x40 ./synergy/ssp/src/bsp/mcu/s7g2/bsp_group_irq.o
                0x00008074                R_BSP_GroupIrqWrite
 .text.NMI_Handler
                0x000080b4      0x1e8 ./synergy/ssp/src/bsp/mcu/s7g2/bsp_group_irq.o
                0x000080b4                NMI_Handler
 .text.R_BSP_ModuleStart
                0x0000829c       0x1c ./synergy/ssp/src/bsp/mcu/s7g2/bsp_module_stop.o
                0x0000829c                R_BSP_ModuleStart
 .text.r_bsp_module_start_stop
                0x000082b8      0x15c ./synergy/ssp/src/bsp/mcu/s7g2/bsp_module_stop.o
 .text.R_BSP_LedsGet
                0x00008414       0x30 ./synergy/ssp/src/bsp/mcu/all/bsp_common_leds.o
                0x00008414                R_BSP_LedsGet
 .text.R_BSP_IrqStatusClear
                0x00008444       0x34 ./synergy/ssp/src/bsp/mcu/all/bsp_irq.o
                0x00008444                R_BSP_IrqStatusClear
 .text.bsp_irq_cfg
                0x00008478       0x60 ./synergy/ssp/src/bsp/mcu/all/bsp_irq.o
                0x00008478                bsp_irq_cfg
 .text.R_BSP_SoftwareLock
                0x000084d8       0x20 ./synergy/ssp/src/bsp/mcu/all/bsp_locking.o
                0x000084d8                R_BSP_SoftwareLock
 .text.r_bsp_software_lock_cm4
                0x000084f8       0x70 ./synergy/ssp/src/bsp/mcu/all/bsp_locking.o
 .text.R_BSP_SoftwareUnlock
                0x00008568       0x18 ./synergy/ssp/src/bsp/mcu/all/bsp_locking.o
                0x00008568                R_BSP_SoftwareUnlock
 .text.R_BSP_HardwareLock
                0x00008580       0x5c ./synergy/ssp/src/bsp/mcu/all/bsp_locking.o
                0x00008580                R_BSP_HardwareLock
 .text.R_BSP_HardwareUnlock
                0x000085dc       0x54 ./synergy/ssp/src/bsp/mcu/all/bsp_locking.o
                0x000085dc                R_BSP_HardwareUnlock
 .text.bsp_init_hardware_locks
                0x00008630       0x64 ./synergy/ssp/src/bsp/mcu/all/bsp_locking.o
                0x00008630                bsp_init_hardware_locks
 .text.R_BSP_RegisterProtectEnable
                0x00008694       0x9c ./synergy/ssp/src/bsp/mcu/all/bsp_register_protection.o
                0x00008694                R_BSP_RegisterProtectEnable
 .text.R_BSP_RegisterProtectDisable
                0x00008730       0x88 ./synergy/ssp/src/bsp/mcu/all/bsp_register_protection.o
                0x00008730                R_BSP_RegisterProtectDisable
 .text.bsp_register_protect_open
                0x000087b8       0x30 ./synergy/ssp/src/bsp/mcu/all/bsp_register_protection.o
                0x000087b8                bsp_register_protect_open
 .text.Reset_Handler
                0x000087e8       0x10 ./synergy/ssp/src/bsp/cmsis/Device/RENESAS/S7G2/Source/startup_S7G2.o
                0x000087e8                Reset_Handler
 .text.Default_Handler
                0x000087f8       0x10 ./synergy/ssp/src/bsp/cmsis/Device/RENESAS/S7G2/Source/startup_S7G2.o
                0x000087f8                HardFault_Handler
                0x000087f8                UsageFault_Handler
                0x000087f8                Default_Handler
                0x000087f8                MemManage_Handler
                0x000087f8                SVC_Handler
                0x000087f8                BusFault_Handler
                0x000087f8                DebugMon_Handler
 .text.HW_IOPORT_Init_Reference_Counter
                0x00008808       0x18 ./synergy/ssp/src/bsp/cmsis/Device/RENESAS/S7G2/Source/system_S7G2.o
 .text.SystemCoreClockUpdate
                0x00008820       0x14 ./synergy/ssp/src/bsp/cmsis/Device/RENESAS/S7G2/Source/system_S7G2.o
                0x00008820                SystemCoreClockUpdate
 .text.SystemInit
                0x00008834       0xdc ./synergy/ssp/src/bsp/cmsis/Device/RENESAS/S7G2/Source/system_S7G2.o
                0x00008834                SystemInit
 .text.bsp_section_zero
                0x00008910       0x2c ./synergy/ssp/src/bsp/cmsis/Device/RENESAS/S7G2/Source/system_S7G2.o
 .text.bsp_section_copy
                0x0000893c       0x40 ./synergy/ssp/src/bsp/cmsis/Device/RENESAS/S7G2/Source/system_S7G2.o
 .text.R_BSP_WarmStart
                0x0000897c       0x14 ./synergy/ssp/src/bsp/cmsis/Device/RENESAS/S7G2/Source/system_S7G2.o
                0x0000897c                R_BSP_WarmStart
 .text.bsp_init
                0x00008990       0x14 ./synergy/board/s7g2_bp/bsp_init.o
                0x00008990                bsp_init
 .text.g_common_init
                0x000089a4        0xc ./src/synergy_gen/common_data.o
                0x000089a4                g_common_init
 .text.g_hal_init
                0x000089b0        0xc ./src/synergy_gen/hal_data.o
                0x000089b0                g_hal_init
 .text.tx_application_define_internal
                0x000089bc       0x14 ./src/synergy_gen/main.o
                0x000089bc                tx_application_define_user
                0x000089bc                tx_application_define_internal
 .text.tx_application_define
                0x000089d0       0x48 ./src/synergy_gen/main.o
                0x000089d0                tx_application_define
 .text.main     0x00008a18       0x10 ./src/synergy_gen/main.o
                0x00008a18                main
 .text.motion_thread_create
                0x00008a28       0x54 ./src/synergy_gen/motion_thread.o
                0x00008a28                motion_thread_create
 .text.motion_thread_func
                0x00008a7c       0xc0 ./src/synergy_gen/motion_thread.o
 .text.pwm_ctrl_thread_create
                0x00008b3c       0x64 ./src/synergy_gen/pwm_ctrl_thread.o
                0x00008b3c                pwm_ctrl_thread_create
 .text.pwm_ctrl_thread_func
                0x00008ba0       0x7c ./src/synergy_gen/pwm_ctrl_thread.o
 .text.uart_thread_create
                0x00008c1c       0x54 ./src/synergy_gen/uart_thread.o
                0x00008c1c                uart_thread_create
 .text.uart_thread_func
                0x00008c70       0x7c ./src/synergy_gen/uart_thread.o
 .text.motion_thread_entry
                0x00008cec       0x20 ./src/motion_thread_entry.o
                0x00008cec                motion_thread_entry
 .text.pwm_ctrl_thread_entry
                0x00008d0c       0x38 ./src/pwm_ctrl_thread_entry.o
                0x00008d0c                pwm_ctrl_thread_entry
 .text.uart_thread_entry
                0x00008d44        0xc ./src/uart_thread_entry.o
                0x00008d44                uart_thread_entry
 .text._txe_event_flags_create
                0x00008d50       0x98 C:\Users\britton.chesley\e2_studio\workspace\S7G\synergy\ssp\src\framework\el\tx\cm4_gcc\libtx.a(txe_event_flags_create.o)
                0x00008d50                _txe_event_flags_create
 .text._txe_semaphore_create
                0x00008de8       0xa8 C:\Users\britton.chesley\e2_studio\workspace\S7G\synergy\ssp\src\framework\el\tx\cm4_gcc\libtx.a(txe_semaphore_create.o)
                0x00008de8                _txe_semaphore_create
 .text._txe_semaphore_get
                0x00008e90       0x2c C:\Users\britton.chesley\e2_studio\workspace\S7G\synergy\ssp\src\framework\el\tx\cm4_gcc\libtx.a(txe_semaphore_get.o)
                0x00008e90                _txe_semaphore_get
 .text._txe_semaphore_put
                0x00008ebc       0x18 C:\Users\britton.chesley\e2_studio\workspace\S7G\synergy\ssp\src\framework\el\tx\cm4_gcc\libtx.a(txe_semaphore_put.o)
                0x00008ebc                _txe_semaphore_put
 .text._txe_thread_create
                0x00008ed4      0x144 C:\Users\britton.chesley\e2_studio\workspace\S7G\synergy\ssp\src\framework\el\tx\cm4_gcc\libtx.a(txe_thread_create.o)
                0x00008ed4                _txe_thread_create
 .text._tx_event_flags_create
                0x00009018       0x50 C:\Users\britton.chesley\e2_studio\workspace\S7G\synergy\ssp\src\framework\el\tx\cm4_gcc\libtx.a(tx_event_flags_create.o)
                0x00009018                _tx_event_flags_create
 .text._tx_initialize_high_level
                0x00009068       0x90 C:\Users\britton.chesley\e2_studio\workspace\S7G\synergy\ssp\src\framework\el\tx\cm4_gcc\libtx.a(tx_initialize_high_level.o)
                0x00009068                _tx_initialize_high_level
 .text._tx_initialize_kernel_enter
                0x000090f8       0x3c C:\Users\britton.chesley\e2_studio\workspace\S7G\synergy\ssp\src\framework\el\tx\cm4_gcc\libtx.a(tx_initialize_kernel_enter.o)
                0x000090f8                _tx_initialize_kernel_enter
 .text.tx_isr_end
                0x00009134        0x4 C:\Users\britton.chesley\e2_studio\workspace\S7G\synergy\ssp\src\framework\el\tx\cm4_gcc\libtx.a(tx_isr_end.o)
                0x00009134                tx_isr_end
 .text.tx_isr_start
                0x00009138        0x4 C:\Users\britton.chesley\e2_studio\workspace\S7G\synergy\ssp\src\framework\el\tx\cm4_gcc\libtx.a(tx_isr_start.o)
                0x00009138                tx_isr_start
 .text._tx_semaphore_create
                0x0000913c       0x54 C:\Users\britton.chesley\e2_studio\workspace\S7G\synergy\ssp\src\framework\el\tx\cm4_gcc\libtx.a(tx_semaphore_create.o)
                0x0000913c                _tx_semaphore_create
 .text._tx_semaphore_get
                0x00009190       0x7c C:\Users\britton.chesley\e2_studio\workspace\S7G\synergy\ssp\src\framework\el\tx\cm4_gcc\libtx.a(tx_semaphore_get.o)
                0x00009190                _tx_semaphore_get
 .text._tx_semaphore_put
                0x0000920c       0x54 C:\Users\britton.chesley\e2_studio\workspace\S7G\synergy\ssp\src\framework\el\tx\cm4_gcc\libtx.a(tx_semaphore_put.o)
                0x0000920c                _tx_semaphore_put
 .text._tx_thread_create
                0x00009260      0x13c C:\Users\britton.chesley\e2_studio\workspace\S7G\synergy\ssp\src\framework\el\tx\cm4_gcc\libtx.a(tx_thread_create.o)
                0x00009260                _tx_thread_create
 .text._tx_thread_initialize
                0x0000939c       0x68 C:\Users\britton.chesley\e2_studio\workspace\S7G\synergy\ssp\src\framework\el\tx\cm4_gcc\libtx.a(tx_thread_initialize.o)
                0x0000939c                _tx_thread_initialize
 .text._tx_thread_shell_entry
                0x00009404       0x48 C:\Users\britton.chesley\e2_studio\workspace\S7G\synergy\ssp\src\framework\el\tx\cm4_gcc\libtx.a(tx_thread_shell_entry.o)
                0x00009404                _tx_thread_shell_entry
 .text._tx_thread_sleep
                0x0000944c       0x5c C:\Users\britton.chesley\e2_studio\workspace\S7G\synergy\ssp\src\framework\el\tx\cm4_gcc\libtx.a(tx_thread_sleep.o)
                0x0000944c                _tx_thread_sleep
 .text._tx_thread_system_preempt_check
                0x000094a8       0x3c C:\Users\britton.chesley\e2_studio\workspace\S7G\synergy\ssp\src\framework\el\tx\cm4_gcc\libtx.a(tx_thread_system_preempt_check.o)
                0x000094a8                _tx_thread_system_preempt_check
 .text._tx_thread_system_resume
                0x000094e4       0xec C:\Users\britton.chesley\e2_studio\workspace\S7G\synergy\ssp\src\framework\el\tx\cm4_gcc\libtx.a(tx_thread_system_resume.o)
                0x000094e4                _tx_thread_system_resume
 .text._tx_thread_system_suspend
                0x000095d0      0x104 C:\Users\britton.chesley\e2_studio\workspace\S7G\synergy\ssp\src\framework\el\tx\cm4_gcc\libtx.a(tx_thread_system_suspend.o)
                0x000095d0                _tx_thread_system_suspend
 .text._tx_thread_timeout
                0x000096d4       0x2c C:\Users\britton.chesley\e2_studio\workspace\S7G\synergy\ssp\src\framework\el\tx\cm4_gcc\libtx.a(tx_thread_timeout.o)
                0x000096d4                _tx_thread_timeout
 .text._tx_timer_initialize
                0x00009700       0x7c C:\Users\britton.chesley\e2_studio\workspace\S7G\synergy\ssp\src\framework\el\tx\cm4_gcc\libtx.a(tx_timer_initialize.o)
                0x00009700                _tx_timer_initialize
 .text._tx_timer_system_activate
                0x0000977c       0x54 C:\Users\britton.chesley\e2_studio\workspace\S7G\synergy\ssp\src\framework\el\tx\cm4_gcc\libtx.a(tx_timer_system_activate.o)
                0x0000977c                _tx_timer_system_activate
 .text._tx_timer_system_deactivate
                0x000097d0       0x2c C:\Users\britton.chesley\e2_studio\workspace\S7G\synergy\ssp\src\framework\el\tx\cm4_gcc\libtx.a(tx_timer_system_deactivate.o)
                0x000097d0                _tx_timer_system_deactivate
 .text._tx_initialize_low_level
                0x000097fc       0x80 C:\Users\britton.chesley\e2_studio\workspace\S7G\synergy\ssp\src\framework\el\tx\cm4_gcc\libtx.a(tx_initialize_low_level.o)
                0x000097fc                _tx_initialize_low_level
 .text._tx_thread_schedule
                0x0000987c       0x60 C:\Users\britton.chesley\e2_studio\workspace\S7G\synergy\ssp\src\framework\el\tx\cm4_gcc\libtx.a(tx_thread_schedule.o)
                0x0000987c                _tx_thread_schedule
 .text.PendSV_Handler
                0x000098dc      0x14c C:\Users\britton.chesley\e2_studio\workspace\S7G\synergy\ssp\src\framework\el\tx\cm4_gcc\libtx.a(tx_thread_schedule.o)
                0x000098dc                PendSV_Handler
 .text.SysTick_Handler
                0x00009a28        0x4 C:\Users\britton.chesley\e2_studio\workspace\S7G\synergy\ssp\src\framework\el\tx\cm4_gcc\libtx.a(tx_thread_schedule.o)
                0x00009a28                SysTick_Handler
 .text._tx_thread_stack_build
                0x00009a2c       0x48 C:\Users\britton.chesley\e2_studio\workspace\S7G\synergy\ssp\src\framework\el\tx\cm4_gcc\libtx.a(tx_thread_stack_build.o)
                0x00009a2c                _tx_thread_stack_build
 .text._tx_timer_interrupt
                0x00009a74       0xd4 C:\Users\britton.chesley\e2_studio\workspace\S7G\synergy\ssp\src\framework\el\tx\cm4_gcc\libtx.a(tx_timer_interrupt.o)
                0x00009a74                _tx_timer_interrupt
 .text._tx_semaphore_cleanup
                0x00009b48       0x6c C:\Users\britton.chesley\e2_studio\workspace\S7G\synergy\ssp\src\framework\el\tx\cm4_gcc\libtx.a(tx_semaphore_cleanup.o)
                0x00009b48                _tx_semaphore_cleanup
 .text._tx_thread_time_slice
                0x00009bb4       0x74 C:\Users\britton.chesley\e2_studio\workspace\S7G\synergy\ssp\src\framework\el\tx\cm4_gcc\libtx.a(tx_thread_time_slice.o)
                0x00009bb4                _tx_thread_time_slice
 .text._tx_timer_expiration_process
                0x00009c28      0x10c C:\Users\britton.chesley\e2_studio\workspace\S7G\synergy\ssp\src\framework\el\tx\cm4_gcc\libtx.a(tx_timer_expiration_process.o)
                0x00009c28                _tx_timer_expiration_process
 .text          0x00009d34      0x370 c:/renesas/synergy/e2studio_v6.2.0_ssp_v1.4.0/toolchains/gcc_arm/4.9_2015q3/bin/../lib/gcc/arm-none-eabi/4.9.3/armv7e-m/fpu\libgcc.a(_arm_addsubdf3.o)
                0x00009d34                __aeabi_drsub
                0x00009d3c                __aeabi_dsub
                0x00009d3c                __subdf3
                0x00009d40                __aeabi_dadd
                0x00009d40                __adddf3
                0x00009fb8                __floatunsidf
                0x00009fb8                __aeabi_ui2d
                0x00009fd8                __floatsidf
                0x00009fd8                __aeabi_i2d
                0x00009ffc                __aeabi_f2d
                0x00009ffc                __extendsfdf2
                0x0000a038                __floatundidf
                0x0000a038                __aeabi_ul2d
                0x0000a048                __floatdidf
                0x0000a048                __aeabi_l2d
 .text          0x0000a0a4      0x424 c:/renesas/synergy/e2studio_v6.2.0_ssp_v1.4.0/toolchains/gcc_arm/4.9_2015q3/bin/../lib/gcc/arm-none-eabi/4.9.3/armv7e-m/fpu\libgcc.a(_arm_muldivdf3.o)
                0x0000a0a4                __aeabi_dmul
                0x0000a0a4                __muldf3
                0x0000a2f8                __divdf3
                0x0000a2f8                __aeabi_ddiv
 .text          0x0000a4c8       0x50 c:/renesas/synergy/e2studio_v6.2.0_ssp_v1.4.0/toolchains/gcc_arm/4.9_2015q3/bin/../lib/gcc/arm-none-eabi/4.9.3/armv7e-m/fpu\libgcc.a(_arm_fixdfsi.o)
                0x0000a4c8                __aeabi_d2iz
                0x0000a4c8                __fixdfsi
 .text          0x0000a518       0xa0 c:/renesas/synergy/e2studio_v6.2.0_ssp_v1.4.0/toolchains/gcc_arm/4.9_2015q3/bin/../lib/gcc/arm-none-eabi/4.9.3/armv7e-m/fpu\libgcc.a(_arm_truncdfsf2.o)
                0x0000a518                __truncdfsf2
                0x0000a518                __aeabi_d2f
 .text          0x0000a5b8      0x134 c:/renesas/synergy/e2studio_v6.2.0_ssp_v1.4.0/toolchains/gcc_arm/4.9_2015q3/bin/../lib/gcc/arm-none-eabi/4.9.3/../../../../arm-none-eabi/lib/armv7e-m/fpu\libg.a(lib_a-memcpy.o)
                0x0000a5b8                memcpy
 .text.cosf     0x0000a6ec       0x78 c:/renesas/synergy/e2studio_v6.2.0_ssp_v1.4.0/toolchains/gcc_arm/4.9_2015q3/bin/../lib/gcc/arm-none-eabi/4.9.3/../../../../arm-none-eabi/lib/armv7e-m/fpu\libm.a(lib_a-sf_cos.o)
                0x0000a6ec                cosf
 .text.sinf     0x0000a764       0x7c c:/renesas/synergy/e2studio_v6.2.0_ssp_v1.4.0/toolchains/gcc_arm/4.9_2015q3/bin/../lib/gcc/arm-none-eabi/4.9.3/../../../../arm-none-eabi/lib/armv7e-m/fpu\libm.a(lib_a-sf_sin.o)
                0x0000a764                sinf
 .text.__ieee754_rem_pio2f
                0x0000a7e0      0x290 c:/renesas/synergy/e2studio_v6.2.0_ssp_v1.4.0/toolchains/gcc_arm/4.9_2015q3/bin/../lib/gcc/arm-none-eabi/4.9.3/../../../../arm-none-eabi/lib/armv7e-m/fpu\libm.a(lib_a-ef_rem_pio2.o)
                0x0000a7e0                __ieee754_rem_pio2f
 .text.__kernel_cosf
                0x0000aa70      0x104 c:/renesas/synergy/e2studio_v6.2.0_ssp_v1.4.0/toolchains/gcc_arm/4.9_2015q3/bin/../lib/gcc/arm-none-eabi/4.9.3/../../../../arm-none-eabi/lib/armv7e-m/fpu\libm.a(lib_a-kf_cos.o)
                0x0000aa70                __kernel_cosf
 .text.__kernel_rem_pio2f
                0x0000ab74      0x5e4 c:/renesas/synergy/e2studio_v6.2.0_ssp_v1.4.0/toolchains/gcc_arm/4.9_2015q3/bin/../lib/gcc/arm-none-eabi/4.9.3/../../../../arm-none-eabi/lib/armv7e-m/fpu\libm.a(lib_a-kf_rem_pio2.o)
                0x0000ab74                __kernel_rem_pio2f
 .text.__kernel_sinf
                0x0000b158       0x90 c:/renesas/synergy/e2studio_v6.2.0_ssp_v1.4.0/toolchains/gcc_arm/4.9_2015q3/bin/../lib/gcc/arm-none-eabi/4.9.3/../../../../arm-none-eabi/lib/armv7e-m/fpu\libm.a(lib_a-kf_sin.o)
                0x0000b158                __kernel_sinf
 .text.fabsf    0x0000b1e8       0x10 c:/renesas/synergy/e2studio_v6.2.0_ssp_v1.4.0/toolchains/gcc_arm/4.9_2015q3/bin/../lib/gcc/arm-none-eabi/4.9.3/../../../../arm-none-eabi/lib/armv7e-m/fpu\libm.a(lib_a-sf_fabs.o)
                0x0000b1e8                fabsf
 .text.floorf   0x0000b1f8       0x90 c:/renesas/synergy/e2studio_v6.2.0_ssp_v1.4.0/toolchains/gcc_arm/4.9_2015q3/bin/../lib/gcc/arm-none-eabi/4.9.3/../../../../arm-none-eabi/lib/armv7e-m/fpu\libm.a(lib_a-sf_floor.o)
                0x0000b1f8                floorf
 .text.scalbnf  0x0000b288       0xd0 c:/renesas/synergy/e2studio_v6.2.0_ssp_v1.4.0/toolchains/gcc_arm/4.9_2015q3/bin/../lib/gcc/arm-none-eabi/4.9.3/../../../../arm-none-eabi/lib/armv7e-m/fpu\libm.a(lib_a-sf_scalbn.o)
                0x0000b288                scalbnf
 .text.copysignf
                0x0000b358       0x18 c:/renesas/synergy/e2studio_v6.2.0_ssp_v1.4.0/toolchains/gcc_arm/4.9_2015q3/bin/../lib/gcc/arm-none-eabi/4.9.3/../../../../arm-none-eabi/lib/armv7e-m/fpu\libm.a(lib_a-sf_copysign.o)
                0x0000b358                copysignf
 *(.version)
 .version       0x0000b370       0x5e ./synergy/ssp/src/bsp/mcu/all/bsp_common.o
 *(.init)
 *fill*         0x0000b3ce        0x2 ff
 .init          0x0000b3d0        0x4 c:/renesas/synergy/e2studio_v6.2.0_ssp_v1.4.0/toolchains/gcc_arm/4.9_2015q3/bin/../lib/gcc/arm-none-eabi/4.9.3/armv7e-m/fpu/crti.o
                0x0000b3d0                _init
 .init          0x0000b3d4        0x8 c:/renesas/synergy/e2studio_v6.2.0_ssp_v1.4.0/toolchains/gcc_arm/4.9_2015q3/bin/../lib/gcc/arm-none-eabi/4.9.3/armv7e-m/fpu/crtn.o
 *(.fini)
 .fini          0x0000b3dc        0x4 c:/renesas/synergy/e2studio_v6.2.0_ssp_v1.4.0/toolchains/gcc_arm/4.9_2015q3/bin/../lib/gcc/arm-none-eabi/4.9.3/armv7e-m/fpu/crti.o
                0x0000b3dc                _fini
 .fini          0x0000b3e0        0x8 c:/renesas/synergy/e2studio_v6.2.0_ssp_v1.4.0/toolchains/gcc_arm/4.9_2015q3/bin/../lib/gcc/arm-none-eabi/4.9.3/armv7e-m/fpu/crtn.o
 *crtbegin.o(.ctors)
 *crtbegin?.o(.ctors)
 *(EXCLUDE_FILE(*crtend.o *crtend?.o) .ctors)
 *(SORT(.ctors.*))
 *(.ctors)
 *crtbegin.o(.dtors)
 *crtbegin?.o(.dtors)
 *(EXCLUDE_FILE(*crtend.o *crtend?.o) .dtors)
 *(SORT(.dtors.*))
 *(.dtors)
 *(.rodata*)
 .rodata.str1.4
                0x0000b3e8        0x4 c:/renesas/synergy/e2studio_v6.2.0_ssp_v1.4.0/toolchains/gcc_arm/4.9_2015q3/bin/../lib/gcc/arm-none-eabi/4.9.3/../../../../arm-none-eabi/lib/armv7e-m/fpu\libc.a(lib_a-impure.o)
                                  0x2 (size before relaxing)
 .rodata._global_impure_ptr
                0x0000b3ec        0x4 c:/renesas/synergy/e2studio_v6.2.0_ssp_v1.4.0/toolchains/gcc_arm/4.9_2015q3/bin/../lib/gcc/arm-none-eabi/4.9.3/../../../../arm-none-eabi/lib/armv7e-m/fpu\libc.a(lib_a-impure.o)
                0x0000b3ec                _global_impure_ptr
 .rodata.g_sf_motion_version
                0x0000b3f0        0x4 ./synergy/ssp/src/framework/sf_motion/sf_motion.o
 .rodata.g_sf_motion_on_sf_motion
                0x0000b3f4       0x28 ./synergy/ssp/src/framework/sf_motion/sf_motion.o
                0x0000b3f4                g_sf_motion_on_sf_motion
 .rodata.g_ioport_on_ioport
                0x0000b41c       0x3c ./synergy/ssp/src/driver/r_ioport/r_ioport.o
                0x0000b41c                g_ioport_on_ioport
 .rodata.g_vbatt_pins_input
                0x0000b458        0x6 ./synergy/ssp/src/driver/r_ioport/r_ioport.o
 *fill*         0x0000b45e        0x2 ff
 .rodata.bit_count
                0x0000b460       0x80 ./synergy/ssp/src/driver/r_fmi/r_fmi.o
 .rodata.bit_count_mask
                0x0000b4e0        0x8 ./synergy/ssp/src/driver/r_fmi/r_fmi.o
 .rodata.g_fmi_version
                0x0000b4e8        0x4 ./synergy/ssp/src/driver/r_fmi/r_fmi.o
 .rodata.g_fmi_on_fmi
                0x0000b4ec       0x18 ./synergy/ssp/src/driver/r_fmi/r_fmi.o
                0x0000b4ec                g_fmi_on_fmi
 .rodata.g_encoder_on_gpt
                0x0000b504       0x1c ./synergy/ssp/src/driver/r_encoder_gpt/r_encoder_gpt.o
                0x0000b504                g_encoder_on_gpt
 .rodata.s_elc_version
                0x0000b520        0x4 ./synergy/ssp/src/driver/r_elc/r_elc.o
 .rodata.g_elc_on_elc
                0x0000b524       0x1c ./synergy/ssp/src/driver/r_elc/r_elc.o
                0x0000b524                g_elc_on_elc
 .rodata.g_pllccr_div_value
                0x0000b540        0x6 ./synergy/ssp/src/driver/r_cgc/hw/hw_cgc.o
 *fill*         0x0000b546        0x2 ff
 .rodata.g_pllccr_div_setting
                0x0000b548        0x6 ./synergy/ssp/src/driver/r_cgc/hw/hw_cgc.o
 *fill*         0x0000b54e        0x2 ff
 .rodata.g_pllccr2_div_value
                0x0000b550        0x6 ./synergy/ssp/src/driver/r_cgc/hw/hw_cgc.o
 *fill*         0x0000b556        0x2 ff
 .rodata.g_pllccr2_div_setting
                0x0000b558        0x8 ./synergy/ssp/src/driver/r_cgc/hw/hw_cgc.o
 .rodata.g_cgc_version
                0x0000b560        0x4 ./synergy/ssp/src/driver/r_cgc/r_cgc.o
 .rodata.g_lcd_clock_settings
                0x0000b564        0x6 ./synergy/ssp/src/driver/r_cgc/r_cgc.o
 *fill*         0x0000b56a        0x2 ff
 .rodata.g_cgc_on_cgc
                0x0000b56c       0x60 ./synergy/ssp/src/driver/r_cgc/r_cgc.o
                0x0000b56c                g_cgc_on_cgc
 .rodata.g_motor_bldc_version
                0x0000b5cc        0x4 ./synergy/ssp/src/driver/changed_src_files/r_motor_bldc.o
 .rodata.g_motor_bldc
                0x0000b5d0       0x18 ./synergy/ssp/src/driver/changed_src_files/r_motor_bldc.o
                0x0000b5d0                g_motor_bldc
 .rodata.g_cgc_feature
                0x0000b5e8       0x2c ./synergy/ssp/src/bsp/mcu/s7g2/bsp_feature.o
 .rodata.g_fmi_data
                0x0000b614      0x400 ./synergy/ssp/src/bsp/mcu/s7g2/bsp_fmi_R7FS7G27H3A01CFC.o
                0x0000b614                g_fmi_data
 .rodata.g_bsp_module_stop
                0x0000ba14       0x46 ./synergy/ssp/src/bsp/mcu/s7g2/bsp_module_stop.o
 *fill*         0x0000ba5a        0x2 ff
 .rodata.gp_mstp
                0x0000ba5c       0x10 ./synergy/ssp/src/bsp/mcu/s7g2/bsp_module_stop.o
 .rodata.gp_vector_information
                0x0000ba6c        0x4 ./synergy/ssp/src/bsp/mcu/all/bsp_irq.o
                0x0000ba6c                gp_vector_information
 .rodata.g_prcr_masks
                0x0000ba70        0x6 ./synergy/ssp/src/bsp/mcu/all/bsp_register_protection.o
 *fill*         0x0000ba76        0x2 ff
 .rodata.g_elc_cfg
                0x0000ba78        0xc ./synergy/ssp/src/bsp/cmsis/Device/RENESAS/S7G2/Source/system_S7G2.o
 .rodata.g_bsp_prv_leds
                0x0000ba84       0x10 ./synergy/board/s7g2_bp/bsp_leds.o
 .rodata.g_bsp_leds
                0x0000ba94        0x8 ./synergy/board/s7g2_bp/bsp_leds.o
                0x0000ba94                g_bsp_leds
 .rodata.g_cgc  0x0000ba9c        0x8 ./src/synergy_gen/common_data.o
                0x0000ba9c                g_cgc
 .rodata.g_ioport
                0x0000baa4        0x8 ./src/synergy_gen/common_data.o
                0x0000baa4                g_ioport
 .rodata        0x0000baac       0x14 ./src/synergy_gen/main.o
 .rodata        0x0000bac0        0xe ./src/synergy_gen/motion_thread.o
 *fill*         0x0000bace        0x2 ff
 .rodata.g_bsp_pin_cfg_data
                0x0000bad0      0x2c8 ./src/synergy_gen/pin_data.o
                0x0000bad0                g_bsp_pin_cfg_data
 .rodata.g_bsp_pin_cfg
                0x0000bd98        0x8 ./src/synergy_gen/pin_data.o
                0x0000bd98                g_bsp_pin_cfg
 .rodata        0x0000bda0       0x23 ./src/synergy_gen/pwm_ctrl_thread.o
 *fill*         0x0000bdc3        0x1 ff
 .rodata        0x0000bdc4        0xc ./src/synergy_gen/uart_thread.o
 .rodata.npio2_hw
                0x0000bdd0       0x80 c:/renesas/synergy/e2studio_v6.2.0_ssp_v1.4.0/toolchains/gcc_arm/4.9_2015q3/bin/../lib/gcc/arm-none-eabi/4.9.3/../../../../arm-none-eabi/lib/armv7e-m/fpu\libm.a(lib_a-ef_rem_pio2.o)
 .rodata.two_over_pi
                0x0000be50      0x318 c:/renesas/synergy/e2studio_v6.2.0_ssp_v1.4.0/toolchains/gcc_arm/4.9_2015q3/bin/../lib/gcc/arm-none-eabi/4.9.3/../../../../arm-none-eabi/lib/armv7e-m/fpu\libm.a(lib_a-ef_rem_pio2.o)
 .rodata.init_jk
                0x0000c168        0xc c:/renesas/synergy/e2studio_v6.2.0_ssp_v1.4.0/toolchains/gcc_arm/4.9_2015q3/bin/../lib/gcc/arm-none-eabi/4.9.3/../../../../arm-none-eabi/lib/armv7e-m/fpu\libm.a(lib_a-kf_rem_pio2.o)
 .rodata.PIo2   0x0000c174       0x2c c:/renesas/synergy/e2studio_v6.2.0_ssp_v1.4.0/toolchains/gcc_arm/4.9_2015q3/bin/../lib/gcc/arm-none-eabi/4.9.3/../../../../arm-none-eabi/lib/armv7e-m/fpu\libm.a(lib_a-kf_rem_pio2.o)
                0x0000c1a0                __usb_dev_descriptor_start_fs = .
 *(.usb_device_desc_fs*)
                0x0000c1a0                __usb_cfg_descriptor_start_fs = .
 *(.usb_config_desc_fs*)
                0x0000c1a0                __usb_interface_descriptor_start_fs = .
 *(.usb_interface_desc_fs*)
                0x0000c1a0                __usb_descriptor_end_fs = .
                0x0000c1a0                __usb_dev_descriptor_start_hs = .
 *(.usb_device_desc_hs*)
                0x0000c1a0                __usb_cfg_descriptor_start_hs = .
 *(.usb_config_desc_hs*)
                0x0000c1a0                __usb_interface_descriptor_start_hs = .
 *(.usb_interface_desc_hs*)
                0x0000c1a0                __usb_descriptor_end_hs = .
 *(.eh_frame*)
 .eh_frame      0x0000c1a0        0x0 c:/renesas/synergy/e2studio_v6.2.0_ssp_v1.4.0/toolchains/gcc_arm/4.9_2015q3/bin/../lib/gcc/arm-none-eabi/4.9.3/armv7e-m/fpu/crtbegin.o
 .eh_frame      0x0000c1a0        0x4 c:/renesas/synergy/e2studio_v6.2.0_ssp_v1.4.0/toolchains/gcc_arm/4.9_2015q3/bin/../lib/gcc/arm-none-eabi/4.9.3/armv7e-m/fpu/crtend.o
                0x0000c1a4                __ROM_End = .
                0x00000048                __Vectors_Size = (__Vectors_End - __Vectors)
                0x00000010                __Vector_Info_Size = (__Vector_Info_End - __Vector_Info_Start)
                0x000001b0                __Lock_Lookup_Size = (__Lock_Lookup_End - __Lock_Lookup_Start)

.glue_7         0x0000c1a4        0x0
 .glue_7        0x00000000        0x0 linker stubs

.glue_7t        0x0000c1a4        0x0
 .glue_7t       0x00000000        0x0 linker stubs

.vfp11_veneer   0x0000c1a4        0x0
 .vfp11_veneer  0x00000000        0x0 linker stubs

.v4_bx          0x0000c1a4        0x0
 .v4_bx         0x00000000        0x0 linker stubs

.iplt           0x0000c1a4        0x0
 .iplt          0x00000000        0x0 c:/renesas/synergy/e2studio_v6.2.0_ssp_v1.4.0/toolchains/gcc_arm/4.9_2015q3/bin/../lib/gcc/arm-none-eabi/4.9.3/armv7e-m/fpu/crtbegin.o

.rel.dyn        0x0000c1a4        0x0
 .rel.iplt      0x00000000        0x0 c:/renesas/synergy/e2studio_v6.2.0_ssp_v1.4.0/toolchains/gcc_arm/4.9_2015q3/bin/../lib/gcc/arm-none-eabi/4.9.3/armv7e-m/fpu/crtbegin.o

.ARM.extab
 *(.ARM.extab* .gnu.linkonce.armextab.*)
                0x0000c1a4                __exidx_start = .

.ARM.exidx
 *(.ARM.exidx* .gnu.linkonce.armexidx.*)
                0x0000c1a4                __exidx_end = .
                0x0000c1a4                __etext = .

.ssp_dtc_vector_table
                0x1ffe0000        0x0
                0x1ffe0000                . = ORIGIN (RAM)
 *(.ssp_dtc_vector_table)

.data           0x1ffe0000      0x764 load address 0x0000c1a4
                0x1ffe0000                __data_start__ = .
 *(vtable)
 *(.data.*)
 .data.impure_data
                0x1ffe0000      0x428 c:/renesas/synergy/e2studio_v6.2.0_ssp_v1.4.0/toolchains/gcc_arm/4.9_2015q3/bin/../lib/gcc/arm-none-eabi/4.9.3/../../../../arm-none-eabi/lib/armv7e-m/fpu\libc.a(lib_a-impure.o)
 .data.p_mtr_pattern_ctrl
                0x1ffe0428        0x4 ./synergy/ssp/src/driver/changed_src_files/r_motor_bldc.o
                0x1ffe0428                p_mtr_pattern_ctrl
 .data.trap_pattern
                0x1ffe042c       0x12 ./synergy/ssp/src/driver/changed_src_files/r_motor_bldc.o
                0x1ffe042c                trap_pattern
 *fill*         0x1ffe043e        0x2 
 .data.pins_ctrl
                0x1ffe0440       0x48 ./synergy/ssp/src/driver/changed_src_files/r_motor_bldc.o
                0x1ffe0440                pins_ctrl
 .data.p_pins_ctrl
                0x1ffe0488        0x4 ./synergy/ssp/src/driver/changed_src_files/r_motor_bldc.o
                0x1ffe0488                p_pins_ctrl
 .data.pin_ctrl_u
                0x1ffe048c       0x18 ./synergy/ssp/src/driver/changed_src_files/r_motor_bldc.o
                0x1ffe048c                pin_ctrl_u
 .data.pin_ctrl_v
                0x1ffe04a4       0x18 ./synergy/ssp/src/driver/changed_src_files/r_motor_bldc.o