Archive member included because of file (symbol)

c:/renesas/synergy/e2studio_v6.2.0_ssp_v1.4.0/toolchains/gcc_arm/4.9_2015q3/bin/../lib/gcc/arm-none-eabi/4.9.3/../../../../arm-none-eabi/lib/armv7e-m/fpu\libc.a(lib_a-exit.o)
                              c:/renesas/synergy/e2studio_v6.2.0_ssp_v1.4.0/toolchains/gcc_arm/4.9_2015q3/bin/../lib/gcc/arm-none-eabi/4.9.3/../../../../arm-none-eabi/lib/armv7e-m/fpu/rdimon-crt0.o (exit)
c:/renesas/synergy/e2studio_v6.2.0_ssp_v1.4.0/toolchains/gcc_arm/4.9_2015q3/bin/../lib/gcc/arm-none-eabi/4.9.3/../../../../arm-none-eabi/lib/armv7e-m/fpu\libc.a(lib_a-impure.o)
                              c:/renesas/synergy/e2studio_v6.2.0_ssp_v1.4.0/toolchains/gcc_arm/4.9_2015q3/bin/../lib/gcc/arm-none-eabi/4.9.3/../../../../arm-none-eabi/lib/armv7e-m/fpu\libc.a(lib_a-exit.o) (_global_impure_ptr)
c:/renesas/synergy/e2studio_v6.2.0_ssp_v1.4.0/toolchains/gcc_arm/4.9_2015q3/bin/../lib/gcc/arm-none-eabi/4.9.3/../../../../arm-none-eabi/lib/armv7e-m/fpu\libc.a(lib_a-init.o)
                              c:/renesas/synergy/e2studio_v6.2.0_ssp_v1.4.0/toolchains/gcc_arm/4.9_2015q3/bin/../lib/gcc/arm-none-eabi/4.9.3/../../../../arm-none-eabi/lib/armv7e-m/fpu/rdimon-crt0.o (__libc_init_array)
c:/renesas/synergy/e2studio_v6.2.0_ssp_v1.4.0/toolchains/gcc_arm/4.9_2015q3/bin/../lib/gcc/arm-none-eabi/4.9.3/../../../../arm-none-eabi/lib/armv7e-m/fpu\libc.a(lib_a-memset.o)
                              c:/renesas/synergy/e2studio_v6.2.0_ssp_v1.4.0/toolchains/gcc_arm/4.9_2015q3/bin/../lib/gcc/arm-none-eabi/4.9.3/../../../../arm-none-eabi/lib/armv7e-m/fpu/rdimon-crt0.o (memset)
c:/renesas/synergy/e2studio_v6.2.0_ssp_v1.4.0/toolchains/gcc_arm/4.9_2015q3/bin/../lib/gcc/arm-none-eabi/4.9.3/../../../../arm-none-eabi/lib/armv7e-m/fpu\libc.a(lib_a-__call_atexit.o)
                              c:/renesas/synergy/e2studio_v6.2.0_ssp_v1.4.0/toolchains/gcc_arm/4.9_2015q3/bin/../lib/gcc/arm-none-eabi/4.9.3/../../../../arm-none-eabi/lib/armv7e-m/fpu\libc.a(lib_a-exit.o) (__call_exitprocs)
c:/renesas/synergy/e2studio_v6.2.0_ssp_v1.4.0/toolchains/gcc_arm/4.9_2015q3/bin/../lib/gcc/arm-none-eabi/4.9.3/../../../../arm-none-eabi/lib/armv7e-m/fpu\libc.a(lib_a-atexit.o)
                              c:/renesas/synergy/e2studio_v6.2.0_ssp_v1.4.0/toolchains/gcc_arm/4.9_2015q3/bin/../lib/gcc/arm-none-eabi/4.9.3/../../../../arm-none-eabi/lib/armv7e-m/fpu\libc.a(lib_a-__call_atexit.o) (atexit)
c:/renesas/synergy/e2studio_v6.2.0_ssp_v1.4.0/toolchains/gcc_arm/4.9_2015q3/bin/../lib/gcc/arm-none-eabi/4.9.3/../../../../arm-none-eabi/lib/armv7e-m/fpu\libc.a(lib_a-fini.o)
                              c:/renesas/synergy/e2studio_v6.2.0_ssp_v1.4.0/toolchains/gcc_arm/4.9_2015q3/bin/../lib/gcc/arm-none-eabi/4.9.3/../../../../arm-none-eabi/lib/armv7e-m/fpu\libc.a(lib_a-__call_atexit.o) (__libc_fini_array)
c:/renesas/synergy/e2studio_v6.2.0_ssp_v1.4.0/toolchains/gcc_arm/4.9_2015q3/bin/../lib/gcc/arm-none-eabi/4.9.3/../../../../arm-none-eabi/lib/armv7e-m/fpu\libc.a(lib_a-__atexit.o)
                              c:/renesas/synergy/e2studio_v6.2.0_ssp_v1.4.0/toolchains/gcc_arm/4.9_2015q3/bin/../lib/gcc/arm-none-eabi/4.9.3/../../../../arm-none-eabi/lib/armv7e-m/fpu\libc.a(lib_a-atexit.o) (__register_exitproc)
c:/renesas/synergy/e2studio_v6.2.0_ssp_v1.4.0/toolchains/gcc_arm/4.9_2015q3/bin/../lib/gcc/arm-none-eabi/4.9.3/../../../../arm-none-eabi/lib/armv7e-m/fpu\librdimon.a(rdimon-syscalls.o)
                              c:/renesas/synergy/e2studio_v6.2.0_ssp_v1.4.0/toolchains/gcc_arm/4.9_2015q3/bin/../lib/gcc/arm-none-eabi/4.9.3/../../../../arm-none-eabi/lib/armv7e-m/fpu/rdimon-crt0.o (initialise_monitor_handles)
c:/renesas/synergy/e2studio_v6.2.0_ssp_v1.4.0/toolchains/gcc_arm/4.9_2015q3/bin/../lib/gcc/arm-none-eabi/4.9.3/../../../../arm-none-eabi/lib/armv7e-m/fpu\librdimon.a(rdimon-_exit.o)
                              c:/renesas/synergy/e2studio_v6.2.0_ssp_v1.4.0/toolchains/gcc_arm/4.9_2015q3/bin/../lib/gcc/arm-none-eabi/4.9.3/../../../../arm-none-eabi/lib/armv7e-m/fpu\libc.a(lib_a-exit.o) (_exit)
c:/renesas/synergy/e2studio_v6.2.0_ssp_v1.4.0/toolchains/gcc_arm/4.9_2015q3/bin/../lib/gcc/arm-none-eabi/4.9.3/../../../../arm-none-eabi/lib/armv7e-m/fpu\librdimon.a(rdimon-_kill.o)
                              c:/renesas/synergy/e2studio_v6.2.0_ssp_v1.4.0/toolchains/gcc_arm/4.9_2015q3/bin/../lib/gcc/arm-none-eabi/4.9.3/../../../../arm-none-eabi/lib/armv7e-m/fpu\librdimon.a(rdimon-_exit.o) (_kill)
c:/renesas/synergy/e2studio_v6.2.0_ssp_v1.4.0/toolchains/gcc_arm/4.9_2015q3/bin/../lib/gcc/arm-none-eabi/4.9.3/../../../../arm-none-eabi/lib/armv7e-m/fpu\libc.a(lib_a-errno.o)
                              c:/renesas/synergy/e2studio_v6.2.0_ssp_v1.4.0/toolchains/gcc_arm/4.9_2015q3/bin/../lib/gcc/arm-none-eabi/4.9.3/../../../../arm-none-eabi/lib/armv7e-m/fpu\librdimon.a(rdimon-syscalls.o) (__errno)
[...]
Memory Configuration

Name             Origin             Length             Attributes
FLASH            0x00000000         0x00400000         xr
RAM              0x1ffe0000         0x000a0000         xrw
DATA_FLASH       0x40100000         0x00010000         xr
QSPI_FLASH       0x60000000         0x04000000         xr
SDRAM            0x90000000         0x02000000         xrw
*default*        0x00000000         0xffffffff

Linker script and memory map

LOAD c:/renesas/synergy/e2studio_v6.2.0_ssp_v1.4.0/toolchains/gcc_arm/4.9_2015q3/bin/../lib/gcc/arm-none-eabi/4.9.3/armv7e-m/fpu/crti.o
LOAD c:/renesas/synergy/e2studio_v6.2.0_ssp_v1.4.0/toolchains/gcc_arm/4.9_2015q3/bin/../lib/gcc/arm-none-eabi/4.9.3/armv7e-m/fpu/crtbegin.o
LOAD c:/renesas/synergy/e2studio_v6.2.0_ssp_v1.4.0/toolchains/gcc_arm/4.9_2015q3/bin/../lib/gcc/arm-none-eabi/4.9.3/../../../../arm-none-eabi/lib/armv7e-m/fpu/rdimon-crt0.o
START GROUP
LOAD c:/renesas/synergy/e2studio_v6.2.0_ssp_v1.4.0/toolchains/gcc_arm/4.9_2015q3/bin/../lib/gcc/arm-none-eabi/4.9.3/armv7e-m/fpu\libgcc.a
LOAD c:/renesas/synergy/e2studio_v6.2.0_ssp_v1.4.0/toolchains/gcc_arm/4.9_2015q3/bin/../lib/gcc/arm-none-eabi/4.9.3/../../../../arm-none-eabi/lib/armv7e-m/fpu\libc.a
LOAD c:/renesas/synergy/e2studio_v6.2.0_ssp_v1.4.0/toolchains/gcc_arm/4.9_2015q3/bin/../lib/gcc/arm-none-eabi/4.9.3/../../../../arm-none-eabi/lib/armv7e-m/fpu\libm.a
LOAD c:/renesas/synergy/e2studio_v6.2.0_ssp_v1.4.0/toolchains/gcc_arm/4.9_2015q3/bin/../lib/gcc/arm-none-eabi/4.9.3/../../../../arm-none-eabi/lib/armv7e-m/fpu\librdimon.a
END GROUP
START GROUP
LOAD ./synergy/ssp/src/framework/sf_uart_comms/sf_uart_comms.o
LOAD ./synergy/ssp/src/framework/sf_motion/sf_motion.o
LOAD ./synergy/ssp/src/framework/sf_motion/sf_motion_vpg.o
LOAD ./synergy/ssp/src/driver/r_sci_uart/r_sci_uart.o
LOAD ./synergy/ssp/src/driver/r_ioport/r_ioport.o
LOAD ./synergy/ssp/src/driver/r_fmi/r_fmi.o
LOAD ./synergy/ssp/src/driver/r_encoder_gpt/r_encoder_gpt.o
LOAD ./synergy/ssp/src/driver/r_elc/r_elc.o
LOAD ./synergy/ssp/src/driver/r_dtc/r_dtc.o
LOAD ./synergy/ssp/src/driver/r_cgc/hw/hw_cgc.o
LOAD ./synergy/ssp/src/driver/r_cgc/r_cgc.o
LOAD ./synergy/ssp/src/driver/r_adc/r_adc.o
LOAD ./synergy/ssp/src/driver/changed_src_files/r_motor.o
LOAD ./synergy/ssp/src/driver/changed_src_files/r_motor_bldc.o
LOAD ./synergy/ssp/src/bsp/mcu/s7g2/bsp_cache.o
LOAD ./synergy/ssp/src/bsp/mcu/s7g2/bsp_clocks.o
LOAD ./synergy/ssp/src/bsp/mcu/s7g2/bsp_feature.o
LOAD ./synergy/ssp/src/bsp/mcu/s7g2/bsp_fmi_R7FS7G27H3A01CFC.o
LOAD ./synergy/ssp/src/bsp/mcu/s7g2/bsp_group_irq.o
LOAD ./synergy/ssp/src/bsp/mcu/s7g2/bsp_hw_locks.o
LOAD ./synergy/ssp/src/bsp/mcu/s7g2/bsp_module_stop.o
LOAD ./synergy/ssp/src/bsp/mcu/s7g2/bsp_rom_registers.o
LOAD ./synergy/ssp/src/bsp/mcu/all/bsp_common.o
LOAD ./synergy/ssp/src/bsp/mcu/all/bsp_common_leds.o
LOAD ./synergy/ssp/src/bsp/mcu/all/bsp_delay.o
LOAD ./synergy/ssp/src/bsp/mcu/all/bsp_irq.o
LOAD ./synergy/ssp/src/bsp/mcu/all/bsp_locking.o
LOAD ./synergy/ssp/src/bsp/mcu/all/bsp_register_protection.o
LOAD ./synergy/ssp/src/bsp/mcu/all/bsp_sbrk.o
LOAD ./synergy/ssp/src/bsp/cmsis/Device/RENESAS/S7G2/Source/startup_S7G2.o
LOAD ./synergy/ssp/src/bsp/cmsis/Device/RENESAS/S7G2/Source/system_S7G2.o
LOAD ./synergy/board/s7g2_sk/bsp_init.o
LOAD ./synergy/board/s7g2_sk/bsp_leds.o
LOAD ./synergy/board/s7g2_sk/bsp_qspi.o
LOAD ./src/synergy_gen/common_data.o
LOAD ./src/synergy_gen/hal_data.o
LOAD ./src/synergy_gen/main.o
LOAD ./src/synergy_gen/motion_thread.o
LOAD ./src/synergy_gen/pin_data.o
LOAD ./src/synergy_gen/pwm_ctrl_thread.o
LOAD ./src/synergy_gen/uart_thread.o
LOAD ./src/mc/changed_mc/m_commands.o
LOAD ./src/mc/changed_mc/m_interpreter.o
LOAD ./src/hal_entry.o
LOAD ./src/motion_thread_entry.o
LOAD ./src/pwm_ctrl_thread_entry.o
LOAD ./src/uart_thread_entry.o
LOAD C:\Users\britton.chesley\e2_studio\workspace\S7G\synergy\ssp\src\framework\el\tx\cm4_gcc\libtx.a
LOAD C:\Users\britton.chesley\e2_studio\workspace\S7G\synergy\ssp\src\bsp\cmsis\DSP_Lib\cm4_gcc\libDSP_Lib.a
END GROUP
START GROUP
LOAD c:/renesas/synergy/e2studio_v6.2.0_ssp_v1.4.0/toolchains/gcc_arm/4.9_2015q3/bin/../lib/gcc/arm-none-eabi/4.9.3/armv7e-m/fpu\libgcc.a
LOAD c:/renesas/synergy/e2studio_v6.2.0_ssp_v1.4.0/toolchains/gcc_arm/4.9_2015q3/bin/../lib/gcc/arm-none-eabi/4.9.3/../../../../arm-none-eabi/lib/armv7e-m/fpu\libg.a
LOAD c:/renesas/synergy/e2studio_v6.2.0_ssp_v1.4.0/toolchains/gcc_arm/4.9_2015q3/bin/../lib/gcc/arm-none-eabi/4.9.3/../../../../arm-none-eabi/lib/armv7e-m/fpu\libc.a
END GROUP
START GROUP
LOAD c:/renesas/synergy/e2studio_v6.2.0_ssp_v1.4.0/toolchains/gcc_arm/4.9_2015q3/bin/../lib/gcc/arm-none-eabi/4.9.3/armv7e-m/fpu\libgcc.a
LOAD c:/renesas/synergy/e2studio_v6.2.0_ssp_v1.4.0/toolchains/gcc_arm/4.9_2015q3/bin/../lib/gcc/arm-none-eabi/4.9.3/../../../../arm-none-eabi/lib/armv7e-m/fpu\libc.a
LOAD c:/renesas/synergy/e2studio_v6.2.0_ssp_v1.4.0/toolchains/gcc_arm/4.9_2015q3/bin/../lib/gcc/arm-none-eabi/4.9.3/../../../../arm-none-eabi/lib/armv7e-m/fpu\librdimon.a
END GROUP
LOAD c:/renesas/synergy/e2studio_v6.2.0_ssp_v1.4.0/toolchains/gcc_arm/4.9_2015q3/bin/../lib/gcc/arm-none-eabi/4.9.3/armv7e-m/fpu/crtend.o
LOAD c:/renesas/synergy/e2studio_v6.2.0_ssp_v1.4.0/toolchains/gcc_arm/4.9_2015q3/bin/../lib/gcc/arm-none-eabi/4.9.3/armv7e-m/fpu/crtn.o
START GROUP
LOAD c:/renesas/synergy/e2studio_v6.2.0_ssp_v1.4.0/toolchains/gcc_arm/4.9_2015q3/bin/../lib/gcc/arm-none-eabi/4.9.3/armv7e-m/fpu\libgcc.a
LOAD c:/renesas/synergy/e2studio_v6.2.0_ssp_v1.4.0/toolchains/gcc_arm/4.9_2015q3/bin/../lib/gcc/arm-none-eabi/4.9.3/../../../../arm-none-eabi/lib/armv7e-m/fpu\libc.a
LOAD c:/renesas/synergy/e2studio_v6.2.0_ssp_v1.4.0/toolchains/gcc_arm/4.9_2015q3/bin/../lib/gcc/arm-none-eabi/4.9.3/../../../../arm-none-eabi/lib/armv7e-m/fpu\libm.a
LOAD c:/renesas/synergy/e2studio_v6.2.0_ssp_v1.4.0/toolchains/gcc_arm/4.9_2015q3/bin/../lib/gcc/arm-none-eabi/4.9.3/../../../../arm-none-eabi/lib/armv7e-m/fpu\libnosys.a
END GROUP

.text           0x00000000    0x1337c
                0x00000000                __ROM_Start = .
 *(.vectors)
 .vectors       0x00000000       0x40 ./synergy/ssp/src/bsp/cmsis/Device/RENESAS/S7G2/Source/startup_S7G2.o
                0x00000000                __Vectors
 *(SORT(.vector.*))
 .vector.GPT_0_COUNTER_OVERFLOW
                0x00000040        0x4 ./src/synergy_gen/motion_thread.o
                0x00000040                g_vector_GPT_0_COUNTER_OVERFLOW
 .vector.SCI_0_RXI
                0x00000044        0x4 ./src/synergy_gen/uart_thread.o
                0x00000044                g_vector_SCI_0_RXI
 .vector.SCI_0_TEI
                0x00000048        0x4 ./src/synergy_gen/uart_thread.o
                0x00000048                g_vector_SCI_0_TEI
 .vector.SCI_0_TXI
                0x0000004c        0x4 ./src/synergy_gen/uart_thread.o
                0x0000004c                g_vector_SCI_0_TXI
                0x00000050                __Vectors_End = .
                0x00000050                __end__ = .
                0x00000400                . = (__ROM_Start + 0x400)
 *fill*         0x00000050      0x3b0 ff
 *(.rom_registers*)
 .rom_registers
                0x00000400       0x3c ./synergy/ssp/src/bsp/mcu/s7g2/bsp_rom_registers.o
                0x00000500                . = (__ROM_Start + 0x500)
 *fill*         0x0000043c       0xc4 ff
                0x00000500                __Vector_Info_Start = .
 *(SORT(.vector_info.*))
 .vector_info.GPT_0_COUNTER_OVERFLOW
                0x00000500        0x8 ./src/synergy_gen/motion_thread.o
                0x00000500                g_vector_info_GPT_0_COUNTER_OVERFLOW
 .vector_info.SCI_0_RXI
                0x00000508        0x8 ./src/synergy_gen/uart_thread.o
                0x00000508                g_vector_info_SCI_0_RXI
 .vector_info.SCI_0_TEI
                0x00000510        0x8 ./src/synergy_gen/uart_thread.o
                0x00000510                g_vector_info_SCI_0_TEI
 .vector_info.SCI_0_TXI
                0x00000518        0x8 ./src/synergy_gen/uart_thread.o
                0x00000518                g_vector_info_SCI_0_TXI
                0x00000520                __Vector_Info_End = .
                0x00000520                __Lock_Lookup_Start = .
 *(SORT(.hw_lock_lookup.*))
 .hw_lock_lookup.ADC_0U_0U
                0x00000520        0x4 ./synergy/ssp/src/bsp/mcu/s7g2/bsp_hw_locks.o
                0x00000520                g_lock_lookup_ADC_0U_0U
 .hw_lock_lookup.ADC_0U_1U
                0x00000524        0x4 ./synergy/ssp/src/bsp/mcu/s7g2/bsp_hw_locks.o
                0x00000524                g_lock_lookup_ADC_0U_1U
 .hw_lock_lookup.AGT_0U_0U
                0x00000528        0x4 ./synergy/ssp/src/bsp/mcu/s7g2/bsp_hw_locks.o
                0x00000528                g_lock_lookup_AGT_0U_0U
 .hw_lock_lookup.AGT_0U_1U
                0x0000052c        0x4 ./synergy/ssp/src/bsp/mcu/s7g2/bsp_hw_locks.o
                0x0000052c                g_lock_lookup_AGT_0U_1U
 .hw_lock_lookup.BSC_0U_1U
                0x00000530        0x4 ./synergy/ssp/src/bsp/mcu/s7g2/bsp_hw_locks.o
                0x00000530                g_lock_lookup_BSC_0U_1U
 .hw_lock_lookup.CAC_0U_0U
                0x00000534        0x4 ./synergy/ssp/src/bsp/mcu/s7g2/bsp_hw_locks.o
                0x00000534                g_lock_lookup_CAC_0U_0U
 .hw_lock_lookup.CAN_0U_0U
                0x00000538        0x4 ./synergy/ssp/src/bsp/mcu/s7g2/bsp_hw_locks.o
                0x00000538                g_lock_lookup_CAN_0U_0U
 .hw_lock_lookup.CAN_0U_1U
                0x0000053c        0x4 ./synergy/ssp/src/bsp/mcu/s7g2/bsp_hw_locks.o
                0x0000053c                g_lock_lookup_CAN_0U_1U
 .hw_lock_lookup.COMP_HS_0U_0U
                0x00000540        0x4 ./synergy/ssp/src/bsp/mcu/s7g2/bsp_hw_locks.o
                0x00000540                g_lock_lookup_COMP_HS_0U_0U
 .hw_lock_lookup.COMP_HS_0U_1U
                0x00000544        0x4 ./synergy/ssp/src/bsp/mcu/s7g2/bsp_hw_locks.o
                0x00000544                g_lock_lookup_COMP_HS_0U_1U
 .hw_lock_lookup.COMP_HS_0U_2U
                0x00000548        0x4 ./synergy/ssp/src/bsp/mcu/s7g2/bsp_hw_locks.o
                0x00000548                g_lock_lookup_COMP_HS_0U_2U
 .hw_lock_lookup.COMP_HS_0U_3U
                0x0000054c        0x4 ./synergy/ssp/src/bsp/mcu/s7g2/bsp_hw_locks.o
                0x0000054c                g_lock_lookup_COMP_HS_0U_3U
 .hw_lock_lookup.COMP_HS_0U_4U
                0x00000550        0x4 ./synergy/ssp/src/bsp/mcu/s7g2/bsp_hw_locks.o
                0x00000550                g_lock_lookup_COMP_HS_0U_4U
 .hw_lock_lookup.COMP_HS_0U_5U
                0x00000554        0x4 ./synergy/ssp/src/bsp/mcu/s7g2/bsp_hw_locks.o
                0x00000554                g_lock_lookup_COMP_HS_0U_5U
 .hw_lock_lookup.CRC_0U_0U
                0x00000558        0x4 ./synergy/ssp/src/bsp/mcu/s7g2/bsp_hw_locks.o
                0x00000558                g_lock_lookup_CRC_0U_0U
 .hw_lock_lookup.CTSU_0U_0U
                0x0000055c        0x4 ./synergy/ssp/src/bsp/mcu/s7g2/bsp_hw_locks.o
                0x0000055c                g_lock_lookup_CTSU_0U_0U
 .hw_lock_lookup.DAAD_0U_0U
                0x00000560        0x4 ./synergy/ssp/src/bsp/mcu/s7g2/bsp_hw_locks.o
                0x00000560                g_lock_lookup_DAAD_0U_0U
 .hw_lock_lookup.DAC_0U_0U
                0x00000564        0x4 ./synergy/ssp/src/bsp/mcu/s7g2/bsp_hw_locks.o
                0x00000564                g_lock_lookup_DAC_0U_0U
 .hw_lock_lookup.DAC_0U_1U
                0x00000568        0x4 ./synergy/ssp/src/bsp/mcu/s7g2/bsp_hw_locks.o
                0x00000568                g_lock_lookup_DAC_0U_1U
 .hw_lock_lookup.DMAC_0U_0U
                0x0000056c        0x4 ./synergy/ssp/src/bsp/mcu/s7g2/bsp_hw_locks.o
                0x0000056c                g_lock_lookup_DMAC_0U_0U
 .hw_lock_lookup.DMAC_0U_1U
                0x00000570        0x4 ./synergy/ssp/src/bsp/mcu/s7g2/bsp_hw_locks.o
                0x00000570                g_lock_lookup_DMAC_0U_1U
 .hw_lock_lookup.DMAC_0U_2U
                0x00000574        0x4 ./synergy/ssp/src/bsp/mcu/s7g2/bsp_hw_locks.o
                0x00000574                g_lock_lookup_DMAC_0U_2U
 .hw_lock_lookup.DMAC_0U_3U
                0x00000578        0x4 ./synergy/ssp/src/bsp/mcu/s7g2/bsp_hw_locks.o
                0x00000578                g_lock_lookup_DMAC_0U_3U
 .hw_lock_lookup.DMAC_0U_4U
                0x0000057c        0x4 ./synergy/ssp/src/bsp/mcu/s7g2/bsp_hw_locks.o
                0x0000057c                g_lock_lookup_DMAC_0U_4U
 .hw_lock_lookup.DMAC_0U_5U
                0x00000580        0x4 ./synergy/ssp/src/bsp/mcu/s7g2/bsp_hw_locks.o
                0x00000580                g_lock_lookup_DMAC_0U_5U
 .hw_lock_lookup.DMAC_0U_6U
                0x00000584        0x4 ./synergy/ssp/src/bsp/mcu/s7g2/bsp_hw_locks.o
                0x00000584                g_lock_lookup_DMAC_0U_6U
 .hw_lock_lookup.DMAC_0U_7U
                0x00000588        0x4 ./synergy/ssp/src/bsp/mcu/s7g2/bsp_hw_locks.o
                0x00000588                g_lock_lookup_DMAC_0U_7U
 .hw_lock_lookup.DOC_0U_0U
                0x0000058c        0x4 ./synergy/ssp/src/bsp/mcu/s7g2/bsp_hw_locks.o
                0x0000058c                g_lock_lookup_DOC_0U_0U
 .hw_lock_lookup.DRW_0U_0U
                0x00000590        0x4 ./synergy/ssp/src/bsp/mcu/s7g2/bsp_hw_locks.o
                0x00000590                g_lock_lookup_DRW_0U_0U
 .hw_lock_lookup.DTC_0U_0U
                0x00000594        0x4 ./synergy/ssp/src/bsp/mcu/s7g2/bsp_hw_locks.o
                0x00000594                g_lock_lookup_DTC_0U_0U
 .hw_lock_lookup.ELC_0U_0U
                0x00000598        0x4 ./synergy/ssp/src/bsp/mcu/s7g2/bsp_hw_locks.o
                0x00000598                g_lock_lookup_ELC_0U_0U
 .hw_lock_lookup.EPTPC_0U_0U
                0x0000059c        0x4 ./synergy/ssp/src/bsp/mcu/s7g2/bsp_hw_locks.o
                0x0000059c                g_lock_lookup_EPTPC_0U_0U
 .hw_lock_lookup.ETHER_0U_0U
                0x000005a0        0x4 ./synergy/ssp/src/bsp/mcu/s7g2/bsp_hw_locks.o
                0x000005a0                g_lock_lookup_ETHER_0U_0U
 .hw_lock_lookup.ETHER_0U_1U
                0x000005a4        0x4 ./synergy/ssp/src/bsp/mcu/s7g2/bsp_hw_locks.o
                0x000005a4                g_lock_lookup_ETHER_0U_1U
 .hw_lock_lookup.FCU_0U_0U
                0x000005a8        0x4 ./synergy/ssp/src/bsp/mcu/s7g2/bsp_hw_locks.o
                0x000005a8                g_lock_lookup_FCU_0U_0U
 .hw_lock_lookup.GLCDC_0U_0U
                0x000005ac        0x4 ./synergy/ssp/src/bsp/mcu/s7g2/bsp_hw_locks.o
                0x000005ac                g_lock_lookup_GLCDC_0U_0U
 .hw_lock_lookup.GPT_0U_0U
                0x000005b0        0x4 ./synergy/ssp/src/bsp/mcu/s7g2/bsp_hw_locks.o
                0x000005b0                g_lock_lookup_GPT_0U_0U
 .hw_lock_lookup.GPT_0U_10U
                0x000005b4        0x4 ./synergy/ssp/src/bsp/mcu/s7g2/bsp_hw_locks.o
                0x000005b4                g_lock_lookup_GPT_0U_10U
 .hw_lock_lookup.GPT_0U_11U
                0x000005b8        0x4 ./synergy/ssp/src/bsp/mcu/s7g2/bsp_hw_locks.o
                0x000005b8                g_lock_lookup_GPT_0U_11U
 .hw_lock_lookup.GPT_0U_12U
                0x000005bc        0x4 ./synergy/ssp/src/bsp/mcu/s7g2/bsp_hw_locks.o
                0x000005bc                g_lock_lookup_GPT_0U_12U
 .hw_lock_lookup.GPT_0U_13U
                0x000005c0        0x4 ./synergy/ssp/src/bsp/mcu/s7g2/bsp_hw_locks.o
                0x000005c0                g_lock_lookup_GPT_0U_13U
 .hw_lock_lookup.GPT_0U_1U
                0x000005c4        0x4 ./synergy/ssp/src/bsp/mcu/s7g2/bsp_hw_locks.o
                0x000005c4                g_lock_lookup_GPT_0U_1U
 .hw_lock_lookup.GPT_0U_2U
                0x000005c8        0x4 ./synergy/ssp/src/bsp/mcu/s7g2/bsp_hw_locks.o
                0x000005c8                g_lock_lookup_GPT_0U_2U
 .hw_lock_lookup.GPT_0U_3U
                0x000005cc        0x4 ./synergy/ssp/src/bsp/mcu/s7g2/bsp_hw_locks.o
                0x000005cc                g_lock_lookup_GPT_0U_3U
 .hw_lock_lookup.GPT_0U_4U
                0x000005d0        0x4 ./synergy/ssp/src/bsp/mcu/s7g2/bsp_hw_locks.o
                0x000005d0                g_lock_lookup_GPT_0U_4U
 .hw_lock_lookup.GPT_0U_5U
                0x000005d4        0x4 ./synergy/ssp/src/bsp/mcu/s7g2/bsp_hw_locks.o
                0x000005d4                g_lock_lookup_GPT_0U_5U
 .hw_lock_lookup.GPT_0U_6U
                0x000005d8        0x4 ./synergy/ssp/src/bsp/mcu/s7g2/bsp_hw_locks.o
                0x000005d8                g_lock_lookup_GPT_0U_6U
 .hw_lock_lookup.GPT_0U_7U
                0x000005dc        0x4 ./synergy/ssp/src/bsp/mcu/s7g2/bsp_hw_locks.o
                0x000005dc                g_lock_lookup_GPT_0U_7U
 .hw_lock_lookup.GPT_0U_8U
                0x000005e0        0x4 ./synergy/ssp/src/bsp/mcu/s7g2/bsp_hw_locks.o
                0x000005e0                g_lock_lookup_GPT_0U_8U
 .hw_lock_lookup.GPT_0U_9U
                0x000005e4        0x4 ./synergy/ssp/src/bsp/mcu/s7g2/bsp_hw_locks.o
                0x000005e4                g_lock_lookup_GPT_0U_9U
 .hw_lock_lookup.ICU_0U_0U
                0x000005e8        0x4 ./synergy/ssp/src/bsp/mcu/s7g2/bsp_hw_locks.o
                0x000005e8                g_lock_lookup_ICU_0U_0U
 .hw_lock_lookup.ICU_0U_10U
                0x000005ec        0x4 ./synergy/ssp/src/bsp/mcu/s7g2/bsp_hw_locks.o
                0x000005ec                g_lock_lookup_ICU_0U_10U
 .hw_lock_lookup.ICU_0U_11U
                0x000005f0        0x4 ./synergy/ssp/src/bsp/mcu/s7g2/bsp_hw_locks.o
                0x000005f0                g_lock_lookup_ICU_0U_11U
 .hw_lock_lookup.ICU_0U_12U
                0x000005f4        0x4 ./synergy/ssp/src/bsp/mcu/s7g2/bsp_hw_locks.o
                0x000005f4                g_lock_lookup_ICU_0U_12U
 .hw_lock_lookup.ICU_0U_13U
                0x000005f8        0x4 ./synergy/ssp/src/bsp/mcu/s7g2/bsp_hw_locks.o
                0x000005f8                g_lock_lookup_ICU_0U_13U
 .hw_lock_lookup.ICU_0U_14U
                0x000005fc        0x4 ./synergy/ssp/src/bsp/mcu/s7g2/bsp_hw_locks.o
                0x000005fc                g_lock_lookup_ICU_0U_14U
 .hw_lock_lookup.ICU_0U_15U
                0x00000600        0x4 ./synergy/ssp/src/bsp/mcu/s7g2/bsp_hw_locks.o
                0x00000600                g_lock_lookup_ICU_0U_15U
 .hw_lock_lookup.ICU_0U_1U
                0x00000604        0x4 ./synergy/ssp/src/bsp/mcu/s7g2/bsp_hw_locks.o
                0x00000604                g_lock_lookup_ICU_0U_1U
 .hw_lock_lookup.ICU_0U_2U
                0x00000608        0x4 ./synergy/ssp/src/bsp/mcu/s7g2/bsp_hw_locks.o
                0x00000608                g_lock_lookup_ICU_0U_2U
 .hw_lock_lookup.ICU_0U_3U
                0x0000060c        0x4 ./synergy/ssp/src/bsp/mcu/s7g2/bsp_hw_locks.o
                0x0000060c                g_lock_lookup_ICU_0U_3U
 .hw_lock_lookup.ICU_0U_4U
                0x00000610        0x4 ./synergy/ssp/src/bsp/mcu/s7g2/bsp_hw_locks.o
                0x00000610                g_lock_lookup_ICU_0U_4U
 .hw_lock_lookup.ICU_0U_5U
                0x00000614        0x4 ./synergy/ssp/src/bsp/mcu/s7g2/bsp_hw_locks.o
                0x00000614                g_lock_lookup_ICU_0U_5U
 .hw_lock_lookup.ICU_0U_6U
                0x00000618        0x4 ./synergy/ssp/src/bsp/mcu/s7g2/bsp_hw_locks.o
                0x00000618                g_lock_lookup_ICU_0U_6U
 .hw_lock_lookup.ICU_0U_7U
                0x0000061c        0x4 ./synergy/ssp/src/bsp/mcu/s7g2/bsp_hw_locks.o
                0x0000061c                g_lock_lookup_ICU_0U_7U
 .hw_lock_lookup.ICU_0U_8U
                0x00000620        0x4 ./synergy/ssp/src/bsp/mcu/s7g2/bsp_hw_locks.o
                0x00000620                g_lock_lookup_ICU_0U_8U
 .hw_lock_lookup.ICU_0U_9U
                0x00000624        0x4 ./synergy/ssp/src/bsp/mcu/s7g2/bsp_hw_locks.o
                0x00000624                g_lock_lookup_ICU_0U_9U
 .hw_lock_lookup.IIC_0U_0U
                0x00000628        0x4 ./synergy/ssp/src/bsp/mcu/s7g2/bsp_hw_locks.o
                0x00000628                g_lock_lookup_IIC_0U_0U
 .hw_lock_lookup.IIC_0U_1U
                0x0000062c        0x4 ./synergy/ssp/src/bsp/mcu/s7g2/bsp_hw_locks.o
                0x0000062c                g_lock_lookup_IIC_0U_1U
 .hw_lock_lookup.IIC_0U_2U
                0x00000630        0x4 ./synergy/ssp/src/bsp/mcu/s7g2/bsp_hw_locks.o
                0x00000630                g_lock_lookup_IIC_0U_2U
 .hw_lock_lookup.IRDA_0U_0U
                0x00000634        0x4 ./synergy/ssp/src/bsp/mcu/s7g2/bsp_hw_locks.o
                0x00000634                g_lock_lookup_IRDA_0U_0U
 .hw_lock_lookup.IWDT_0U_0U
                0x00000638        0x4 ./synergy/ssp/src/bsp/mcu/s7g2/bsp_hw_locks.o
                0x00000638                g_lock_lookup_IWDT_0U_0U
 .hw_lock_lookup.JPEG_0U_0U
                0x0000063c        0x4 ./synergy/ssp/src/bsp/mcu/s7g2/bsp_hw_locks.o
                0x0000063c                g_lock_lookup_JPEG_0U_0U
 .hw_lock_lookup.KEY_0U_0U
                0x00000640        0x4 ./synergy/ssp/src/bsp/mcu/s7g2/bsp_hw_locks.o
                0x00000640                g_lock_lookup_KEY_0U_0U
 .hw_lock_lookup.LPM_1U_0U
                0x00000644        0x4 ./synergy/ssp/src/bsp/mcu/s7g2/bsp_hw_locks.o
                0x00000644                g_lock_lookup_LPM_1U_0U
 .hw_lock_lookup.LVD_0U_0U
                0x00000648        0x4 ./synergy/ssp/src/bsp/mcu/s7g2/bsp_hw_locks.o
                0x00000648                g_lock_lookup_LVD_0U_0U
 .hw_lock_lookup.LVD_0U_1U
                0x0000064c        0x4 ./synergy/ssp/src/bsp/mcu/s7g2/bsp_hw_locks.o
                0x0000064c                g_lock_lookup_LVD_0U_1U
 .hw_lock_lookup.MMF_0U_0U
                0x00000650        0x4 ./synergy/ssp/src/bsp/mcu/s7g2/bsp_hw_locks.o
                0x00000650                g_lock_lookup_MMF_0U_0U
 .hw_lock_lookup.MPU_0U_0U
                0x00000654        0x4 ./synergy/ssp/src/bsp/mcu/s7g2/bsp_hw_locks.o
                0x00000654                g_lock_lookup_MPU_0U_0U
 .hw_lock_lookup.OPS_0U_0U
                0x00000658        0x4 ./synergy/ssp/src/bsp/mcu/s7g2/bsp_hw_locks.o
                0x00000658                g_lock_lookup_OPS_0U_0U
 .hw_lock_lookup.PDC_0U_0U
                0x0000065c        0x4 ./synergy/ssp/src/bsp/mcu/s7g2/bsp_hw_locks.o
                0x0000065c                g_lock_lookup_PDC_0U_0U
 .hw_lock_lookup.POEG_0U_0U
                0x00000660        0x4 ./synergy/ssp/src/bsp/mcu/s7g2/bsp_hw_locks.o
                0x00000660                g_lock_lookup_POEG_0U_0U
 .hw_lock_lookup.POEG_0U_1U
                0x00000664        0x4 ./synergy/ssp/src/bsp/mcu/s7g2/bsp_hw_locks.o
                0x00000664                g_lock_lookup_POEG_0U_1U
 .hw_lock_lookup.POEG_0U_2U
                0x00000668        0x4 ./synergy/ssp/src/bsp/mcu/s7g2/bsp_hw_locks.o
                0x00000668                g_lock_lookup_POEG_0U_2U
 .hw_lock_lookup.POEG_0U_3U
                0x0000066c        0x4 ./synergy/ssp/src/bsp/mcu/s7g2/bsp_hw_locks.o
                0x0000066c                g_lock_lookup_POEG_0U_3U
 .hw_lock_lookup.QSPI_0U_0U
                0x00000670        0x4 ./synergy/ssp/src/bsp/mcu/s7g2/bsp_hw_locks.o
                0x00000670                g_lock_lookup_QSPI_0U_0U
 .hw_lock_lookup.RTC_0U_0U
                0x00000674        0x4 ./synergy/ssp/src/bsp/mcu/s7g2/bsp_hw_locks.o
                0x00000674                g_lock_lookup_RTC_0U_0U
 .hw_lock_lookup.SCE_0U_0U
                0x00000678        0x4 ./synergy/ssp/src/bsp/mcu/s7g2/bsp_hw_locks.o
                0x00000678                g_lock_lookup_SCE_0U_0U
 .hw_lock_lookup.SCI_0U_0U
                0x0000067c        0x4 ./synergy/ssp/src/bsp/mcu/s7g2/bsp_hw_locks.o
                0x0000067c                g_lock_lookup_SCI_0U_0U
 .hw_lock_lookup.SCI_0U_1U
                0x00000680        0x4 ./synergy/ssp/src/bsp/mcu/s7g2/bsp_hw_locks.o
                0x00000680                g_lock_lookup_SCI_0U_1U
 .hw_lock_lookup.SCI_0U_2U
                0x00000684        0x4 ./synergy/ssp/src/bsp/mcu/s7g2/bsp_hw_locks.o
                0x00000684                g_lock_lookup_SCI_0U_2U
 .hw_lock_lookup.SCI_0U_3U
                0x00000688        0x4 ./synergy/ssp/src/bsp/mcu/s7g2/bsp_hw_locks.o
                0x00000688                g_lock_lookup_SCI_0U_3U
 .hw_lock_lookup.SCI_0U_4U
                0x0000068c        0x4 ./synergy/ssp/src/bsp/mcu/s7g2/bsp_hw_locks.o
                0x0000068c                g_lock_lookup_SCI_0U_4U
 .hw_lock_lookup.SCI_0U_5U
                0x00000690        0x4 ./synergy/ssp/src/bsp/mcu/s7g2/bsp_hw_locks.o
                0x00000690                g_lock_lookup_SCI_0U_5U
 .hw_lock_lookup.SCI_0U_6U
                0x00000694        0x4 ./synergy/ssp/src/bsp/mcu/s7g2/bsp_hw_locks.o
                0x00000694                g_lock_lookup_SCI_0U_6U
 .hw_lock_lookup.SCI_0U_7U
                0x00000698        0x4 ./synergy/ssp/src/bsp/mcu/s7g2/bsp_hw_locks.o
                0x00000698                g_lock_lookup_SCI_0U_7U
 .hw_lock_lookup.SCI_0U_8U
                0x0000069c        0x4 ./synergy/ssp/src/bsp/mcu/s7g2/bsp_hw_locks.o
                0x0000069c                g_lock_lookup_SCI_0U_8U
 .hw_lock_lookup.SCI_0U_9U
                0x000006a0        0x4 ./synergy/ssp/src/bsp/mcu/s7g2/bsp_hw_locks.o
                0x000006a0                g_lock_lookup_SCI_0U_9U
 .hw_lock_lookup.SDHIMMC_0U_0U
                0x000006a4        0x4 ./synergy/ssp/src/bsp/mcu/s7g2/bsp_hw_locks.o
                0x000006a4                g_lock_lookup_SDHIMMC_0U_0U
 .hw_lock_lookup.SDHIMMC_0U_1U
                0x000006a8        0x4 ./synergy/ssp/src/bsp/mcu/s7g2/bsp_hw_locks.o
                0x000006a8                g_lock_lookup_SDHIMMC_0U_1U
 .hw_lock_lookup.SPI_0U_0U
                0x000006ac        0x4 ./synergy/ssp/src/bsp/mcu/s7g2/bsp_hw_locks.o
                0x000006ac                g_lock_lookup_SPI_0U_0U
 .hw_lock_lookup.SPI_0U_1U
                0x000006b0        0x4 ./synergy/ssp/src/bsp/mcu/s7g2/bsp_hw_locks.o
                0x000006b0                g_lock_lookup_SPI_0U_1U
 .hw_lock_lookup.SRC_0U_0U
                0x000006b4        0x4 ./synergy/ssp/src/bsp/mcu/s7g2/bsp_hw_locks.o
                0x000006b4                g_lock_lookup_SRC_0U_0U
 .hw_lock_lookup.SSI_0U_0U
                0x000006b8        0x4 ./synergy/ssp/src/bsp/mcu/s7g2/bsp_hw_locks.o
                0x000006b8                g_lock_lookup_SSI_0U_0U
 .hw_lock_lookup.SSI_0U_1U
                0x000006bc        0x4 ./synergy/ssp/src/bsp/mcu/s7g2/bsp_hw_locks.o
                0x000006bc                g_lock_lookup_SSI_0U_1U
 .hw_lock_lookup.TSN_0U_0U
                0x000006c0        0x4 ./synergy/ssp/src/bsp/mcu/s7g2/bsp_hw_locks.o
                0x000006c0                g_lock_lookup_TSN_0U_0U
 .hw_lock_lookup.USB_0U_0U
                0x000006c4        0x4 ./synergy/ssp/src/bsp/mcu/s7g2/bsp_hw_locks.o
                0x000006c4                g_lock_lookup_USB_0U_0U
 .hw_lock_lookup.USB_1U_0U
                0x000006c8        0x4 ./synergy/ssp/src/bsp/mcu/s7g2/bsp_hw_locks.o
                0x000006c8                g_lock_lookup_USB_1U_0U
 .hw_lock_lookup.WDT_0U_0U
                0x000006cc        0x4 ./synergy/ssp/src/bsp/mcu/s7g2/bsp_hw_locks.o
                0x000006cc                g_lock_lookup_WDT_0U_0U
                0x000006d0                __Lock_Lookup_End = .
 *(.text*)
 .text          0x000006d0       0x5c c:/renesas/synergy/e2studio_v6.2.0_ssp_v1.4.0/toolchains/gcc_arm/4.9_2015q3/bin/../lib/gcc/arm-none-eabi/4.9.3/armv7e-m/fpu/crtbegin.o
 .text.memset   0x0000072c       0x9c c:/renesas/synergy/e2studio_v6.2.0_ssp_v1.4.0/toolchains/gcc_arm/4.9_2015q3/bin/../lib/gcc/arm-none-eabi/4.9.3/../../../../arm-none-eabi/lib/armv7e-m/fpu\libc.a(lib_a-memset.o)
                0x0000072c                memset
 .text.startup.register_fini
                0x000007c8       0x14 c:/renesas/synergy/e2studio_v6.2.0_ssp_v1.4.0/toolchains/gcc_arm/4.9_2015q3/bin/../lib/gcc/arm-none-eabi/4.9.3/../../../../arm-none-eabi/lib/armv7e-m/fpu\libc.a(lib_a-__call_atexit.o)
 .text.atexit   0x000007dc        0xc c:/renesas/synergy/e2studio_v6.2.0_ssp_v1.4.0/toolchains/gcc_arm/4.9_2015q3/bin/../lib/gcc/arm-none-eabi/4.9.3/../../../../arm-none-eabi/lib/armv7e-m/fpu\libc.a(lib_a-atexit.o)
                0x000007dc                atexit
 .text.__libc_fini_array
                0x000007e8       0x2c c:/renesas/synergy/e2studio_v6.2.0_ssp_v1.4.0/toolchains/gcc_arm/4.9_2015q3/bin/../lib/gcc/arm-none-eabi/4.9.3/../../../../arm-none-eabi/lib/armv7e-m/fpu\libc.a(lib_a-fini.o)
                0x000007e8                __libc_fini_array
 .text.__register_exitproc
                0x00000814       0xa4 c:/renesas/synergy/e2studio_v6.2.0_ssp_v1.4.0/toolchains/gcc_arm/4.9_2015q3/bin/../lib/gcc/arm-none-eabi/4.9.3/../../../../arm-none-eabi/lib/armv7e-m/fpu\libc.a(lib_a-__atexit.o)
                0x00000814                __register_exitproc
 .text.SF_UART_COMMS_Open
                0x000008b8       0x90 ./synergy/ssp/src/framework/sf_uart_comms/sf_uart_comms.o
                0x000008b8                SF_UART_COMMS_Open
 .text.SF_UART_COMMS_Close
                0x00000948       0x5c ./synergy/ssp/src/framework/sf_uart_comms/sf_uart_comms.o
                0x00000948                SF_UART_COMMS_Close
 .text.SF_UART_COMMS_Read
                0x000009a4       0xe4 ./synergy/ssp/src/framework/sf_uart_comms/sf_uart_comms.o
                0x000009a4                SF_UART_COMMS_Read
 .text.SF_UART_COMMS_Write
                0x00000a88       0xcc ./synergy/ssp/src/framework/sf_uart_comms/sf_uart_comms.o
                0x00000a88                SF_UART_COMMS_Write
 .text.SF_UART_COMMS_Lock
                0x00000b54       0x70 ./synergy/ssp/src/framework/sf_uart_comms/sf_uart_comms.o
                0x00000b54                SF_UART_COMMS_Lock
 .text.SF_UART_COMMS_Unlock
                0x00000bc4       0x60 ./synergy/ssp/src/framework/sf_uart_comms/sf_uart_comms.o
                0x00000bc4                SF_UART_COMMS_Unlock
 .text.SF_UART_COMMS_VersionGet
                0x00000c24       0x24 ./synergy/ssp/src/framework/sf_uart_comms/sf_uart_comms.o
                0x00000c24                SF_UART_COMMS_VersionGet
 .text.sf_uart_comms_receive_chars
                0x00000c48       0x90 ./synergy/ssp/src/framework/sf_uart_comms/sf_uart_comms.o
 .text.sf_uart_comms_check_events
                0x00000cd8      0x100 ./synergy/ssp/src/framework/sf_uart_comms/sf_uart_comms.o
 .text.sf_uart_comms_tx_resource_setup
                0x00000dd8       0xb8 ./synergy/ssp/src/framework/sf_uart_comms/sf_uart_comms.o
 .text.sf_uart_comms_tx_resource_release
                0x00000e90       0x84 ./synergy/ssp/src/framework/sf_uart_comms/sf_uart_comms.o
 .text.sf_uart_comms_callback
                0x00000f14       0x70 ./synergy/ssp/src/framework/sf_uart_comms/sf_uart_comms.o
 .text.SF_MOTION_Open
                0x00000f84      0x22c ./synergy/ssp/src/framework/sf_motion/sf_motion.o
                0x00000f84                SF_MOTION_Open
 .text.SF_MOTION_Close
                0x000011b0       0x3c ./synergy/ssp/src/framework/sf_motion/sf_motion.o
                0x000011b0                SF_MOTION_Close
 .text.SF_MOTION_VersionGet
                0x000011ec       0x2c ./synergy/ssp/src/framework/sf_motion/sf_motion.o
                0x000011ec                SF_MOTION_VersionGet
 .text.SF_MOTION_Start
                0x00001218       0x24 ./synergy/ssp/src/framework/sf_motion/sf_motion.o
                0x00001218                SF_MOTION_Start
 .text.SF_MOTION_Capture
                0x0000123c       0x50 ./synergy/ssp/src/framework/sf_motion/sf_motion.o
                0x0000123c                SF_MOTION_Capture
 .text.SF_MOTION_Align
                0x0000128c       0x5c ./synergy/ssp/src/framework/sf_motion/sf_motion.o
                0x0000128c                SF_MOTION_Align
 .text.SF_MOTION_Stop
                0x000012e8       0x2c ./synergy/ssp/src/framework/sf_motion/sf_motion.o
                0x000012e8                SF_MOTION_Stop
 .text.sf_amp_fault
                0x00001314       0x3c ./synergy/ssp/src/framework/sf_motion/sf_motion.o
 .text.SF_MOTION_Power
                0x00001350       0xd0 ./synergy/ssp/src/framework/sf_motion/sf_motion.o
                0x00001350                SF_MOTION_Power
 .text.servo_on
                0x00001420       0xa0 ./synergy/ssp/src/framework/sf_motion/sf_motion.o
 .text.servo_off
                0x000014c0       0x84 ./synergy/ssp/src/framework/sf_motion/sf_motion.o
 .text.SF_MOTION_Servo
                0x00001544       0x68 ./synergy/ssp/src/framework/sf_motion/sf_motion.o
                0x00001544                SF_MOTION_Servo
 .text.sf_vpg   0x000015ac       0xb4 ./synergy/ssp/src/framework/sf_motion/sf_motion.o
 .text.pid_calc
                0x00001660      0x148 ./synergy/ssp/src/framework/sf_motion/sf_motion.o
 .text.sf_pos_loop
                0x000017a8      0x13c ./synergy/ssp/src/framework/sf_motion/sf_motion.o
 .text.sf_halls
                0x000018e4       0xd8 ./synergy/ssp/src/framework/sf_motion/sf_motion.o
 .text.sf_interlocks
                0x000019bc       0x7c ./synergy/ssp/src/framework/sf_motion/sf_motion.o
 .text.sf_phasing
                0x00001a38      0x294 ./synergy/ssp/src/framework/sf_motion/sf_motion.o
 .text.recorder
                0x00001ccc      0x2d4 ./synergy/ssp/src/framework/sf_motion/sf_motion.o
 .text.SF_MOTION_Control
                0x00001fa0       0xf4 ./synergy/ssp/src/framework/sf_motion/sf_motion.o
                0x00001fa0                SF_MOTION_Control
 .text.update_ctrl
                0x00002094      0x238 ./synergy/ssp/src/framework/sf_motion/sf_motion.o
 .text.decode_ptr
                0x000022cc      0x118 ./synergy/ssp/src/framework/sf_motion/sf_motion.o
 .text.SF_MOTION_Logging
                0x000023e4       0x4c ./synergy/ssp/src/framework/sf_motion/sf_motion.o
                0x000023e4                SF_MOTION_Logging
 .text.vpg_trap_start
                0x00002430       0xe4 ./synergy/ssp/src/framework/sf_motion/sf_motion_vpg.o
                0x00002430                vpg_trap_start
 .text.vpg_trap_next
                0x00002514      0x21c ./synergy/ssp/src/framework/sf_motion/sf_motion_vpg.o
                0x00002514                vpg_trap_next
 .text.NVIC_EnableIRQ
                0x00002730       0x30 ./synergy/ssp/src/driver/r_sci_uart/r_sci_uart.o
 .text.NVIC_DisableIRQ
                0x00002760       0x34 ./synergy/ssp/src/driver/r_sci_uart/r_sci_uart.o
 .text.NVIC_ClearPendingIRQ
                0x00002794       0x34 ./synergy/ssp/src/driver/r_sci_uart/r_sci_uart.o
 .text.NVIC_SetPriority
                0x000027c8       0x54 ./synergy/ssp/src/driver/r_sci_uart/r_sci_uart.o
 .text.R_SSP_CurrentIrqGet
                0x0000281c       0x34 ./synergy/ssp/src/driver/r_sci_uart/r_sci_uart.o
 .text.R_SSP_VectorInfoGet
                0x00002850       0x2c ./synergy/ssp/src/driver/r_sci_uart/r_sci_uart.o
 .text.HW_SCI_FifoEnable
                0x0000287c       0x1c ./synergy/ssp/src/driver/r_sci_uart/r_sci_uart.o
 .text.HW_SCI_ReceiveFifoReset
                0x00002898       0x1c ./synergy/ssp/src/driver/r_sci_uart/r_sci_uart.o
 .text.HW_SCI_RXIeventSelect
                0x000028b4       0x1c ./synergy/ssp/src/driver/r_sci_uart/r_sci_uart.o
 .text.HW_SCI_RxTriggerNumberSet
                0x000028d0       0x38 ./synergy/ssp/src/driver/r_sci_uart/r_sci_uart.o
 .text.HW_SCI_RTSTriggerNumberSet
                0x00002908       0x34 ./synergy/ssp/src/driver/r_sci_uart/r_sci_uart.o
 .text.HW_SCI_TransmitFifoReset
                0x0000293c       0x30 ./synergy/ssp/src/driver/r_sci_uart/r_sci_uart.o
 .text.HW_SCI_TxTriggerNumberSet
                0x0000296c       0x38 ./synergy/ssp/src/driver/r_sci_uart/r_sci_uart.o
 .text.HW_SCI_ParitySet
                0x000029a4       0x2c ./synergy/ssp/src/driver/r_sci_uart/r_sci_uart.o
 .text.HW_SCI_DataBits7bitsSelect
                0x000029d0       0x28 ./synergy/ssp/src/driver/r_sci_uart/r_sci_uart.o
 .text.HW_SCI_DataBits9bitsSelect
                0x000029f8       0x28 ./synergy/ssp/src/driver/r_sci_uart/r_sci_uart.o
 .text.HW_SCI_StopBitsSelect
                0x00002a20       0x34 ./synergy/ssp/src/driver/r_sci_uart/r_sci_uart.o
 .text.HW_SCI_Write9bits
                0x00002a54       0x30 ./synergy/ssp/src/driver/r_sci_uart/r_sci_uart.o
 .text.HW_SCI_Read9bits
                0x00002a84       0x1c ./synergy/ssp/src/driver/r_sci_uart/r_sci_uart.o
 .text.HW_SCI_WriteAddrGet
                0x00002aa0       0x28 ./synergy/ssp/src/driver/r_sci_uart/r_sci_uart.o
 .text.HW_SCI_Non_FIFO_WriteAddrGet
                0x00002ac8       0x28 ./synergy/ssp/src/driver/r_sci_uart/r_sci_uart.o
 .text.HW_SCI_WriteFIFO
                0x00002af0       0x30 ./synergy/ssp/src/driver/r_sci_uart/r_sci_uart.o
 .text.HW_SCI_ReadAddrGet
                0x00002b20       0x28 ./synergy/ssp/src/driver/r_sci_uart/r_sci_uart.o
 .text.HW_SCI_Non_FIFO_ReadAddrGet
                0x00002b48       0x28 ./synergy/ssp/src/driver/r_sci_uart/r_sci_uart.o
 .text.HW_SCI_ReadFIFO
                0x00002b70       0x20 ./synergy/ssp/src/driver/r_sci_uart/r_sci_uart.o
 .text.HW_SCI_TDFEClear
                0x00002b90       0x1c ./synergy/ssp/src/driver/r_sci_uart/r_sci_uart.o
 .text.HW_SCI_RDFClear
                0x00002bac       0x28 ./synergy/ssp/src/driver/r_sci_uart/r_sci_uart.o
 .text.HW_SCI_FIFO_WriteCount
                0x00002bd4       0x24 ./synergy/ssp/src/driver/r_sci_uart/r_sci_uart.o
 .text.HW_SCI_FIFO_ReadCount
                0x00002bf8       0x20 ./synergy/ssp/src/driver/r_sci_uart/r_sci_uart.o
 .text.HW_SCI_CtsInEnable
                0x00002c18       0x1c ./synergy/ssp/src/driver/r_sci_uart/r_sci_uart.o
 .text.HW_SCI_StartBitSet
                0x00002c34       0x30 ./synergy/ssp/src/driver/r_sci_uart/r_sci_uart.o
 .text.HW_SCI_TransmitterLevelSet
                0x00002c64       0x28 ./synergy/ssp/src/driver/r_sci_uart/r_sci_uart.o
 .text.HW_SCI_RxIrqEnable
                0x00002c8c       0x40 ./synergy/ssp/src/driver/r_sci_uart/r_sci_uart.o
 .text.HW_SCI_TeIrqEnable
                0x00002ccc       0x5c ./synergy/ssp/src/driver/r_sci_uart/r_sci_uart.o
 .text.HW_SCI_UartTransmitterEnable
                0x00002d28       0x24 ./synergy/ssp/src/driver/r_sci_uart/r_sci_uart.o
 .text.HW_SCI_UartTransmitIrqDisable
                0x00002d4c       0x24 ./synergy/ssp/src/driver/r_sci_uart/r_sci_uart.o
 .text.HW_SCI_UartReceiverEnable
                0x00002d70       0x24 ./synergy/ssp/src/driver/r_sci_uart/r_sci_uart.o
 .text.HW_SCI_UartTransmitterReceiverDisable
                0x00002d94       0x24 ./synergy/ssp/src/driver/r_sci_uart/r_sci_uart.o
 .text.HW_SCI_ReceiverEnable
                0x00002db8       0x24 ./synergy/ssp/src/driver/r_sci_uart/r_sci_uart.o
 .text.HW_SCI_TransmitterEnable
                0x00002ddc       0x24 ./synergy/ssp/src/driver/r_sci_uart/r_sci_uart.o
 .text.HW_SCI_Write
                0x00002e00       0x2c ./synergy/ssp/src/driver/r_sci_uart/r_sci_uart.o
 .text.HW_SCI_Read
                0x00002e2c       0x1c ./synergy/ssp/src/driver/r_sci_uart/r_sci_uart.o
 .text.HW_SCI_RegisterReset
                0x00002e48       0x8c ./synergy/ssp/src/driver/r_sci_uart/r_sci_uart.o
 .text.HW_SCI_BaudRateGenInternalClkSelect
                0x00002ed4       0x1c ./synergy/ssp/src/driver/r_sci_uart/r_sci_uart.o
 .text.HW_SCI_BaudRateGenExternalClkSelect
                0x00002ef0       0x20 ./synergy/ssp/src/driver/r_sci_uart/r_sci_uart.o
 .text.HW_SCI_IsBaudRateInternalClkSelected
                0x00002f10       0x28 ./synergy/ssp/src/driver/r_sci_uart/r_sci_uart.o
 .text.HW_SCI_BaudRateGenExternalClkDivideBy8
                0x00002f38       0x1c ./synergy/ssp/src/driver/r_sci_uart/r_sci_uart.o
 .text.HW_SCI_UartBitRateSet
                0x00002f54       0x9c ./synergy/ssp/src/driver/r_sci_uart/r_sci_uart.o
 .text.HW_SCI_BitRateDefaultSet
                0x00002ff0       0x38 ./synergy/ssp/src/driver/r_sci_uart/r_sci_uart.o
 .text.HW_SCI_BaudClkOutputEnable
                0x00003028       0x54 ./synergy/ssp/src/driver/r_sci_uart/r_sci_uart.o
 .text.HW_SCI_BaudClkOutputDisable
                0x0000307c       0x38 ./synergy/ssp/src/driver/r_sci_uart/r_sci_uart.o
 .text.HW_SCI_NoiseFilterSet
                0x000030b4       0x40 ./synergy/ssp/src/driver/r_sci_uart/r_sci_uart.o
 .text.HW_SCI_BitRateModulationEnable
                0x000030f4       0x34 ./synergy/ssp/src/driver/r_sci_uart/r_sci_uart.o
 .text.HW_SCI_UartBitRateModulationSet
                0x00003128       0x1c ./synergy/ssp/src/driver/r_sci_uart/r_sci_uart.o
 .text.R_SCI_UartOpen
                0x00003144      0x208 ./synergy/ssp/src/driver/r_sci_uart/r_sci_uart.o
                0x00003144                R_SCI_UartOpen
 .text.R_SCI_UartClose
                0x0000334c       0xc0 ./synergy/ssp/src/driver/r_sci_uart/r_sci_uart.o
                0x0000334c                R_SCI_UartClose
 .text.R_SCI_UartRead
                0x0000340c       0xac ./synergy/ssp/src/driver/r_sci_uart/r_sci_uart.o
                0x0000340c                R_SCI_UartRead
 .text.R_SCI_UartWrite
                0x000034b8      0x148 ./synergy/ssp/src/driver/r_sci_uart/r_sci_uart.o
                0x000034b8                R_SCI_UartWrite
 .text.R_SCI_UartBaudSet
                0x00003600       0xc0 ./synergy/ssp/src/driver/r_sci_uart/r_sci_uart.o
                0x00003600                R_SCI_UartBaudSet
 .text.R_SCI_UartInfoGet
                0x000036c0       0xd8 ./synergy/ssp/src/driver/r_sci_uart/r_sci_uart.o
                0x000036c0                R_SCI_UartInfoGet
 .text.R_SCI_UartVersionGet
                0x00003798       0x38 ./synergy/ssp/src/driver/r_sci_uart/r_sci_uart.o
                0x00003798                R_SCI_UartVersionGet
 .text.r_sci_uart_open_param_check
                0x000037d0       0x40 ./synergy/ssp/src/driver/r_sci_uart/r_sci_uart.o
 .text.r_sci_read_write_param_check
                0x00003810       0x74 ./synergy/ssp/src/driver/r_sci_uart/r_sci_uart.o
 .text.r_sci_uart_transfer_configure
                0x00003884       0xd0 ./synergy/ssp/src/driver/r_sci_uart/r_sci_uart.o
 .text.r_sci_uart_transfer_open
                0x00003954      0x1b4 ./synergy/ssp/src/driver/r_sci_uart/r_sci_uart.o
 .text.r_sci_uart_config_set
                0x00003b08       0x94 ./synergy/ssp/src/driver/r_sci_uart/r_sci_uart.o
 .text.r_sci_uart_fifo_cfg
                0x00003b9c       0x94 ./synergy/ssp/src/driver/r_sci_uart/r_sci_uart.o
 .text.r_sci_irq_cfg
                0x00003c30       0x80 ./synergy/ssp/src/driver/r_sci_uart/r_sci_uart.o
 .text.r_sci_irqs_cfg
                0x00003cb0       0x8c ./synergy/ssp/src/driver/r_sci_uart/r_sci_uart.o
 .text.r_sci_uart_transfer_close
                0x00003d3c       0x58 ./synergy/ssp/src/driver/r_sci_uart/r_sci_uart.o
 .text.r_sci_uart_brr_mddr_calculate
                0x00003d94      0x14c ./synergy/ssp/src/driver/r_sci_uart/r_sci_uart.o
 .text.r_sci_uart_baud_calculate
                0x00003ee0       0x90 ./synergy/ssp/src/driver/r_sci_uart/r_sci_uart.o
 .text.r_sci_uart_baud_set
                0x00003f70       0x7c ./synergy/ssp/src/driver/r_sci_uart/r_sci_uart.o
 .text.r_sci_uart_write_no_transfer
                0x00003fec       0xa4 ./synergy/ssp/src/driver/r_sci_uart/r_sci_uart.o
                0x00003fec                r_sci_uart_write_no_transfer
 .text.r_sci_uart_read_data
                0x00004090       0x5c ./synergy/ssp/src/driver/r_sci_uart/r_sci_uart.o
                0x00004090                r_sci_uart_read_data
 .text.r_sci_uart_rxi_read_no_transfer
                0x000040ec       0x80 ./synergy/ssp/src/driver/r_sci_uart/r_sci_uart.o
                0x000040ec                r_sci_uart_rxi_read_no_transfer
 .text.sci_uart_txi_isr
                0x0000416c       0xdc ./synergy/ssp/src/driver/r_sci_uart/r_sci_uart.o
                0x0000416c                sci_uart_txi_isr
 .text.sci_uart_rxi_isr
                0x00004248       0x8c ./synergy/ssp/src/driver/r_sci_uart/r_sci_uart.o
                0x00004248                sci_uart_rxi_isr
 .text.sci_uart_tei_isr
                0x000042d4       0x8c ./synergy/ssp/src/driver/r_sci_uart/r_sci_uart.o
                0x000042d4                sci_uart_tei_isr
 .text.ioport_port_address_get
                0x00004360       0x28 ./synergy/ssp/src/driver/r_ioport/r_ioport.o
 .text.ioport_pfs_address_get
                0x00004388       0x30 ./synergy/ssp/src/driver/r_ioport/r_ioport.o
 .text.HW_IOPORT_EthernetModeCfg
                0x000043b8       0x64 ./synergy/ssp/src/driver/r_ioport/r_ioport.o
 .text.HW_IOPORT_PinWrite
                0x0000441c       0x5c ./synergy/ssp/src/driver/r_ioport/r_ioport.o
 .text.HW_IOPORT_PortWriteWithPCNTR3
                0x00004478       0x40 ./synergy/ssp/src/driver/r_ioport/r_ioport.o
 .text.HW_IOPORT_PortEventInputDataRead
                0x000044b8       0x3c ./synergy/ssp/src/driver/r_ioport/r_ioport.o
 .text.HW_IOPORT_PortEventOutputDataWrite
                0x000044f4       0x44 ./synergy/ssp/src/driver/r_ioport/r_ioport.o
 .text.HW_IOPORT_PinRead
                0x00004538       0x30 ./synergy/ssp/src/driver/r_ioport/r_ioport.o
 .text.HW_IOPORT_PortRead
                0x00004568       0x38 ./synergy/ssp/src/driver/r_ioport/r_ioport.o
 .text.HW_IOPORT_PortDirectionRead
                0x000045a0       0x34 ./synergy/ssp/src/driver/r_ioport/r_ioport.o
 .text.HW_IOPORT_PinDirectionSet
                0x000045d4       0x5c ./synergy/ssp/src/driver/r_ioport/r_ioport.o
 .text.HW_IOPORT_PortDirectionSet
                0x00004630       0x40 ./synergy/ssp/src/driver/r_ioport/r_ioport.o
 .text.HW_IOPORT_PFSAccessEnable
                0x00004670       0x5c ./synergy/ssp/src/driver/r_ioport/r_ioport.o
 .text.HW_IOPORT_PFSAccessDisable
                0x000046cc       0x68 ./synergy/ssp/src/driver/r_ioport/r_ioport.o
 .text.HW_IOPORT_PFSRead
                0x00004734       0x24 ./synergy/ssp/src/driver/r_ioport/r_ioport.o
 .text.HW_IOPORT_PFSWrite
                0x00004758       0x64 ./synergy/ssp/src/driver/r_ioport/r_ioport.o
 .text.R_IOPORT_Init
                0x000047bc       0xd0 ./synergy/ssp/src/driver/r_ioport/r_ioport.o
                0x000047bc                R_IOPORT_Init
 .text.R_IOPORT_PinsCfg
                0x0000488c       0x78 ./synergy/ssp/src/driver/r_ioport/r_ioport.o
                0x0000488c                R_IOPORT_PinsCfg
 .text.R_IOPORT_PinCfg
                0x00004904       0x68 ./synergy/ssp/src/driver/r_ioport/r_ioport.o
                0x00004904                R_IOPORT_PinCfg
 .text.R_IOPORT_PinRead
                0x0000496c       0x54 ./synergy/ssp/src/driver/r_ioport/r_ioport.o
                0x0000496c                R_IOPORT_PinRead
 .text.R_IOPORT_PortRead
                0x000049c0       0x54 ./synergy/ssp/src/driver/r_ioport/r_ioport.o
                0x000049c0                R_IOPORT_PortRead
 .text.R_IOPORT_PortWrite
                0x00004a14       0x68 ./synergy/ssp/src/driver/r_ioport/r_ioport.o
                0x00004a14                R_IOPORT_PortWrite
 .text.R_IOPORT_PinWrite
                0x00004a7c       0x54 ./synergy/ssp/src/driver/r_ioport/r_ioport.o
                0x00004a7c                R_IOPORT_PinWrite
 .text.R_IOPORT_PortDirectionSet
                0x00004ad0       0x94 ./synergy/ssp/src/driver/r_ioport/r_ioport.o
                0x00004ad0                R_IOPORT_PortDirectionSet
 .text.R_IOPORT_PinDirectionSet
                0x00004b64       0x5c ./synergy/ssp/src/driver/r_ioport/r_ioport.o
                0x00004b64                R_IOPORT_PinDirectionSet
 .text.R_IOPORT_PortEventInputRead
                0x00004bc0       0x54 ./synergy/ssp/src/driver/r_ioport/r_ioport.o
                0x00004bc0                R_IOPORT_PortEventInputRead
 .text.R_IOPORT_PinEventInputRead
                0x00004c14       0x88 ./synergy/ssp/src/driver/r_ioport/r_ioport.o
                0x00004c14                R_IOPORT_PinEventInputRead
 .text.R_IOPORT_PortEventOutputWrite
                0x00004c9c       0x68 ./synergy/ssp/src/driver/r_ioport/r_ioport.o
                0x00004c9c                R_IOPORT_PortEventOutputWrite
 .text.R_IOPORT_PinEventOutputWrite
                0x00004d04       0x8c ./synergy/ssp/src/driver/r_ioport/r_ioport.o
                0x00004d04                R_IOPORT_PinEventOutputWrite
 .text.R_IOPORT_VersionGet
                0x00004d90       0x38 ./synergy/ssp/src/driver/r_ioport/r_ioport.o
                0x00004d90                R_IOPORT_VersionGet
 .text.R_IOPORT_EthernetModeCfg
                0x00004dc8       0x64 ./synergy/ssp/src/driver/r_ioport/r_ioport.o
                0x00004dc8                R_IOPORT_EthernetModeCfg
 .text.r_ioport_pin_exists
                0x00004e2c       0x5c ./synergy/ssp/src/driver/r_ioport/r_ioport.o
 .text.r_ioport_port_exists
                0x00004e88       0x34 ./synergy/ssp/src/driver/r_ioport/r_ioport.o
 .text.bsp_vbatt_init
                0x00004ebc       0xd4 ./synergy/ssp/src/driver/r_ioport/r_ioport.o
 .text.HW_FMI_RecordLocate
                0x00004f90       0x28 ./synergy/ssp/src/driver/r_fmi/r_fmi.o
 .text.HW_FMI_IPLocate
                0x00004fb8      0x114 ./synergy/ssp/src/driver/r_fmi/r_fmi.o
 .text.HW_FMI_EventGet
                0x000050cc       0xd4 ./synergy/ssp/src/driver/r_fmi/r_fmi.o
 .text.R_FMI_Init
                0x000051a0       0x80 ./synergy/ssp/src/driver/r_fmi/r_fmi.o
 .text.R_FMI_ProductInfoGet
                0x00005220       0x48 ./synergy/ssp/src/driver/r_fmi/r_fmi.o
 .text.R_FMI_UniqueIdGet
                0x00005268       0x70 ./synergy/ssp/src/driver/r_fmi/r_fmi.o
 .text.R_FMI_FeatureGet
                0x000052d8       0x98 ./synergy/ssp/src/driver/r_fmi/r_fmi.o
 .text.R_FMI_EventInfoGet
                0x00005370       0x48 ./synergy/ssp/src/driver/r_fmi/r_fmi.o
 .text.R_FMI_VersionGet
                0x000053b8       0x2c ./synergy/ssp/src/driver/r_fmi/r_fmi.o
 .text.fmi_part_number_validate
                0x000053e4       0xd4 ./synergy/ssp/src/driver/r_fmi/r_fmi.o
 .text.fmi_on_chip_table_validate
                0x000054b8       0x44 ./synergy/ssp/src/driver/r_fmi/r_fmi.o
 .text.fmi_table_validate
                0x000054fc       0x54 ./synergy/ssp/src/driver/r_fmi/r_fmi.o
 .text.fmi_size_lookup
                0x00005550       0xb8 ./synergy/ssp/src/driver/r_fmi/r_fmi.o
 .text.fmi_unit_locate
                0x00005608       0x84 ./synergy/ssp/src/driver/r_fmi/r_fmi.o
 .text.fmi_multichannel_feature_info_get
                0x0000568c      0x114 ./synergy/ssp/src/driver/r_fmi/r_fmi.o
 .text.fmi_feature_info_get
                0x000057a0      0x170 ./synergy/ssp/src/driver/r_fmi/r_fmi.o
 .text.HW_GPT_CounterStartStop
                0x00005910       0x30 ./synergy/ssp/src/driver/r_encoder_gpt/r_encoder_gpt.o
 .text.HW_ENC_RegisterInit
                0x00005940       0xbc ./synergy/ssp/src/driver/r_encoder_gpt/r_encoder_gpt.o
 .text.gpt_common_open
                0x000059fc       0x64 ./synergy/ssp/src/driver/r_encoder_gpt/r_encoder_gpt.o
 .text.R_ENCODER_Open
                0x00005a60       0xd8 ./synergy/ssp/src/driver/r_encoder_gpt/r_encoder_gpt.o
                0x00005a60                R_ENCODER_Open
 .text.R_ENCODER_PosGet
                0x00005b38       0x84 ./synergy/ssp/src/driver/r_encoder_gpt/r_encoder_gpt.o
                0x00005b38                R_ENCODER_PosGet
 .text.R_ENCODER_PosCapSet
                0x00005bbc       0x54 ./synergy/ssp/src/driver/r_encoder_gpt/r_encoder_gpt.o
                0x00005bbc                R_ENCODER_PosCapSet
 .text.R_ENCODER_PosSet
                0x00005c10       0x3c ./synergy/ssp/src/driver/r_encoder_gpt/r_encoder_gpt.o
                0x00005c10                R_ENCODER_PosSet
 .text.R_ENCODER_InfoGet
                0x00005c4c       0x40 ./synergy/ssp/src/driver/r_encoder_gpt/r_encoder_gpt.o
                0x00005c4c                R_ENCODER_InfoGet
 .text.R_ENCODER_Close
                0x00005c8c       0x20 ./synergy/ssp/src/driver/r_encoder_gpt/r_encoder_gpt.o
                0x00005c8c                R_ENCODER_Close
 .text.R_ENCODER_VersionGet
                0x00005cac       0x28 ./synergy/ssp/src/driver/r_encoder_gpt/r_encoder_gpt.o
                0x00005cac                R_ENCODER_VersionGet
 .text.HW_ELC_SoftwareEvent0Generate
                0x00005cd4       0x24 ./synergy/ssp/src/driver/r_elc/r_elc.o
 .text.HW_ELC_SoftwareEvent1Generate
                0x00005cf8       0x24 ./synergy/ssp/src/driver/r_elc/r_elc.o
 .text.HW_ELC_Enable
                0x00005d1c       0x1c ./synergy/ssp/src/driver/r_elc/r_elc.o
 .text.HW_ELC_Disable
                0x00005d38       0x1c ./synergy/ssp/src/driver/r_elc/r_elc.o
 .text.HW_ELC_LinkSet
                0x00005d54       0x24 ./synergy/ssp/src/driver/r_elc/r_elc.o
 .text.HW_ELC_LinkBreak
                0x00005d78       0x20 ./synergy/ssp/src/driver/r_elc/r_elc.o
 .text.R_ELC_Init
                0x00005d98       0xc0 ./synergy/ssp/src/driver/r_elc/r_elc.o
                0x00005d98                R_ELC_Init
 .text.R_ELC_SoftwareEventGenerate
                0x00005e58       0x40 ./synergy/ssp/src/driver/r_elc/r_elc.o
                0x00005e58                R_ELC_SoftwareEventGenerate
 .text.R_ELC_LinkSet
                0x00005e98       0x30 ./synergy/ssp/src/driver/r_elc/r_elc.o
                0x00005e98                R_ELC_LinkSet
 .text.R_ELC_LinkBreak
                0x00005ec8       0x28 ./synergy/ssp/src/driver/r_elc/r_elc.o
                0x00005ec8                R_ELC_LinkBreak
 .text.R_ELC_Enable
                0x00005ef0       0x18 ./synergy/ssp/src/driver/r_elc/r_elc.o
                0x00005ef0                R_ELC_Enable
 .text.R_ELC_Disable
                0x00005f08       0x18 ./synergy/ssp/src/driver/r_elc/r_elc.o
                0x00005f08                R_ELC_Disable
 .text.R_ELC_VersionGet
                0x00005f20       0x2c ./synergy/ssp/src/driver/r_elc/r_elc.o
                0x00005f20                R_ELC_VersionGet
 .text.HW_DTC_VectorTableAddressSet
                0x00005f4c       0x1c ./synergy/ssp/src/driver/r_dtc/r_dtc.o
 .text.HW_DTC_ReadSkipEnableSet
                0x00005f68       0x34 ./synergy/ssp/src/driver/r_dtc/r_dtc.o
 .text.HW_DTC_StartStop
                0x00005f9c       0x34 ./synergy/ssp/src/driver/r_dtc/r_dtc.o
 .text.HW_ICU_DTCEnable
                0x00005fd0       0x40 ./synergy/ssp/src/driver/r_dtc/r_dtc.o
 .text.HW_ICU_DTCDisable
                0x00006010       0x2c ./synergy/ssp/src/driver/r_dtc/r_dtc.o
 .text.HW_DTC_StatusGet
                0x0000603c       0x1c ./synergy/ssp/src/driver/r_dtc/r_dtc.o
 .text.HW_DTC_ICUEventGet
                0x00006058       0x2c ./synergy/ssp/src/driver/r_dtc/r_dtc.o
 .text.R_DTC_Open
                0x00006084       0xd8 ./synergy/ssp/src/driver/r_dtc/r_dtc.o
                0x00006084                R_DTC_Open
 .text.R_DTC_Reset
                0x0000615c       0xfc ./synergy/ssp/src/driver/r_dtc/r_dtc.o
                0x0000615c                R_DTC_Reset
 .text.R_DTC_Start
                0x00006258       0x20 ./synergy/ssp/src/driver/r_dtc/r_dtc.o
                0x00006258                R_DTC_Start
 .text.R_DTC_Stop
                0x00006278       0x18 ./synergy/ssp/src/driver/r_dtc/r_dtc.o
                0x00006278                R_DTC_Stop
 .text.R_DTC_Enable
                0x00006290       0x94 ./synergy/ssp/src/driver/r_dtc/r_dtc.o
                0x00006290                R_DTC_Enable
 .text.R_DTC_Disable
                0x00006324       0x48 ./synergy/ssp/src/driver/r_dtc/r_dtc.o
                0x00006324                R_DTC_Disable
 .text.R_DTC_InfoGet
                0x0000636c       0xf0 ./synergy/ssp/src/driver/r_dtc/r_dtc.o
                0x0000636c                R_DTC_InfoGet
 .text.R_DTC_Close
                0x0000645c       0x74 ./synergy/ssp/src/driver/r_dtc/r_dtc.o
                0x0000645c                R_DTC_Close
 .text.R_DTC_VersionGet
                0x000064d0       0x2c ./synergy/ssp/src/driver/r_dtc/r_dtc.o
                0x000064d0                R_DTC_VersionGet
 .text.R_DTC_BlockReset
                0x000064fc      0x104 ./synergy/ssp/src/driver/r_dtc/r_dtc.o
                0x000064fc                R_DTC_BlockReset
 .text.dtc_irq_lookup
                0x00006600       0x50 ./synergy/ssp/src/driver/r_dtc/r_dtc.o
 .text.r_dtc_initialize_repeat_block_mode
                0x00006650       0x58 ./synergy/ssp/src/driver/r_dtc/r_dtc.o
 .text.r_dtc_state_initialize
                0x000066a8      0x124 ./synergy/ssp/src/driver/r_dtc/r_dtc.o
 .text.r_dtc_parameter_check
                0x000067cc       0x4c ./synergy/ssp/src/driver/r_dtc/r_dtc.o
 .text.r_dtc_reset_parameter_check
                0x00006818       0x8c ./synergy/ssp/src/driver/r_dtc/r_dtc.o
 .text.r_dtc_block_reset_parameter_check
                0x000068a4       0x70 ./synergy/ssp/src/driver/r_dtc/r_dtc.o
 .text.r_dtc_enable_alignment_check
                0x00006914       0x74 ./synergy/ssp/src/driver/r_dtc/r_dtc.o
 .text.NVIC_SetPriority
                0x00006988       0x54 ./synergy/ssp/src/driver/r_cgc/hw/hw_cgc.o
 .text.NVIC_GetPriority
                0x000069dc       0x50 ./synergy/ssp/src/driver/r_cgc/hw/hw_cgc.o
 .text.SysTick_Config
                0x00006a2c       0x44 ./synergy/ssp/src/driver/r_cgc/hw/hw_cgc.o
 .text.HW_CGC_Init
                0x00006a70       0x48 ./synergy/ssp/src/driver/r_cgc/hw/hw_cgc.o
                0x00006a70                HW_CGC_Init
 .text.HW_CGC_InitPLLFreq
                0x00006ab8       0xb8 ./synergy/ssp/src/driver/r_cgc/hw/hw_cgc.o
                0x00006ab8                HW_CGC_InitPLLFreq
 .text.HW_CGC_HardwareLock
                0x00006b70        0xc ./synergy/ssp/src/driver/r_cgc/hw/hw_cgc.o
                0x00006b70                HW_CGC_HardwareLock
 .text.HW_CGC_HardwareUnLock
                0x00006b7c        0xc ./synergy/ssp/src/driver/r_cgc/hw/hw_cgc.o
                0x00006b7c                HW_CGC_HardwareUnLock
 .text.HW_CGC_LPMHardwareLock
                0x00006b88        0xc ./synergy/ssp/src/driver/r_cgc/hw/hw_cgc.o
                0x00006b88                HW_CGC_LPMHardwareLock
 .text.HW_CGC_LPMHardwareUnLock
                0x00006b94        0xc ./synergy/ssp/src/driver/r_cgc/hw/hw_cgc.o
                0x00006b94                HW_CGC_LPMHardwareUnLock
 .text.HW_CGC_MainClockDriveSet
                0x00006ba0       0x64 ./synergy/ssp/src/driver/r_cgc/hw/hw_cgc.o
                0x00006ba0                HW_CGC_MainClockDriveSet
 .text.HW_CGC_SubClockDriveSet
                0x00006c04       0x64 ./synergy/ssp/src/driver/r_cgc/hw/hw_cgc.o
                0x00006c04                HW_CGC_SubClockDriveSet
 .text.HW_CGC_ClockStart
                0x00006c68       0xa0 ./synergy/ssp/src/driver/r_cgc/hw/hw_cgc.o
                0x00006c68                HW_CGC_ClockStart
 .text.HW_CGC_ClockStop
                0x00006d08       0xa0 ./synergy/ssp/src/driver/r_cgc/hw/hw_cgc.o
                0x00006d08                HW_CGC_ClockStop
 .text.HW_CGC_ClockCheck
                0x00006da8       0x74 ./synergy/ssp/src/driver/r_cgc/hw/hw_cgc.o
                0x00006da8                HW_CGC_ClockCheck
 .text.HW_CGC_ClockRunStateGet
                0x00006e1c       0xc8 ./synergy/ssp/src/driver/r_cgc/hw/hw_cgc.o
                0x00006e1c                HW_CGC_ClockRunStateGet
 .text.HW_CGC_DelayCycles
                0x00006ee4       0x54 ./synergy/ssp/src/driver/r_cgc/hw/hw_cgc.o
                0x00006ee4                HW_CGC_DelayCycles
 .text.HW_CGC_MainOscSourceSet
                0x00006f38       0x3c ./synergy/ssp/src/driver/r_cgc/hw/hw_cgc.o
                0x00006f38                HW_CGC_MainOscSourceSet
 .text.HW_CGC_ClockWaitSet
                0x00006f74       0x40 ./synergy/ssp/src/driver/r_cgc/hw/hw_cgc.o
                0x00006f74                HW_CGC_ClockWaitSet
 .text.HW_CGC_ClockSourceValidCheck
                0x00006fb4       0x44 ./synergy/ssp/src/driver/r_cgc/hw/hw_cgc.o
                0x00006fb4                HW_CGC_ClockSourceValidCheck
 .text.HW_CGC_SystemClockValidCheck
                0x00006ff8       0x24 ./synergy/ssp/src/driver/r_cgc/hw/hw_cgc.o
                0x00006ff8                HW_CGC_SystemClockValidCheck
 .text.HW_CGC_ClockSourceGet
                0x0000701c       0x20 ./synergy/ssp/src/driver/r_cgc/hw/hw_cgc.o
                0x0000701c                HW_CGC_ClockSourceGet
 .text.HW_CGC_ClockSourceSet
                0x0000703c       0x3c ./synergy/ssp/src/driver/r_cgc/hw/hw_cgc.o
                0x0000703c                HW_CGC_ClockSourceSet
 .text.HW_CGC_PLLClockSourceGet
                0x00007078       0x44 ./synergy/ssp/src/driver/r_cgc/hw/hw_cgc.o
                0x00007078                HW_CGC_PLLClockSourceGet
 .text.HW_CGC_PLLClockSourceSet
                0x000070bc       0x38 ./synergy/ssp/src/driver/r_cgc/hw/hw_cgc.o
                0x000070bc                HW_CGC_PLLClockSourceSet
 .text.HW_CGC_PLLMultiplierSet
                0x000070f4       0xb0 ./synergy/ssp/src/driver/r_cgc/hw/hw_cgc.o
                0x000070f4                HW_CGC_PLLMultiplierSet
 .text.HW_CGC_PLLMultiplierGet
                0x000071a4       0x90 ./synergy/ssp/src/driver/r_cgc/hw/hw_cgc.o
                0x000071a4                HW_CGC_PLLMultiplierGet
 .text.HW_CGC_PLLDividerSet
                0x00007234       0xa4 ./synergy/ssp/src/driver/r_cgc/hw/hw_cgc.o
                0x00007234                HW_CGC_PLLDividerSet
 .text.HW_CGC_PLLDividerGet
                0x000072d8       0x74 ./synergy/ssp/src/driver/r_cgc/hw/hw_cgc.o
                0x000072d8                HW_CGC_PLLDividerGet
 .text.HW_CGC_SystemDividersSet
                0x0000734c      0x148 ./synergy/ssp/src/driver/r_cgc/hw/hw_cgc.o
                0x0000734c                HW_CGC_SystemDividersSet
 .text.HW_CGC_SystemDividersGet
                0x00007494       0x90 ./synergy/ssp/src/driver/r_cgc/hw/hw_cgc.o
                0x00007494                HW_CGC_SystemDividersGet
 .text.HW_CGC_ClockCfgValidCheck
                0x00007524       0x88 ./synergy/ssp/src/driver/r_cgc/hw/hw_cgc.o
                0x00007524                HW_CGC_ClockCfgValidCheck
 .text.HW_CGC_ClockDividerGet
                0x000075ac       0xb8 ./synergy/ssp/src/driver/r_cgc/hw/hw_cgc.o
                0x000075ac                HW_CGC_ClockDividerGet
 .text.HW_CGC_ClockHzGet
                0x00007664       0x3c ./synergy/ssp/src/driver/r_cgc/hw/hw_cgc.o
                0x00007664                HW_CGC_ClockHzGet
 .text.HW_CGC_ClockHzCalculate
                0x000076a0       0x30 ./synergy/ssp/src/driver/r_cgc/hw/hw_cgc.o
                0x000076a0                HW_CGC_ClockHzCalculate
 .text.HW_CGC_OperatingModeSet
                0x000076d0      0x140 ./synergy/ssp/src/driver/r_cgc/hw/hw_cgc.o
                0x000076d0                HW_CGC_OperatingModeSet
 .text.HW_CGC_OperatingModeGet
                0x00007810       0x40 ./synergy/ssp/src/driver/r_cgc/hw/hw_cgc.o
                0x00007810                HW_CGC_OperatingModeGet
 .text.HW_CGC_OscStopDetectEnable
                0x00007850       0x34 ./synergy/ssp/src/driver/r_cgc/hw/hw_cgc.o
                0x00007850                HW_CGC_OscStopDetectEnable
 .text.HW_CGC_OscStopDetectDisable
                0x00007884       0x34 ./synergy/ssp/src/driver/r_cgc/hw/hw_cgc.o
                0x00007884                HW_CGC_OscStopDetectDisable
 .text.HW_CGC_OscStopDetectEnabledGet
                0x000078b8       0x2c ./synergy/ssp/src/driver/r_cgc/hw/hw_cgc.o
                0x000078b8                HW_CGC_OscStopDetectEnabledGet
 .text.HW_CGC_OscStopDetectGet
                0x000078e4       0x2c ./synergy/ssp/src/driver/r_cgc/hw/hw_cgc.o
                0x000078e4                HW_CGC_OscStopDetectGet
 .text.HW_CGC_OscStopStatusClear
                0x00007910       0x3c ./synergy/ssp/src/driver/r_cgc/hw/hw_cgc.o
                0x00007910                HW_CGC_OscStopStatusClear
 .text.HW_CGC_BusClockOutCfg
                0x0000794c       0x3c ./synergy/ssp/src/driver/r_cgc/hw/hw_cgc.o
                0x0000794c                HW_CGC_BusClockOutCfg
 .text.HW_CGC_BusClockOutEnable
                0x00007988       0x24 ./synergy/ssp/src/driver/r_cgc/hw/hw_cgc.o
                0x00007988                HW_CGC_BusClockOutEnable
 .text.HW_CGC_BusClockOutDisable
                0x000079ac       0x24 ./synergy/ssp/src/driver/r_cgc/hw/hw_cgc.o
                0x000079ac                HW_CGC_BusClockOutDisable
 .text.HW_CGC_ClockOutCfg
                0x000079d0       0x70 ./synergy/ssp/src/driver/r_cgc/hw/hw_cgc.o
                0x000079d0                HW_CGC_ClockOutCfg
 .text.HW_CGC_ClockOutEnable
                0x00007a40       0x24 ./synergy/ssp/src/driver/r_cgc/hw/hw_cgc.o
                0x00007a40                HW_CGC_ClockOutEnable
 .text.HW_CGC_ClockOutDisable
                0x00007a64       0x24 ./synergy/ssp/src/driver/r_cgc/hw/hw_cgc.o
                0x00007a64                HW_CGC_ClockOutDisable
 .text.HW_CGC_SDRAMClockOutEnable
                0x00007a88       0x24 ./synergy/ssp/src/driver/r_cgc/hw/hw_cgc.o
                0x00007a88                HW_CGC_SDRAMClockOutEnable
 .text.HW_CGC_SDRAMClockOutDisable
                0x00007aac       0x24 ./synergy/ssp/src/driver/r_cgc/hw/hw_cgc.o
                0x00007aac                HW_CGC_SDRAMClockOutDisable
 .text.HW_CGC_USBClockCfg
                0x00007ad0       0x3c ./synergy/ssp/src/driver/r_cgc/hw/hw_cgc.o
                0x00007ad0                HW_CGC_USBClockCfg
 .text.HW_CGC_SystickUpdate
                0x00007b0c       0x64 ./synergy/ssp/src/driver/r_cgc/hw/hw_cgc.o
                0x00007b0c                HW_CGC_SystickUpdate
 .text.HW_CGC_LCDClockCfg
                0x00007b70       0x38 ./synergy/ssp/src/driver/r_cgc/hw/hw_cgc.o
                0x00007b70                HW_CGC_LCDClockCfg
 .text.HW_CGC_LCDClockCfgGet
                0x00007ba8       0x20 ./synergy/ssp/src/driver/r_cgc/hw/hw_cgc.o
                0x00007ba8                HW_CGC_LCDClockCfgGet
 .text.HW_CGC_LCDClockEnable
                0x00007bc8       0x20 ./synergy/ssp/src/driver/r_cgc/hw/hw_cgc.o
                0x00007bc8                HW_CGC_LCDClockEnable
 .text.HW_CGC_LCDClockDisable
                0x00007be8       0x20 ./synergy/ssp/src/driver/r_cgc/hw/hw_cgc.o
                0x00007be8                HW_CGC_LCDClockDisable
 .text.HW_CGC_LCDClockIsEnabled
                0x00007c08       0x2c ./synergy/ssp/src/driver/r_cgc/hw/hw_cgc.o
                0x00007c08                HW_CGC_LCDClockIsEnabled
 .text.HW_CGC_HocoWaitControlSet
                0x00007c34       0x3c ./synergy/ssp/src/driver/r_cgc/hw/hw_cgc.o
                0x00007c34                HW_CGC_HocoWaitControlSet
 .text.HW_CGC_SetHighSpeedMode
                0x00007c70       0x18 ./synergy/ssp/src/driver/r_cgc/r_cgc.o
 .text.HW_CGC_SetMiddleSpeedMode
                0x00007c88       0x18 ./synergy/ssp/src/driver/r_cgc/r_cgc.o
 .text.HW_CGC_SetLowSpeedMode
                0x00007ca0       0x18 ./synergy/ssp/src/driver/r_cgc/r_cgc.o
 .text.HW_CGC_SetSubOscSpeedMode
                0x00007cb8       0x18 ./synergy/ssp/src/driver/r_cgc/r_cgc.o
 .text.R_CGC_Init
                0x00007cd0      0x114 ./synergy/ssp/src/driver/r_cgc/r_cgc.o
                0x00007cd0                R_CGC_Init
 .text.R_CGC_ClocksCfg
                0x00007de4      0x27c ./synergy/ssp/src/driver/r_cgc/r_cgc.o
                0x00007de4                R_CGC_ClocksCfg
 .text.R_CGC_ClockStart
                0x00008060      0x29c ./synergy/ssp/src/driver/r_cgc/r_cgc.o
                0x00008060                R_CGC_ClockStart
 .text.R_CGC_ClockStop
                0x000082fc      0x13c ./synergy/ssp/src/driver/r_cgc/r_cgc.o
                0x000082fc                R_CGC_ClockStop
 .text.R_CGC_SystemClockSet
                0x00008438      0x360 ./synergy/ssp/src/driver/r_cgc/r_cgc.o
                0x00008438                R_CGC_SystemClockSet
 .text.R_CGC_SystemClockGet
                0x00008798       0x4c ./synergy/ssp/src/driver/r_cgc/r_cgc.o
                0x00008798                R_CGC_SystemClockGet
 .text.R_CGC_SystemClockFreqGet
                0x000087e4       0x50 ./synergy/ssp/src/driver/r_cgc/r_cgc.o
                0x000087e4                R_CGC_SystemClockFreqGet
 .text.R_CGC_ClockCheck
                0x00008834       0xa8 ./synergy/ssp/src/driver/r_cgc/r_cgc.o
                0x00008834                R_CGC_ClockCheck
 .text.R_CGC_OscStopDetect
                0x000088dc      0x288 ./synergy/ssp/src/driver/r_cgc/r_cgc.o
                0x000088dc                R_CGC_OscStopDetect
 .text.R_CGC_OscStopStatusClear
                0x00008b64       0xa0 ./synergy/ssp/src/driver/r_cgc/r_cgc.o
                0x00008b64                R_CGC_OscStopStatusClear
 .text.R_CGC_BusClockOutCfg
                0x00008c04       0x28 ./synergy/ssp/src/driver/r_cgc/r_cgc.o
                0x00008c04                R_CGC_BusClockOutCfg
 .text.R_CGC_BusClockOutEnable
                0x00008c2c       0x18 ./synergy/ssp/src/driver/r_cgc/r_cgc.o
                0x00008c2c                R_CGC_BusClockOutEnable
 .text.R_CGC_BusClockOutDisable
                0x00008c44       0x18 ./synergy/ssp/src/driver/r_cgc/r_cgc.o
                0x00008c44                R_CGC_BusClockOutDisable
 .text.R_CGC_ClockOutCfg
                0x00008c5c       0x30 ./synergy/ssp/src/driver/r_cgc/r_cgc.o
                0x00008c5c                R_CGC_ClockOutCfg
 .text.R_CGC_ClockOutEnable
                0x00008c8c       0x18 ./synergy/ssp/src/driver/r_cgc/r_cgc.o
                0x00008c8c                R_CGC_ClockOutEnable
 .text.R_CGC_ClockOutDisable
                0x00008ca4       0x18 ./synergy/ssp/src/driver/r_cgc/r_cgc.o
                0x00008ca4                R_CGC_ClockOutDisable
 .text.R_CGC_LCDClockCfg
                0x00008cbc       0xb0 ./synergy/ssp/src/driver/r_cgc/r_cgc.o
                0x00008cbc                R_CGC_LCDClockCfg
 .text.R_CGC_LCDClockEnable
                0x00008d6c       0x78 ./synergy/ssp/src/driver/r_cgc/r_cgc.o
                0x00008d6c                R_CGC_LCDClockEnable
 .text.R_CGC_LCDClockDisable
                0x00008de4       0x70 ./synergy/ssp/src/driver/r_cgc/r_cgc.o
                0x00008de4                R_CGC_LCDClockDisable
 .text.R_CGC_SDRAMClockOutEnable
                0x00008e54       0x30 ./synergy/ssp/src/driver/r_cgc/r_cgc.o
                0x00008e54                R_CGC_SDRAMClockOutEnable
 .text.R_CGC_SDRAMClockOutDisable
                0x00008e84       0x30 ./synergy/ssp/src/driver/r_cgc/r_cgc.o
                0x00008e84                R_CGC_SDRAMClockOutDisable
 .text.R_CGC_USBClockCfg
                0x00008eb4       0x3c ./synergy/ssp/src/driver/r_cgc/r_cgc.o
                0x00008eb4                R_CGC_USBClockCfg
 .text.R_CGC_SystickUpdate
                0x00008ef0       0x98 ./synergy/ssp/src/driver/r_cgc/r_cgc.o
                0x00008ef0                R_CGC_SystickUpdate
 .text.R_CGC_VersionGet
                0x00008f88       0x24 ./synergy/ssp/src/driver/r_cgc/r_cgc.o
                0x00008f88                R_CGC_VersionGet
 .text.r_cgc_stabilization_wait
                0x00008fac       0x68 ./synergy/ssp/src/driver/r_cgc/r_cgc.o
 .text.r_cgc_clock_start_stop
                0x00009014       0x68 ./synergy/ssp/src/driver/r_cgc/r_cgc.o
 .text.R_SSP_CurrentIrqGet
                0x0000907c       0x34 ./synergy/ssp/src/driver/changed_src_files/r_motor.o
 .text.R_SSP_VectorInfoGet
                0x000090b0       0x2c ./synergy/ssp/src/driver/changed_src_files/r_motor.o
 .text.pwm_counter_overflow
                0x000090dc       0xfc ./synergy/ssp/src/driver/changed_src_files/r_motor.o
                0x000090dc                pwm_counter_overflow
 .text.NVIC_EnableIRQ
                0x000091d8       0x30 ./synergy/ssp/src/driver/changed_src_files/r_motor_bldc.o
 .text.NVIC_ClearPendingIRQ
                0x00009208       0x34 ./synergy/ssp/src/driver/changed_src_files/r_motor_bldc.o
 .text.NVIC_SetPriority
                0x0000923c       0x54 ./synergy/ssp/src/driver/changed_src_files/r_motor_bldc.o
 .text.R_SSP_VectorInfoGet
                0x00009290       0x2c ./synergy/ssp/src/driver/changed_src_files/r_motor_bldc.o
 .text.HW_GPT_ModeSet
                0x000092bc       0x30 ./synergy/ssp/src/driver/changed_src_files/r_motor_bldc.o
 .text.HW_GPT_CounterStartStop
                0x000092ec       0x30 ./synergy/ssp/src/driver/changed_src_files/r_motor_bldc.o
 .text.HW_GPT_InterruptEnable
                0x0000931c       0x30 ./synergy/ssp/src/driver/changed_src_files/r_motor_bldc.o
 .text.HW_GPT_InterruptDisable
                0x0000934c       0x1c ./synergy/ssp/src/driver/changed_src_files/r_motor_bldc.o
 .text.HW_GPT_GTIOCRegLookup
                0x00009368       0x2c ./synergy/ssp/src/driver/changed_src_files/r_motor_bldc.o
 .text.HW_GPT_GTIOCPinLevelStoppedSet
                0x00009394       0x34 ./synergy/ssp/src/driver/changed_src_files/r_motor_bldc.o
 .text.HW_GPT_GTIOCPinOutputEnable
                0x000093c8       0x34 ./synergy/ssp/src/driver/changed_src_files/r_motor_bldc.o
 .text.HW_GPT_GTIOCCycleEndOutputSet
                0x000093fc       0x34 ./synergy/ssp/src/driver/changed_src_files/r_motor_bldc.o
 .text.HW_GPT_GTIOCCompareMatchOutputSet
                0x00009430       0x34 ./synergy/ssp/src/driver/changed_src_files/r_motor_bldc.o
 .text.HW_GPT_GTIOCInitialOutputSet
                0x00009464       0x34 ./synergy/ssp/src/driver/changed_src_files/r_motor_bldc.o
 .text.HW_MTR_RegisterInit
                0x00009498      0x11c ./synergy/ssp/src/driver/changed_src_files/r_motor_bldc.o
 .text.change_pwm_duty
                0x000095b4       0xe8 ./synergy/ssp/src/driver/changed_src_files/r_motor_bldc.o
                0x000095b4                change_pwm_duty
 .text.motor_bldc_init
                0x0000969c       0x5c ./synergy/ssp/src/driver/changed_src_files/r_motor_bldc.o
 .text.update_pwm
                0x000096f8      0x160 ./synergy/ssp/src/driver/changed_src_files/r_motor_bldc.o
 .text.commutate_svm
                0x00009858      0x268 ./synergy/ssp/src/driver/changed_src_files/r_motor_bldc.o
 .text.commutate_foc
                0x00009ac0      0x2c4 ./synergy/ssp/src/driver/changed_src_files/r_motor_bldc.o
 .text.commutate_set
                0x00009d84       0xf4 ./synergy/ssp/src/driver/changed_src_files/r_motor_bldc.o
 .text.map_channels
                0x00009e78      0x100 ./synergy/ssp/src/driver/changed_src_files/r_motor_bldc.o
 .text.gpt_common_open
                0x00009f78      0x118 ./synergy/ssp/src/driver/changed_src_files/r_motor_bldc.o
 .text.gpt_set_pins
                0x0000a090       0x40 ./synergy/ssp/src/driver/changed_src_files/r_motor_bldc.o
 .text.gpt_set_pins_comp
                0x0000a0d0      0x114 ./synergy/ssp/src/driver/changed_src_files/r_motor_bldc.o
 .text.enable_dtc_elc
                0x0000a1e4      0x1d0 ./synergy/ssp/src/driver/changed_src_files/r_motor_bldc.o
 .text.enable_pgas
                0x0000a3b4       0xf0 ./synergy/ssp/src/driver/changed_src_files/r_motor_bldc.o
 .text.enable_bemf_dac
                0x0000a4a4       0x3c ./synergy/ssp/src/driver/changed_src_files/r_motor_bldc.o
 .text.enable_bemf_comps
                0x0000a4e0      0x174 ./synergy/ssp/src/driver/changed_src_files/r_motor_bldc.o
 .text.R_Motor_BLDC_Open
                0x0000a654      0x2dc ./synergy/ssp/src/driver/changed_src_files/r_motor_bldc.o
                0x0000a654                R_Motor_BLDC_Open
 .text.R_Motor_BLDC_Setup
                0x0000a930       0xcc ./synergy/ssp/src/driver/changed_src_files/r_motor_bldc.o
                0x0000a930                R_Motor_BLDC_Setup
 .text.R_Motor_BLDC_Control
                0x0000a9fc      0x1c4 ./synergy/ssp/src/driver/changed_src_files/r_motor_bldc.o
                0x0000a9fc                R_Motor_BLDC_Control
 .text.R_Motor_BLDC_InfoGet
                0x0000abc0       0x18 ./synergy/ssp/src/driver/changed_src_files/r_motor_bldc.o
                0x0000abc0                R_Motor_BLDC_InfoGet
 .text.R_Motor_BLDC_Close
                0x0000abd8      0x114 ./synergy/ssp/src/driver/changed_src_files/r_motor_bldc.o
                0x0000abd8                R_Motor_BLDC_Close
 .text.R_Motor_BLDC_VersionGet
                0x0000acec       0x24 ./synergy/ssp/src/driver/changed_src_files/r_motor_bldc.o
                0x0000acec                R_Motor_BLDC_VersionGet
 .text.R_BSP_CacheOff
                0x0000ad10       0x50 ./synergy/ssp/src/bsp/mcu/s7g2/bsp_cache.o
                0x0000ad10                R_BSP_CacheOff
 .text.R_BSP_CacheSet
                0x0000ad60       0x74 ./synergy/ssp/src/bsp/mcu/s7g2/bsp_cache.o
                0x0000ad60                R_BSP_CacheSet
 .text.bsp_clock_init
                0x0000add4       0xd0 ./synergy/ssp/src/bsp/mcu/s7g2/bsp_clocks.o
                0x0000add4                bsp_clock_init
 .text.bsp_cpu_clock_get
                0x0000aea4       0x24 ./synergy/ssp/src/bsp/mcu/s7g2/bsp_clocks.o
                0x0000aea4                bsp_cpu_clock_get
 .text.bsp_clocks_rom_wait_set
                0x0000aec8       0x38 ./synergy/ssp/src/bsp/mcu/s7g2/bsp_clocks.o
 .text.bsp_clocks_rom_wait_get
                0x0000af00       0x20 ./synergy/ssp/src/bsp/mcu/s7g2/bsp_clocks.o
 .text.bsp_clocks_sram_wait_set
                0x0000af20       0x64 ./synergy/ssp/src/bsp/mcu/s7g2/bsp_clocks.o
 .text.bsp_clocks_hsram_wait_set
                0x0000af84       0x44 ./synergy/ssp/src/bsp/mcu/s7g2/bsp_clocks.o
 .text.bsp_clock_set_callback
                0x0000afc8       0x30 ./synergy/ssp/src/bsp/mcu/s7g2/bsp_clocks.o
                0x0000afc8                bsp_clock_set_callback
 .text.bsp_clock_set_prechange
                0x0000aff8       0x80 ./synergy/ssp/src/bsp/mcu/s7g2/bsp_clocks.o
 .text.bsp_clock_set_postchange
                0x0000b078       0x54 ./synergy/ssp/src/bsp/mcu/s7g2/bsp_clocks.o
 .text.R_BSP_FeatureSciGet
                0x0000b0cc       0x18 ./synergy/ssp/src/bsp/mcu/s7g2/bsp_feature.o
                0x0000b0cc                R_BSP_FeatureSciGet
 .text.R_BSP_FeatureIoportGet
                0x0000b0e4       0x28 ./synergy/ssp/src/bsp/mcu/s7g2/bsp_feature.o
                0x0000b0e4                R_BSP_FeatureIoportGet
 .text.R_BSP_FeatureCgcGet
                0x0000b10c       0x1c ./synergy/ssp/src/bsp/mcu/s7g2/bsp_feature.o
                0x0000b10c                R_BSP_FeatureCgcGet
 .text.bsp_group_interrupt_open
                0x0000b128       0x30 ./synergy/ssp/src/bsp/mcu/s7g2/bsp_group_irq.o
                0x0000b128                bsp_group_interrupt_open
 .text.bsp_group_irq_call
                0x0000b158       0x3c ./synergy/ssp/src/bsp/mcu/s7g2/bsp_group_irq.o
                0x0000b158                bsp_group_irq_call
 .text.R_BSP_GroupIrqWrite
                0x0000b194       0x40 ./synergy/ssp/src/bsp/mcu/s7g2/bsp_group_irq.o
                0x0000b194                R_BSP_GroupIrqWrite
 .text.NMI_Handler
                0x0000b1d4      0x1e8 ./synergy/ssp/src/bsp/mcu/s7g2/bsp_group_irq.o
                0x0000b1d4                NMI_Handler
 .text.R_BSP_ModuleStop
                0x0000b3bc       0x1c ./synergy/ssp/src/bsp/mcu/s7g2/bsp_module_stop.o
                0x0000b3bc                R_BSP_ModuleStop
 .text.R_BSP_ModuleStart
                0x0000b3d8       0x1c ./synergy/ssp/src/bsp/mcu/s7g2/bsp_module_stop.o
                0x0000b3d8                R_BSP_ModuleStart
 .text.r_bsp_module_start_stop
                0x0000b3f4      0x15c ./synergy/ssp/src/bsp/mcu/s7g2/bsp_module_stop.o
 .text.R_BSP_LedsGet
                0x0000b550       0x30 ./synergy/ssp/src/bsp/mcu/all/bsp_common_leds.o
                0x0000b550                R_BSP_LedsGet
 .text.R_BSP_SoftwareDelay
                0x0000b580      0x124 ./synergy/ssp/src/bsp/mcu/all/bsp_delay.o
                0x0000b580                R_BSP_SoftwareDelay
 .text.software_delay_loop
                0x0000b6a4        0xc ./synergy/ssp/src/bsp/mcu/all/bsp_delay.o
 .text.R_BSP_IrqStatusClear
                0x0000b6b0       0x34 ./synergy/ssp/src/bsp/mcu/all/bsp_irq.o
                0x0000b6b0                R_BSP_IrqStatusClear
 .text.bsp_irq_cfg
                0x0000b6e4       0x60 ./synergy/ssp/src/bsp/mcu/all/bsp_irq.o
                0x0000b6e4                bsp_irq_cfg
 .text.R_BSP_SoftwareLock
                0x0000b744       0x20 ./synergy/ssp/src/bsp/mcu/all/bsp_locking.o
                0x0000b744                R_BSP_SoftwareLock
 .text.r_bsp_software_lock_cm4
                0x0000b764       0x70 ./synergy/ssp/src/bsp/mcu/all/bsp_locking.o
 .text.R_BSP_SoftwareUnlock
                0x0000b7d4       0x18 ./synergy/ssp/src/bsp/mcu/all/bsp_locking.o
                0x0000b7d4                R_BSP_SoftwareUnlock
 .text.R_BSP_HardwareLock
                0x0000b7ec       0x5c ./synergy/ssp/src/bsp/mcu/all/bsp_locking.o
                0x0000b7ec                R_BSP_HardwareLock
 .text.R_BSP_HardwareUnlock
                0x0000b848       0x54 ./synergy/ssp/src/bsp/mcu/all/bsp_locking.o
                0x0000b848                R_BSP_HardwareUnlock
 .text.bsp_init_hardware_locks
                0x0000b89c       0x64 ./synergy/ssp/src/bsp/mcu/all/bsp_locking.o
                0x0000b89c                bsp_init_hardware_locks
 .text.R_BSP_RegisterProtectEnable
                0x0000b900       0x9c ./synergy/ssp/src/bsp/mcu/all/bsp_register_protection.o
                0x0000b900                R_BSP_RegisterProtectEnable
 .text.R_BSP_RegisterProtectDisable
                0x0000b99c       0x88 ./synergy/ssp/src/bsp/mcu/all/bsp_register_protection.o
                0x0000b99c                R_BSP_RegisterProtectDisable
 .text.bsp_register_protect_open
                0x0000ba24       0x30 ./synergy/ssp/src/bsp/mcu/all/bsp_register_protection.o
                0x0000ba24                bsp_register_protect_open
 .text.Reset_Handler
                0x0000ba54       0x10 ./synergy/ssp/src/bsp/cmsis/Device/RENESAS/S7G2/Source/startup_S7G2.o
                0x0000ba54                Reset_Handler
 .text.Default_Handler
                0x0000ba64       0x10 ./synergy/ssp/src/bsp/cmsis/Device/RENESAS/S7G2/Source/startup_S7G2.o
                0x0000ba64                HardFault_Handler
                0x0000ba64                UsageFault_Handler
                0x0000ba64                Default_Handler
                0x0000ba64                MemManage_Handler
                0x0000ba64                SVC_Handler
                0x0000ba64                BusFault_Handler
                0x0000ba64                DebugMon_Handler
 .text.HW_IOPORT_Init_Reference_Counter
                0x0000ba74       0x18 ./synergy/ssp/src/bsp/cmsis/Device/RENESAS/S7G2/Source/system_S7G2.o
 .text.SystemCoreClockUpdate
                0x0000ba8c       0x14 ./synergy/ssp/src/bsp/cmsis/Device/RENESAS/S7G2/Source/system_S7G2.o
                0x0000ba8c                SystemCoreClockUpdate
 .text.SystemInit
                0x0000baa0       0xdc ./synergy/ssp/src/bsp/cmsis/Device/RENESAS/S7G2/Source/system_S7G2.o
                0x0000baa0                SystemInit
 .text.bsp_section_zero
                0x0000bb7c       0x2c ./synergy/ssp/src/bsp/cmsis/Device/RENESAS/S7G2/Source/system_S7G2.o
 .text.bsp_section_copy
                0x0000bba8       0x40 ./synergy/ssp/src/bsp/cmsis/Device/RENESAS/S7G2/Source/system_S7G2.o
 .text.R_BSP_WarmStart
                0x0000bbe8       0x14 ./synergy/ssp/src/bsp/cmsis/Device/RENESAS/S7G2/Source/system_S7G2.o
                0x0000bbe8                R_BSP_WarmStart
 .text.bsp_init
                0x0000bbfc       0x14 ./synergy/board/s7g2_sk/bsp_init.o
                0x0000bbfc                bsp_init
 .text.bsp_qspi_device_reset
                0x0000bc10       0x48 ./synergy/board/s7g2_sk/bsp_qspi.o
 .text.bsp_qspi_xip_mode
                0x0000bc58       0xc8 ./synergy/board/s7g2_sk/bsp_qspi.o
 .text.bsp_qspi_init
                0x0000bd20      0x1f4 ./synergy/board/s7g2_sk/bsp_qspi.o
                0x0000bd20                bsp_qspi_init
 .text.bsp_qspi_xip_enter
                0x0000bf14       0x20 ./synergy/board/s7g2_sk/bsp_qspi.o
                0x0000bf14                bsp_qspi_xip_enter
 .text.g_common_init
                0x0000bf34        0xc ./src/synergy_gen/common_data.o
                0x0000bf34                g_common_init
 .text.g_hal_init
                0x0000bf40        0xc ./src/synergy_gen/hal_data.o
                0x0000bf40                g_hal_init
 .text.tx_application_define_internal
                0x0000bf4c       0x14 ./src/synergy_gen/main.o
                0x0000bf4c                tx_application_define_user
                0x0000bf4c                tx_application_define_internal
 .text.tx_application_define
                0x0000bf60       0x48 ./src/synergy_gen/main.o
                0x0000bf60                tx_application_define
 .text.main     0x0000bfa8       0x10 ./src/synergy_gen/main.o
                0x0000bfa8                main
 .text.motion_thread_create
                0x0000bfb8       0x54 ./src/synergy_gen/motion_thread.o
                0x0000bfb8                motion_thread_create
 .text.motion_thread_func
                0x0000c00c       0xc0 ./src/synergy_gen/motion_thread.o
 .text.pwm_ctrl_thread_create
                0x0000c0cc       0x64 ./src/synergy_gen/pwm_ctrl_thread.o
                0x0000c0cc                pwm_ctrl_thread_create
 .text.pwm_ctrl_thread_func
                0x0000c130       0x7c ./src/synergy_gen/pwm_ctrl_thread.o
 .text.g_sf_uart_err_callback_internal
                0x0000c1ac       0x18 ./src/synergy_gen/uart_thread.o
                0x0000c1ac                g_sf_uart_err_callback_internal
                0x0000c1ac                g_sf_uart_err_callback
 .text.sf_comms_init0
                0x0000c1c4       0x40 ./src/synergy_gen/uart_thread.o
                0x0000c1c4                sf_comms_init0
 .text.uart_thread_create
                0x0000c204       0x54 ./src/synergy_gen/uart_thread.o
                0x0000c204                uart_thread_create
 .text.uart_thread_func
                0x0000c258       0x80 ./src/synergy_gen/uart_thread.o
 .text.m_state  0x0000c2d8       0x34 ./src/mc/changed_mc/m_commands.o
                0x0000c2d8                m_state
 .text.m_pos_error
                0x0000c30c       0x34 ./src/mc/changed_mc/m_commands.o
                0x0000c30c                m_pos_error
 .text.m_adc1   0x0000c340       0x3c ./src/mc/changed_mc/m_commands.o
                0x0000c340                m_adc1
 .text.m_adc2   0x0000c37c       0x3c ./src/mc/changed_mc/m_commands.o
                0x0000c37c                m_adc2
 .text.m_total_current
                0x0000c3b8       0x74 ./src/mc/changed_mc/m_commands.o
                0x0000c3b8                m_total_current
 .text.m_crnt_vel
                0x0000c42c       0x24 ./src/mc/changed_mc/m_commands.o
                0x0000c42c                m_crnt_vel
 .text.m_vel    0x0000c450       0x38 ./src/mc/changed_mc/m_commands.o
                0x0000c450                m_vel
 .text.m_acc    0x0000c488       0x38 ./src/mc/changed_mc/m_commands.o
                0x0000c488                m_acc
 .text.m_dec    0x0000c4c0       0x38 ./src/mc/changed_mc/m_commands.o
                0x0000c4c0                m_dec
 .text.m_ajerk  0x0000c4f8       0x38 ./src/mc/changed_mc/m_commands.o
                0x0000c4f8                m_ajerk
 .text.m_djerk  0x0000c530       0x38 ./src/mc/changed_mc/m_commands.o
                0x0000c530                m_djerk
 .text.m_profile
                0x0000c568       0x3c ./src/mc/changed_mc/m_commands.o
                0x0000c568                m_profile
 .text.m_kp     0x0000c5a4       0x40 ./src/mc/changed_mc/m_commands.o
                0x0000c5a4                m_kp
 .text.m_ki     0x0000c5e4       0x40 ./src/mc/changed_mc/m_commands.o
                0x0000c5e4                m_ki
 .text.m_kd     0x0000c624       0x40 ./src/mc/changed_mc/m_commands.o
                0x0000c624                m_kd
 .text.m_il     0x0000c664       0x40 ./src/mc/changed_mc/m_commands.o
                0x0000c664                m_il
 .text.m_vff    0x0000c6a4       0x40 ./src/mc/changed_mc/m_commands.o
                0x0000c6a4                m_vff
 .text.m_aff    0x0000c6e4       0x40 ./src/mc/changed_mc/m_commands.o
                0x0000c6e4                m_aff
 .text.m_ds     0x0000c724       0x68 ./src/mc/changed_mc/m_commands.o
                0x0000c724                m_ds
 .text.m_bias   0x0000c78c       0x40 ./src/mc/changed_mc/m_commands.o
                0x0000c78c                m_bias
 .text.m_mlimit
                0x0000c7cc       0x40 ./src/mc/changed_mc/m_commands.o
                0x0000c7cc                m_mlimit
 .text.m_max_error
                0x0000c80c       0x40 ./src/mc/changed_mc/m_commands.o
                0x0000c80c                m_max_error
 .text.m_err_time
                0x0000c84c       0x40 ./src/mc/changed_mc/m_commands.o
                0x0000c84c                m_err_time
 .text.m_astop  0x0000c88c       0x3c ./src/mc/changed_mc/m_commands.o
                0x0000c88c                m_astop
 .text.m_phasing_mode
                0x0000c8c8       0x40 ./src/mc/changed_mc/m_commands.o
                0x0000c8c8                m_phasing_mode
 .text.m_phasing_time
                0x0000c908       0x38 ./src/mc/changed_mc/m_commands.o
                0x0000c908                m_phasing_time
 .text.m_phasing_power
                0x0000c940       0x40 ./src/mc/changed_mc/m_commands.o
                0x0000c940                m_phasing_power
 .text.m_phase_config
                0x0000c980       0x44 ./src/mc/changed_mc/m_commands.o
                0x0000c980                m_phase_config
 .text.m_phase_origin
                0x0000c9c4       0x40 ./src/mc/changed_mc/m_commands.o
                0x0000c9c4                m_phase_origin
 .text.m_phase_offset
                0x0000ca04       0x40 ./src/mc/changed_mc/m_commands.o
                0x0000ca04                m_phase_offset
 .text.m_phase_angle
                0x0000ca44       0x40 ./src/mc/changed_mc/m_commands.o
                0x0000ca44                m_phase_angle
 .text.m_phase_adv_gain
                0x0000ca84       0x40 ./src/mc/changed_mc/m_commands.o
                0x0000ca84                m_phase_adv_gain
 .text.m_phase_vel_comp
                0x0000cac4       0x40 ./src/mc/changed_mc/m_commands.o
                0x0000cac4                m_phase_vel_comp
 .text.m_phase_sector
                0x0000cb04       0x44 ./src/mc/changed_mc/m_commands.o
                0x0000cb04                m_phase_sector
 .text.m_motor_type
                0x0000cb48       0x44 ./src/mc/changed_mc/m_commands.o
                0x0000cb48                m_motor_type
 .text.m_commutation_mode
                0x0000cb8c       0x54 ./src/mc/changed_mc/m_commands.o
                0x0000cb8c                m_commutation_mode
 .text.m_freq   0x0000cbe0       0x44 ./src/mc/changed_mc/m_commands.o
                0x0000cbe0                m_freq
 .text.m_pole_pairs
                0x0000cc24       0x44 ./src/mc/changed_mc/m_commands.o
                0x0000cc24                m_pole_pairs
 .text.m_ec_per_ecycle
                0x0000cc68       0x40 ./src/mc/changed_mc/m_commands.o
                0x0000cc68                m_ec_per_ecycle
 .text.m_tc_limit
                0x0000cca8       0x44 ./src/mc/changed_mc/m_commands.o
                0x0000cca8                m_tc_limit
 .text.m_tc_limit_time
                0x0000ccec       0x44 ./src/mc/changed_mc/m_commands.o
                0x0000ccec                m_tc_limit_time
 .text.m_pc_limit
                0x0000cd30       0x28 ./src/mc/changed_mc/m_commands.o
                0x0000cd30                m_pc_limit
 .text.m_pc_limit_time
                0x0000cd58       0x28 ./src/mc/changed_mc/m_commands.o
                0x0000cd58                m_pc_limit_time
 .text.m_foc_id
                0x0000cd80       0x44 ./src/mc/changed_mc/m_commands.o
                0x0000cd80                m_foc_id
 .text.m_foc_iq
                0x0000cdc4       0x44 ./src/mc/changed_mc/m_commands.o
                0x0000cdc4                m_foc_iq
 .text.m_foc_iq_err
                0x0000ce08       0x44 ./src/mc/changed_mc/m_commands.o
                0x0000ce08                m_foc_iq_err
 .text.m_foc_id_err
                0x0000ce4c       0x44 ./src/mc/changed_mc/m_commands.o
                0x0000ce4c                m_foc_id_err
 .text.m_foc_kp
                0x0000ce90       0x44 ./src/mc/changed_mc/m_commands.o
                0x0000ce90                m_foc_kp
 .text.m_foc_ki
                0x0000ced4       0x44 ./src/mc/changed_mc/m_commands.o
                0x0000ced4                m_foc_ki
 .text.m_foc_qgain
                0x0000cf18       0x40 ./src/mc/changed_mc/m_commands.o
                0x0000cf18                m_foc_qgain
 .text.m_outputIQ
                0x0000cf58       0x48 ./src/mc/changed_mc/m_commands.o
                0x0000cf58                m_outputIQ
 .text.m_outputID
                0x0000cfa0       0x48 ./src/mc/changed_mc/m_commands.o
                0x0000cfa0                m_outputID
 .text.m_phase_voltage_U
                0x0000cfe8       0x68 ./src/mc/changed_mc/m_commands.o
                0x0000cfe8                m_phase_voltage_U
 .text.m_phase_voltage_V
                0x0000d050       0x68 ./src/mc/changed_mc/m_commands.o
                0x0000d050                m_phase_voltage_V
 .text.m_phase_voltage_W
                0x0000d0b8       0x68 ./src/mc/changed_mc/m_commands.o
                0x0000d0b8                m_phase_voltage_W
 .text.m_encoderType
                0x0000d120       0x30 ./src/mc/changed_mc/m_commands.o
                0x0000d120                m_encoderType
 .text.m_pos_capture_mode
                0x0000d150       0x1c ./src/mc/changed_mc/m_commands.o
                0x0000d150                m_pos_capture_mode
 .text.m_pos_hallchange
                0x0000d16c       0x30 ./src/mc/changed_mc/m_commands.o
                0x0000d16c                m_pos_hallchange
 .text.m_halls_invert
                0x0000d19c       0xdc ./src/mc/changed_mc/m_commands.o